D/BatteryService(  176): update start
D/EnergySaver(16730): energy saver is disabled
I/EnergySaver(16730): Energy Saver Off - Do Nothing!
D/BatteryService(  176): update start
D/BatteryService(  176): update start
D/BatteryService(  176): update start
D/BatteryService(  176): update start
D/BatteryService(  176): update start
D/BatteryService(  176): update start
D/BatteryService(  176): update start
D/BatteryService(  176): update start
D/BatteryService(  176): update start
D/BatteryService(  176): update start
D/BatteryService(  176): update start
D/BatteryService(  176): update start
D/BatteryService(  176): update start
D/BatteryService(  176): update start
D/BatteryService(  176): update start
D/BatteryService(  176): update start
D/BatteryService(  176): update start
D/BatteryService(  176): update start
D/BatteryService(  176): update start
D/BatteryService(  176): update start
D/BatteryService(  176): update start
D/BatteryService(  176): update start
D/BatteryService(  176): update start
D/BatteryService(  176): update start
D/BatteryService(  176): update start
D/BatteryService(  176): update start
D/BatteryService(  176): update start
D/BatteryService(  176): update start
D/BatteryService(  176): update start
D/BatteryService(  176): update start
D/BatteryService(  176): update start
D/BatteryService(  176): update start
D/BatteryService(  176): update start
D/BatteryService(  176): update start
D/BatteryService(  176): update start
D/BatteryService(  176): update start
D/BatteryService(  176): update start
D/BatteryService(  176): update start
D/BatteryService(  176): update start
D/BatteryService(  176): update start
D/BatteryService(  176): update start
D/BatteryService(  176): update start
D/BatteryService(  176): update start
D/BatteryService(  176): update start
D/BatteryService(  176): update start
D/BatteryService(  176): update start
D/BatteryService(  176): update start
D/BatteryService(  176): update start
D/BatteryService(  176): update start
D/BatteryService(  176): update start
D/BatteryService(  176): update start
D/BatteryService(  176): update start
D/BatteryService(  176): update start
D/BatteryService(  176): update start
D/BatteryService(  176): update start
D/BatteryService(  176): update start
D/BatteryService(  176): update start
D/BatteryService(  176): update start
D/BatteryService(  176): update start
D/BatteryService(  176): update start
D/BatteryService(  176): update start
D/BatteryService(  176): update start
D/BatteryService(  176): update start
D/BatteryService(  176): update start
D/BatteryService(  176): update start
D/BatteryService(  176): update start
D/BatteryService(  176): update start
D/BatteryService(  176): update start
D/BatteryService(  176): update start
D/BatteryService(  176): update start
D/BatteryService(  176): update start
D/BatteryService(  176): update start
D/BatteryService(  176): update start
D/BatteryService(  176): update start
D/BatteryService(  176): update start
D/SntpClient(  176): request time failed: java.net.SocketTimeoutException: Try again
D/GpsLocationProvider(  176): requestTime failed
D/BatteryService(  176): update start
D/BatteryService(  176): update start
D/BatteryService(  176): update start
D/BatteryService(  176): update start
D/BatteryService(  176): update start
D/BatteryService(  176): update start
D/BatteryService(  176): update start
D/BatteryService(  176): update start
D/BatteryService(  176): update start
D/BatteryService(  176): update start
D/BatteryService(  176): update start
D/BatteryService(  176): update start
D/BatteryService(  176): update start
D/BatteryService(  176): update start
D/BatteryService(  176): update start
D/BatteryService(  176): update start
D/BatteryService(  176): update start
D/BatteryService(  176): update start
D/BatteryService(  176): update start
D/BatteryService(  176): update start
D/BatteryService(  176): update start
D/BatteryService(  176): update start
D/BatteryService(  176): updateBattery level:100 scale:100 status:2 health:2 present:true voltage: 4 temperature: 350 technology: Li-ion AC powered:false USB powered:true icon:17302198
D/KeyguardViewMediator(  176): Get ACTION_BATTERY_CHANGED
D/KeyguardViewMediator(  176): informBatteryStatus ~ battPlugged / battStatus / battHealth : true / 2 / 2
I/StatusBarPolicy(  225): BAT. S:2 H:2
D/BatteryService(  176): update start
D/BatteryService(  176): update start
D/BatteryService(  176): update start
D/BatteryService(  176): update start
D/BatteryService(  176): update start
D/BatteryService(  176): update start
D/BatteryService(  176): update start
D/BatteryService(  176): update start
D/BatteryService(  176): update start
D/BatteryService(  176): update start
D/BatteryService(  176): update start
D/BatteryService(  176): update start
D/BatteryService(  176): update start
D/BatteryService(  176): update start
D/BatteryService(  176): update start
D/BatteryService(  176): update start
D/BatteryService(  176): update start
D/BatteryService(  176): update start
D/BatteryService(  176): update start
D/BatteryService(  176): update start
D/BatteryService(  176): update start
D/BatteryService(  176): update start
D/BatteryService(  176): update start
D/BatteryService(  176): update start
D/BatteryService(  176): update start
D/BatteryService(  176): update start
D/BatteryService(  176): update start
D/BatteryService(  176): update start
D/BatteryService(  176): update start
D/BatteryService(  176): update start
D/BatteryService(  176): update start
D/BatteryService(  176): update start
D/BatteryService(  176): update start
D/BatteryService(  176): update start
D/BatteryService(  176): update start
D/BatteryService(  176): update start
D/BatteryService(  176): update start
D/BatteryService(  176): update start
D/BatteryService(  176): update start
D/BatteryService(  176): update start
D/BatteryService(  176): update start
D/BatteryService(  176): update start
D/BatteryService(  176): update start
D/BatteryService(  176): update start
D/BatteryService(  176): update start
D/BatteryService(  176): update start
D/BatteryService(  176): update start
D/BatteryService(  176): update start
D/BatteryService(  176): update start
D/BatteryService(  176): update start
D/BatteryService(  176): update start
D/BatteryService(  176): update start
D/BatteryService(  176): update start
D/BatteryService(  176): update start
D/BatteryService(  176): update start
D/BatteryService(  176): update start
I/LOG_TAG (  249): [PNN] [getAllEonsNames] OPL_MCCMNC[0]=[null]
I/LOG_TAG (  249): [PNN] [getAllEonsNames] OPL_LAC1[0]=[0]
I/LOG_TAG (  249): [PNN] [getAllEonsNames] OPL_LAC2[0]=[0]
I/LOG_TAG (  249): [PNN] [getAllEonsNames] OPL_INDEX[0]=[0]
I/LOG_TAG (  249): [PNN] [getAllEonsNames] OPL_MCCMNC[1]=[null]
I/LOG_TAG (  249): [PNN] [getAllEonsNames] OPL_LAC1[1]=[0]
I/LOG_TAG (  249): [PNN] [getAllEonsNames] OPL_LAC2[1]=[0]
I/LOG_TAG (  249): [PNN] [getAllEonsNames] OPL_INDEX[1]=[0]
I/LOG_TAG (  249): [PNN] [getAllEonsNames] OPL_MCCMNC[2]=[null]
I/LOG_TAG (  249): [PNN] [getAllEonsNames] OPL_LAC1[2]=[0]
I/LOG_TAG (  249): [PNN] [getAllEonsNames] OPL_LAC2[2]=[0]
I/LOG_TAG (  249): [PNN] [getAllEonsNames] OPL_INDEX[2]=[0]
I/LOG_TAG (  249): [PNN] [getAllEonsNames] OPL_MCCMNC[3]=[null]
I/LOG_TAG (  249): [PNN] [getAllEonsNames] OPL_LAC1[3]=[0]
I/LOG_TAG (  249): [PNN] [getAllEonsNames] OPL_LAC2[3]=[0]
I/LOG_TAG (  249): [PNN] [getAllEonsNames] OPL_INDEX[3]=[0]
I/LOG_TAG (  249): [PNN] [getAllEonsNames] OPL_MCCMNC[4]=[null]
I/LOG_TAG (  249): [PNN] [getAllEonsNames] OPL_LAC1[4]=[0]
I/LOG_TAG (  249): [PNN] [getAllEonsNames] OPL_LAC2[4]=[0]
I/LOG_TAG (  249): [PNN] [getAllEonsNames] OPL_INDEX[4]=[0]
I/DBG_WSS_DM(16618): [wssTelephonyData.java Line:153] getInstance PHONE_TYPE_GSM
I/LOG_TAG (  249): [PNN] [getAllEonsNames] OPL_MCCMNC[0]=[null]
I/LOG_TAG (  249): [PNN] [getAllEonsNames] OPL_LAC1[0]=[0]
I/LOG_TAG (  249): [PNN] [getAllEonsNames] OPL_LAC2[0]=[0]
I/LOG_TAG (  249): [PNN] [getAllEonsNames] OPL_INDEX[0]=[0]
I/LOG_TAG (  249): [PNN] [getAllEonsNames] OPL_MCCMNC[1]=[null]
I/LOG_TAG (  249): [PNN] [getAllEonsNames] OPL_LAC1[1]=[0]
I/LOG_TAG (  249): [PNN] [getAllEonsNames] OPL_LAC2[1]=[0]
I/LOG_TAG (  249): [PNN] [getAllEonsNames] OPL_INDEX[1]=[0]
I/LOG_TAG (  249): [PNN] [getAllEonsNames] OPL_MCCMNC[2]=[null]
I/LOG_TAG (  249): [PNN] [getAllEonsNames] OPL_LAC1[2]=[0]
I/LOG_TAG (  249): [PNN] [getAllEonsNames] OPL_LAC2[2]=[0]
I/LOG_TAG (  249): [PNN] [getAllEonsNames] OPL_INDEX[2]=[0]
I/LOG_TAG (  249): [PNN] [getAllEonsNames] OPL_MCCMNC[3]=[null]
I/LOG_TAG (  249): [PNN] [getAllEonsNames] OPL_LAC1[3]=[0]
I/LOG_TAG (  249): [PNN] [getAllEonsNames] OPL_LAC2[3]=[0]
I/LOG_TAG (  249): [PNN] [getAllEonsNames] OPL_INDEX[3]=[0]
I/LOG_TAG (  249): [PNN] [getAllEonsNames] OPL_MCCMNC[4]=[null]
I/LOG_TAG (  249): [PNN] [getAllEonsNames] OPL_LAC1[4]=[0]
I/LOG_TAG (  249): [PNN] [getAllEonsNames] OPL_LAC2[4]=[0]
I/LOG_TAG (  249): [PNN] [getAllEonsNames] OPL_INDEX[4]=[0]
I/DBG_WSS_DM(16618): [wssTelephonyData.java Line:153] getInstance PHONE_TYPE_GSM
D/BatteryService(  176): update start
D/BatteryService(  176): update start
D/BatteryService(  176): update start
D/StdBroadcastReceiver(16470): onReceive begin
D/StdBroadcastReceiver(16470): Action: android.intent.action.TIME_SET
D/StdBroadcastReceiver(16470): onTimeChanged begin
I/LOG_TAG (  249): [PNN] [getAllEonsNames] OPL_MCCMNC[0]=[null]
I/LOG_TAG (  249): [PNN] [getAllEonsNames] OPL_LAC1[0]=[0]
I/LOG_TAG (  249): [PNN] [getAllEonsNames] OPL_LAC2[0]=[0]
I/LOG_TAG (  249): [PNN] [getAllEonsNames] OPL_INDEX[0]=[0]
I/LOG_TAG (  249): [PNN] [getAllEonsNames] OPL_MCCMNC[1]=[null]
I/LOG_TAG (  249): [PNN] [getAllEonsNames] OPL_LAC1[1]=[0]
I/LOG_TAG (  249): [PNN] [getAllEonsNames] OPL_LAC2[1]=[0]
I/LOG_TAG (  249): [PNN] [getAllEonsNames] OPL_INDEX[1]=[0]
I/LOG_TAG (  249): [PNN] [getAllEonsNames] OPL_MCCMNC[2]=[null]
I/LOG_TAG (  249): [PNN] [getAllEonsNames] OPL_LAC1[2]=[0]
I/LOG_TAG (  249): [PNN] [getAllEonsNames] OPL_LAC2[2]=[0]
I/LOG_TAG (  249): [PNN] [getAllEonsNames] OPL_INDEX[2]=[0]
I/LOG_TAG (  249): [PNN] [getAllEonsNames] OPL_MCCMNC[3]=[null]
I/LOG_TAG (  249): [PNN] [getAllEonsNames] OPL_LAC1[3]=[0]
I/LOG_TAG (  249): [PNN] [getAllEonsNames] OPL_LAC2[3]=[0]
I/LOG_TAG (  249): [PNN] [getAllEonsNames] OPL_INDEX[3]=[0]
I/LOG_TAG (  249): [PNN] [getAllEonsNames] OPL_MCCMNC[4]=[null]
I/LOG_TAG (  249): [PNN] [getAllEonsNames] OPL_LAC1[4]=[0]
I/LOG_TAG (  249): [PNN] [getAllEonsNames] OPL_LAC2[4]=[0]
I/LOG_TAG (  249): [PNN] [getAllEonsNames] OPL_INDEX[4]=[0]
I/TelephonyRegistry(  176): notifyDataConnection: state=0 activeState=0 isDataConnectivityPossible=false reason=null interfaceName=null networkType=2
D/StdBroadcastReceiver(16470): ServerTime: Reset
D/StdBroadcastReceiver(16470): onTimeChanged end
D/StdBroadcastReceiver(16470): onReceive end
D/NetworkInfoWidgetProvider(16455): NetworkInfoWidgetProvider:onReceive()
D/NetworkInfoWidgetProvider(16455): NetworkInfoWidgetProvider:updateNetworkInfo()
I/DBG_WSS_DM(16618): [wssTelephonyData.java Line:153] getInstance PHONE_TYPE_GSM
I/DBG_WSS_DM(16618): [wssTelephonyData.java Line:153] getInstance PHONE_TYPE_GSM
D/BatteryService(  176): update start
D/BatteryService(  176): update start
D/BatteryService(  176): update start
D/BatteryService(  176): update start
D/BatteryService(  176): update start
D/BatteryService(  176): update start
D/BatteryService(  176): update start
D/BatteryService(  176): update start
D/BatteryService(  176): update start
D/BatteryService(  176): update start
D/BatteryService(  176): update start
D/BatteryService(  176): update start
D/SntpClient(  176): request time failed: java.net.SocketTimeoutException: Try again
D/GpsLocationProvider(  176): requestTime failed
D/BatteryService(  176): update start
D/BatteryService(  176): update start
D/BatteryService(  176): update start
D/BatteryService(  176): update start
D/BatteryService(  176): update start
D/BatteryService(  176): update start
D/BatteryService(  176): update start
D/BatteryService(  176): update start
D/BatteryService(  176): update start
D/BatteryService(  176): update start
D/BatteryService(  176): update start
D/BatteryService(  176): update start
D/BatteryService(  176): update start
D/BatteryService(  176): update start
D/BatteryService(  176): update start
D/BatteryService(  176): update start
D/BatteryService(  176): update start
D/BatteryService(  176): update start
D/BatteryService(  176): update start
D/BatteryService(  176): update start
D/BatteryService(  176): update start
D/BatteryService(  176): update start
D/BatteryService(  176): update start
D/BatteryService(  176): update start
D/BatteryService(  176): update start
D/BatteryService(  176): update start
D/BatteryService(  176): update start
D/BatteryService(  176): update start
D/BatteryService(  176): update start
D/BatteryService(  176): update start
D/BatteryService(  176): update start
D/BatteryService(  176): update start
D/BatteryService(  176): update start
D/BatteryService(  176): update start
D/BatteryService(  176): update start
D/BatteryService(  176): update start
D/BatteryService(  176): update start
D/BatteryService(  176): update start
D/BatteryService(  176): update start
D/BatteryService(  176): update start
D/BatteryService(  176): update start
D/BatteryService(  176): update start
D/BatteryService(  176): update start
D/BatteryService(  176): update start
D/BatteryService(  176): update start
D/BatteryService(  176): update start
D/BatteryService(  176): update start
D/BatteryService(  176): update start
D/BatteryService(  176): update start
D/BatteryService(  176): update start
D/BatteryService(  176): update start
D/BatteryService(  176): update start
D/BatteryService(  176): update start
D/BatteryService(  176): update start
D/BatteryService(  176): update start
D/BatteryService(  176): update start
D/BatteryService(  176): update start
D/BatteryService(  176): update start
D/BatteryService(  176): update start
D/BatteryService(  176): update start
D/BatteryService(  176): update start
D/BatteryService(  176): update start
D/BatteryService(  176): update start
D/BatteryService(  176): update start
D/BatteryService(  176): update start
D/BatteryService(  176): update start
D/BatteryService(  176): update start
D/BatteryService(  176): update start
D/BatteryService(  176): update start
D/BatteryService(  176): update start
D/BatteryService(  176): update start
D/BatteryService(  176): update start
D/BatteryService(  176): update start
D/BatteryService(  176): update start
D/BatteryService(  176): update start
D/BatteryService(  176): update start
D/BatteryService(  176): update start
D/BatteryService(  176): update start
D/BatteryService(  176): update start
D/BatteryService(  176): update start
D/BatteryService(  176): update start
I/GoogleHttpClient(16536): Falling back to old http client 0 java.lang.NoSuchMethodException: egs(Context,String,boolean)
D/BatteryService(  176): update start
D/BatteryService(  176): update start
D/BatteryService(  176): update start
D/BatteryService(  176): update start
D/BatteryService(  176): update start
D/BatteryService(  176): update start
D/BatteryService(  176): update start
D/BatteryService(  176): update start
D/BatteryService(  176): update start
D/BatteryService(  176): update start
D/BatteryService(  176): update start
D/BatteryService(  176): update start
D/SntpClient(  176): request time failed: java.net.SocketTimeoutException: Try again
D/GpsLocationProvider(  176): requestTime failed
D/BatteryService(  176): update start
D/BatteryService(  176): update start
D/BatteryService(  176): update start
D/BatteryService(  176): update start
D/BatteryService(  176): update start
D/BatteryService(  176): update start
D/BatteryService(  176): update start
D/BatteryService(  176): update start
D/BatteryService(  176): update start
D/BatteryService(  176): update start
D/BatteryService(  176): update start
D/BatteryService(  176): update start
I/EventLogService( 9830): Aggregate from 1398032058117 (log), 1398032058117 (data)
D/BatteryService(  176): update start
D/BatteryService(  176): update start
D/BatteryService(  176): update start
D/BatteryService(  176): update start
D/BatteryService(  176): update start
D/BatteryService(  176): update start
D/BatteryService(  176): update start
D/BatteryService(  176): update start
D/BatteryService(  176): update start
D/BatteryService(  176): update start
D/BatteryService(  176): update start
D/BatteryService(  176): update start
D/BatteryService(  176): update start
D/BatteryService(  176): update start
D/BatteryService(  176): update start
D/BatteryService(  176): update start
D/BatteryService(  176): update start
D/BatteryService(  176): update start
D/BatteryService(  176): update start
D/BatteryService(  176): update start
D/BatteryService(  176): update start
D/BatteryService(  176): update start
D/BatteryService(  176): update start
D/BatteryService(  176): update start
D/BatteryService(  176): update start
D/BatteryService(  176): update start
D/BatteryService(  176): update start
D/BatteryService(  176): update start
D/BatteryService(  176): update start
D/BatteryService(  176): update start
E/dalvikvm(  176): No free temp registers
E/dalvikvm(  176): Jit: aborting trace compilation, reverting to interpreter
D/CircleMissedEventWidget(  176): received MISSED_EVENT intent !! 
E/RingtoneManager(16368): getActualDefaultRingtoneUri : 
E/RingtoneManager(16368): Uri.parse(uriString) : 
I/NotificationService(  176): [NotificationManagerService] Vibration Alert
I/MediaPlayer(16368): It is a Not a DRM RingTone: return NULl
I/MediaPlayer(16368): path is null
E/RingtoneManager(  176): getActualDefaultRingtoneUri : 
E/RingtoneManager(  176): Uri.parse(uriString) : 
D/BatteryService(  176): update start
D/BatteryService(  176): update start
D/BatteryService(  176): update start
D/BatteryService(  176): update start
D/BatteryService(  176): update start
D/BatteryService(  176): update start
D/BatteryService(  176): update start
D/BatteryService(  176): update start
D/BatteryService(  176): update start
D/BatteryService(  176): update start
D/BatteryService(  176): update start
D/BatteryService(  176): update start
D/CircleMissedEventWidget(  176): received MISSED_EVENT intent !! 
D/BatteryService(  176): update start
D/BatteryService(  176): update start
D/BatteryService(  176): update start
D/BatteryService(  176): update start
D/BatteryService(  176): update start
D/BatteryService(  176): update start
D/BatteryService(  176): update start
D/BatteryService(  176): update start
D/BatteryService(  176): update start
D/BatteryService(  176): update start
D/BatteryService(  176): update start
D/BatteryService(  176): update start
D/BatteryService(  176): update start
D/BatteryService(  176): update start
D/BatteryService(  176): update start
D/BatteryService(  176): update start
D/BatteryService(  176): update start
D/BatteryService(  176): update start
D/BatteryService(  176): update start
D/BatteryService(  176): update start
D/BatteryService(  176): update start
D/BatteryService(  176): update start
D/BatteryService(  176): update start
D/BatteryService(  176): update start
D/BatteryService(  176): update start
D/BatteryService(  176): update start
D/BatteryService(  176): update start
D/BatteryService(  176): update start
D/BatteryService(  176): update start
D/BatteryService(  176): update start
D/BatteryService(  176): update start
D/BatteryService(  176): update start
D/BatteryService(  176): update start
D/BatteryService(  176): update start
D/BatteryService(  176): update start
D/BatteryService(  176): update start
D/BatteryService(  176): update start
D/BatteryService(  176): update start
D/BatteryService(  176): update start
D/SntpClient(  176): request time failed: java.net.SocketTimeoutException: Try again
D/GpsLocationProvider(  176): requestTime failed
D/BatteryService(  176): update start
D/BatteryService(  176): update start
D/BatteryService(  176): update start
D/BatteryService(  176): update start
D/BatteryService(  176): update start
D/BatteryService(  176): update start
D/BatteryService(  176): update start
D/BatteryService(  176): update start
D/BatteryService(  176): update start
D/BatteryService(  176): update start
D/BatteryService(  176): update start
D/BatteryService(  176): update start
D/BatteryService(  176): update start
D/BatteryService(  176): update start
D/BatteryService(  176): update start
D/BatteryService(  176): update start
D/BatteryService(  176): update start
D/BatteryService(  176): update start
D/BatteryService(  176): update start
D/BatteryService(  176): update start
D/BatteryService(  176): update start
D/BatteryService(  176): update start
D/BatteryService(  176): update start
D/BatteryService(  176): update start
D/BatteryService(  176): update start
D/BatteryService(  176): update start
D/BatteryService(  176): update start
D/BatteryService(  176): update start
D/BatteryService(  176): update start
D/BatteryService(  176): update start
D/BatteryService(  176): update start
D/BatteryService(  176): update start
D/BatteryService(  176): update start
D/BatteryService(  176): update start
D/BatteryService(  176): update start
D/BatteryService(  176): update start
D/BatteryService(  176): update start
D/BatteryService(  176): update start
D/BatteryService(  176): update start
V/WifiStateTracker(  176): Changing supplicant state: COMPLETED ==> COMPLETED
D/BatteryService(  176): update start
D/BatteryService(  176): update start
D/BatteryService(  176): update start
D/BatteryService(  176): update start
D/BatteryService(  176): update start
D/BatteryService(  176): update start
D/BatteryService(  176): update start
D/BatteryService(  176): update start
D/BatteryService(  176): update start
D/BatteryService(  176): update start
D/BatteryService(  176): update start
D/BatteryService(  176): update start
D/BatteryService(  176): update start
D/BatteryService(  176): update start
D/BatteryService(  176): update start
D/BatteryService(  176): update start
D/BatteryService(  176): update start
D/BatteryService(  176): update start
D/BatteryService(  176): update start
D/BatteryService(  176): update start
D/BatteryService(  176): update start
D/BatteryService(  176): update start
D/BatteryService(  176): update start
D/BatteryService(  176): update start
D/BatteryService(  176): update start
D/BatteryService(  176): update start
D/BatteryService(  176): update start
D/BatteryService(  176): update start
D/BatteryService(  176): update start
D/BatteryService(  176): update start
D/BatteryService(  176): update start
D/BatteryService(  176): update start
D/BatteryService(  176): update start
D/BatteryService(  176): update start
D/BatteryService(  176): update start
D/BatteryService(  176): update start
D/GpsLocationProvider(  176): GPS status listener died
D/BatteryService(  176): update start
D/BatteryService(  176): update start
D/BatteryService(  176): update start
I/MultiDex(16763): load(/data/app/com.google.android.gms-1.apk, forceReload=false)
I/MultiDex(16763): Need extracted file /data/data/com.google.android.gms/files/secondary-dexes/com.google.android.gms-1.apk.classes2.zip
I/MultiDex(16763): No extraction needed for /data/data/com.google.android.gms/files/secondary-dexes/com.google.android.gms-1.apk.classes2.zip of size 1626380
D/GCM     ( 9830): GcmService start Intent { act=com.google.android.gms.INITIALIZE pkg=com.google.android.gms cmp=com.google.android.gms/.gcm.GcmService } com.google.android.gms.INITIALIZE
I/GCoreUlr(16763): DispatchingService.onCreate()
W/dalvikvm(16763): VFY: unable to resolve virtual method 918: Landroid/location/Location;.getElapsedRealtimeNanos ()J
W/dalvikvm(16763): VFY: unable to resolve static method 1209: Landroid/os/SystemClock;.elapsedRealtimeNanos ()J
W/dalvikvm(16763): VFY: unable to resolve virtual method 918: Landroid/location/Location;.getElapsedRealtimeNanos ()J
W/dalvikvm(16763): VFY: unable to resolve virtual method 2306: Landroid/location/Location;.setElapsedRealtimeNanos (J)V
D/SensorManager(16763): ====>>>>>Num Sensor: 1
D/SensorManager(16763): ====>>>>>Num Sensor: 2
D/SensorManager(16763): ====>>>>>Num Sensor: 3
D/SensorManager(16763): ====>>>>>Num Sensor: 4
D/SensorManager(16763): ====>>>>>Num Sensor: 5
D/SensorManager(16763): ====>>>>>Num Sensor: 6
D/SensorManager(16763): ====>>>>>Num Sensor: 0
W/dalvikvm(16763): Unable to resolve superclass of Lhlg; (241)
W/dalvikvm(16763): Link of class 'Lhlg;' failed
W/dalvikvm(16763): VFY: unable to resolve virtual method 877: Landroid/hardware/SensorManager;.cancelTriggerSensor (Landroid/hardware/TriggerEventListener;Landroid/hardware/Sensor;)Z
W/dalvikvm(16763): Unable to resolve superclass of Lhlg; (241)
W/dalvikvm(16763): Link of class 'Lhlg;' failed
E/dalvikvm(16763): Could not find class 'hlg', referenced from method hlf.a
W/dalvikvm(16763): VFY: unable to resolve new-instance 3935 (Lhlg;) in Lhlf;
W/dalvikvm(16763): VFY: unable to resolve virtual method 394: Landroid/app/AlarmManager;.setExact (IJLandroid/app/PendingIntent;)V
W/dalvikvm(16763): VFY: unable to resolve virtual method 2582: Landroid/os/Bundle;.getString (Ljava/lang/String;Ljava/lang/String;)Ljava/lang/String;
W/dalvikvm(16763): VFY: unable to resolve static field 953 (THREAD_POOL_EXECUTOR) in Landroid/os/AsyncTask;
E/dalvikvm(16763): Could not find class 'android.app.AppOpsManager', referenced from method box.a
W/dalvikvm(16763): VFY: unable to resolve check-cast 341 (Landroid/app/AppOpsManager;) in Lbox;
W/dalvikvm(16763): Unable to resolve superclass of Lhzj; (1738)
W/dalvikvm(16763): Link of class 'Lhzj;' failed
W/dalvikvm(16763): VFY: unable to find class referenced in signature (Lhzj;)
D/GeofencerStateMachine(16763): Creating GeofencerStateMachine
W/dalvikvm(16763): Unable to resolve superclass of Lhzj; (1738)
W/dalvikvm(16763): Link of class 'Lhzj;' failed
W/dalvikvm(16763): VFY: unable to find class referenced in signature (Lhzj;)
W/dalvikvm(16763): Unable to resolve superclass of Lhzj; (1738)
W/dalvikvm(16763): Link of class 'Lhzj;' failed
W/dalvikvm(16763): VFY: unable to find class referenced in signature (Lhzj;)
W/dalvikvm(16763): Unable to resolve superclass of Lhzj; (1738)
W/dalvikvm(16763): Link of class 'Lhzj;' failed
W/dalvikvm(16763): VFY: unable to find class referenced in signature (Lhzj;)
W/dalvikvm(16763): Unable to resolve superclass of Lhzj; (1738)
W/dalvikvm(16763): Link of class 'Lhzj;' failed
W/dalvikvm(16763): VFY: unable to resolve static method 22005: Lhzj;.a ()Lhzj;
W/dalvikvm(16763): Unable to resolve superclass of Lhzj; (1738)
W/dalvikvm(16763): Link of class 'Lhzj;' failed
W/dalvikvm(16763): Unable to resolve superclass of Lhzj; (1738)
W/dalvikvm(16763): Link of class 'Lhzj;' failed
W/dalvikvm(16763): Unable to resolve superclass of Lhzj; (1738)
W/dalvikvm(16763): Link of class 'Lhzj;' failed
W/dalvikvm(16763): Unable to resolve superclass of Lhzj; (1738)
W/dalvikvm(16763): Link of class 'Lhzj;' failed
W/dalvikvm(16763): Unable to resolve superclass of Lhzj; (1738)
W/dalvikvm(16763): Link of class 'Lhzj;' failed
W/dalvikvm(16763): VFY: unable to resolve virtual method 22006: Lhzj;.b ()Lhyo;
E/dalvikvm(16763): Could not find class 'android.telephony.CellInfo', referenced from method ifb.onCellInfoChanged
W/dalvikvm(16763): VFY: unable to resolve check-cast 345 (Landroid/telephony/CellInfo;) in Lifb;
V/GeofencerHelper(16763): Initializing geofence's system cache.
V/PlaceSubscriptionManager(16763): Initializing PlaceSubscriptionManager's system cache.
I/GCoreUlr(16763): Received powerMode change from NLP: com.google.android.location.activity.LOW_POWER_MODE_DISABLED
I/GCoreUlr(16763): Starting service, intent=Intent { act=com.google.android.location.reporting.ACTION_UPDATE_ACTIVE_STATE cmp=com.google.android.gms/com.google.android.location.reporting.service.DispatchingService }, extras=null
I/GCoreUlr(16763): Starting service, intent=Intent { act=com.google.android.location.reporting.ACTION_UPDATE_WORLD cmp=com.google.android.gms/com.google.android.location.reporting.service.DispatchingService (has extras) }, extras=Bundle[{receiverAction=com.google.android.location.internal.server.ACTION_RESTARTED}]
D/GeofenceStateCache(16763): Recovered 0 geofences.
E/dalvikvm(16763): Could not find class 'android.os.UserHandle', referenced from method ill.c
W/dalvikvm(16763): VFY: unable to resolve const-class 305 (Landroid/os/UserHandle;) in Lill;
E/dalvikvm(16763): Could not find class 'android.os.UserManager', referenced from method bov.b
W/dalvikvm(16763): VFY: unable to resolve check-cast 558 (Landroid/os/UserManager;) in Lbov;
W/dalvikvm(16763): VFY: unable to resolve virtual method 1428: Landroid/accounts/AccountManager;.getAccountsByTypeForPackage (Ljava/lang/String;Ljava/lang/String;)[Landroid/accounts/Account;
E/dalvikvm(16763): Could not find class 'android.os.UserManager', referenced from method bov.c
W/dalvikvm(16763): VFY: unable to resolve check-cast 558 (Landroid/os/UserManager;) in Lbov;
E/dalvikvm(16763): Could not find class 'android.os.UserManager', referenced from method bov.d
W/dalvikvm(16763): VFY: unable to resolve check-cast 558 (Landroid/os/UserManager;) in Lbov;
I/GCoreUlr(16763): Ensuring that reporting is stopped because of reasons: {account#15#=[InactiveReason{mVersionCode=0, mIdentifier=6, mName='ReportingNotSelected'}], account#-5#=[InactiveReason{mVersionCode=0, mIdentifier=6, mName='ReportingNotSelected'}]}
D/GCoreFlp(16763): Unknown pending intent to remove.
I/GCoreUlr(16763): Unbound from all location providers
I/GCoreUlr(16763): WorldUpdater received intent Intent { act=com.google.android.location.reporting.ACTION_UPDATE_WORLD cmp=com.google.android.gms/com.google.android.location.reporting.service.DispatchingService (has extras) } with receiverAction com.google.android.location.internal.server.ACTION_RESTARTED
D/SyncManager(  176): setIsSyncable: already set to 1, doing nothing
D/SyncManager(  176): setSyncAutomatically: , provider com.google.android.location.reporting -> true
D/SyncManager(  176): setSyncAutomatically: already set to true, doing nothing
D/SyncManager(  176): setIsSyncable: already set to 1, doing nothing
D/SyncManager(  176): setSyncAutomatically: , provider com.google.android.location.reporting -> true
D/SyncManager(  176): setSyncAutomatically: already set to true, doing nothing
I/GCoreUlr(16763): Ensuring that reporting is stopped because of reasons: {account#15#=[InactiveReason{mVersionCode=0, mIdentifier=6, mName='ReportingNotSelected'}], account#-5#=[InactiveReason{mVersionCode=0, mIdentifier=6, mName='ReportingNotSelected'}]}
D/GCoreFlp(16763): Unknown pending intent to remove.
I/GCoreUlr(16763): Unbound from all location providers
D/BatteryService(  176): update start
D/BatteryService(  176): update start
D/BatteryService(  176): update start
D/BatteryService(  176): update start
D/BatteryService(  176): update start
D/BatteryService(  176): update start
D/BatteryService(  176): update start
D/BatteryService(  176): update start
D/BatteryService(  176): update start
D/BatteryService(  176): update start
D/BatteryService(  176): update start
D/BatteryService(  176): update start
D/BatteryService(  176): update start
D/BatteryService(  176): update start
D/BatteryService(  176): update start
D/SntpClient(  176): request time failed: java.net.SocketTimeoutException: Try again
D/GpsLocationProvider(  176): requestTime failed
D/BatteryService(  176): update start
D/BatteryService(  176): update start
D/BatteryService(  176): update start
D/BatteryService(  176): update start
D/BatteryService(  176): update start
D/BatteryService(  176): update start
D/BatteryService(  176): update start
D/BatteryService(  176): update start
D/BatteryService(  176): update start
D/BatteryService(  176): update start
D/BatteryService(  176): update start
D/BatteryService(  176): update start
D/BatteryService(  176): update start
D/BatteryService(  176): update start
D/BatteryService(  176): update start
D/BatteryService(  176): update start
D/BatteryService(  176): update start
D/BatteryService(  176): update start
D/BatteryService(  176): update start
D/BatteryService(  176): update start
D/BatteryService(  176): update start
D/BatteryService(  176): update start
D/BatteryService(  176): update start
D/BatteryService(  176): update start
D/BatteryService(  176): update start
D/BatteryService(  176): update start
D/BatteryService(  176): update start
D/BatteryService(  176): update start
D/BatteryService(  176): update start
D/BatteryService(  176): update start
D/BatteryService(  176): update start
D/BatteryService(  176): update start
D/BatteryService(  176): update start
D/BatteryService(  176): update start
D/BatteryService(  176): update start
D/BatteryService(  176): update start
I/DBG_WSS_DM(16785): [DMApplication.java Line:24] onCreate DMApplication startService !!!
I/DBG_WSS_DM(16785): [wssdmTask.java Line:152] smlTaskHandler SMLMSG_OS_INITIALIZED
I/DBG_WSS_DM(16785): [wssdmAgent.java Line:154] smldmAgentSetSyncMode nSync = 0
I/DBG_WSS_DM(16785): [wssdmdb.java Line:2969] smldbDMffs_Init smldbDMffs_Init
I/DBG_WSS_DM(16785): [wssTelephonyData.java Line:153] getInstance PHONE_TYPE_GSM
I/DBG_WSS_DM(16785): [wssTelephonyData.java Line:153] getInstance PHONE_TYPE_GSM
I/DBG_WSS_DM(16785): [DMService.java Line:1253] wssGetPendingUIEvent nPendingUIEvent = 0
I/DBG_WSS_TP(16785): [wssHttpAdapter.java Line:2204] getIsConnected connect status is false
I/DBG_WSS_DM(16785): [DMService.java Line:352] onCallStateChanged >>>>>>>>>>> CALL_STATE_IDLE
I/DBG_WSS_DM(16785): [DMService.java Line:1506] ProtoIsWIFIConnected WiFi Connected
I/DBG_WSS_DM(16785): [wssdmTask.java Line:164] smlTaskHandler SMLMSG_PHONEBOOK_INITIALIZED
I/DBG_WSS_DM(16785): [wssdmTask.java Line:182] smlTaskHandler SMLMSG_DM_SYNCML_INIT
I/DBG_WSS_DM(16785): [DMService.java Line:1506] ProtoIsWIFIConnected WiFi Connected
D/BatteryService(  176): update start
D/BatteryService(  176): update start
D/BatteryService(  176): update start
I/DBG_WSS_DM(16785): [wssLawmoDb.java Line:646] wsLawmoDbGetSimChangeAlert SIM Change Alert = false
I/DBG_WSS_DM(16785): [wssdminitadapter.java Line:407] _smldmInitAdpEXTInit Previous state is false
I/DBG_WSS_DM(16785): [wssLawmoDb.java Line:613] wsLawmoDbGetLawmoRegistration Registration: false
I/DBG_WSS_DM(16785): [wssLawmoAdapter.java Line:44] isMobileTrackerEnabled AMT Status = false
I/DBG_WSS_DM(16785): [wssdminitadapter.java Line:415] _smldmInitAdpEXTInit Device registration wasn't registered or MobileTracker is off
I/DBG_WSS_DM(16785): [wssdminitadapter.java Line:438] _smldmInitAdpEXTInit nStatus [0]
I/DBG_WSS_DM(16785): [wssdmUITask.java Line:480] smldmUIEvent SML_DM_EVENT_UI_IDLE_STATE :true
I/DBG_WSS_DM(16785): [wssdmTask.java Line:206] smlTaskHandler SMLMSG_DM_SYNCML_INIT : Initialized
I/DBG_WSS_DM(16785): [DMService.java Line:1506] ProtoIsWIFIConnected WiFi Connected
I/DBG_WSS_DM(16785): [wssdminitadapter.java Line:243] _smldmInitAdpCheckNetworkReady NETWORK SERVICE is READY!!![0]
I/DBG_WSS_DM(16785): [wssdmpushAdapter.java Line:303] __smldmPushAdpExcuteResumeNoti nSessionSaveState:0, nNotiUiEvent:0, nNotiRetryCount0
I/DBG_WSS_DM(16785): [wssdmpushAdapter.java Line:339] __smldmPushAdpExcuteResumeNoti Current NOTI NOT SAVED State. EXIT. EXIT.
E/EmailProvider(16794): In the Constructor of DatabaseHelper DATABASE_VERSION -- 100
D/EAS SyncManager(16794): !!! EAS SyncManager, onCreate
E/Email   (16794): setActivePoliciesAtSystemProperties()
D/PoliciesMultiplexer(16794): getAllPolicies
D/PoliciesMultiplexer(16794): computeAggregatePolicy: grouping policies by name. policies.length: 0
D/PoliciesMultiplexer(16794): computeAggregatePolicy: applying strongest policies. strongestPolicies.size: 0
E/Email   (16794): setActivePoliciesAtSystemProperties() : no policy exists case : dpm.setAllowCamera : true
E/DevicePolicyManagerService(  176): setAllowCamera() : admin is null. set systemproperties.dpm.allowcamera : true
D/EAS SyncManager(16794): !!! EAS SyncManager, onStartCommand
D/EAS SyncManager(16794): !!! EAS SyncManager, stopping self
D/Eas Debug(16794): Logging: 
D/EAS SyncManager(16794): !!! EAS SyncManager, onDestroy
D/EAS SyncManager(16794): !!! EAS SyncManager  -----------  Quit onAccountChanged() : null INSTANCE 
D/EAS SyncManager(16794): !!! EAS SyncManager  -----------  Quit thread : null INSTANCE(2)
D/BatteryService(  176): update start
D/BatteryService(  176): update start
D/BatteryService(  176): update start
D/BatteryService(  176): update start
D/BatteryService(  176): update start
D/BatteryService(  176): update start
D/BatteryService(  176): update start
D/BatteryService(  176): update start
D/BatteryService(  176): update start
D/BatteryService(  176): update start
D/BatteryService(  176): update start
D/BatteryService(  176): update start
D/BatteryService(  176): update start
D/BatteryService(  176): update start
D/BatteryService(  176): update start
D/BatteryService(  176): update start
D/BatteryService(  176): update start
D/BatteryService(  176): update start
D/BatteryService(  176): update start
D/BatteryService(  176): update start
D/BatteryService(  176): update start
D/BatteryService(  176): update start
D/BatteryService(  176): update start
D/BatteryService(  176): update start
D/BatteryService(  176): update start
D/BatteryService(  176): update start
D/BatteryService(  176): update start
D/BatteryService(  176): update start
D/BatteryService(  176): update start
D/BatteryService(  176): update start
E/PowerManagerService(  176): CurLock p:3 mPS:1
D/BatteryService(  176): update start
D/BatteryService(  176): update start
D/BatteryService(  176): update start
D/BatteryService(  176): update start
D/BatteryService(  176): update start
D/BatteryService(  176): update start
D/BatteryService(  176): update start
D/BatteryService(  176): update start
D/BatteryService(  176): update start
D/BatteryService(  176): update start
D/BatteryService(  176): update start
D/BatteryService(  176): update start
D/BatteryService(  176): update start
D/BatteryService(  176): update start
D/BatteryService(  176): update start
D/BatteryService(  176): update start
D/BatteryService(  176): update start
D/BatteryService(  176): update start
D/BatteryService(  176): update start
D/BatteryService(  176): update start
D/BatteryService(  176): update start
D/BatteryService(  176): update start
D/BatteryService(  176): update start
D/BatteryService(  176): update start
D/SntpClient(  176): request time failed: java.net.SocketTimeoutException: Try again
D/GpsLocationProvider(  176): requestTime failed
D/BatteryService(  176): update start
D/BatteryService(  176): update start
D/BatteryService(  176): update start
D/BatteryService(  176): update start
D/BatteryService(  176): update start
D/BatteryService(  176): update start
D/BatteryService(  176): update start
D/BatteryService(  176): update start
D/BatteryService(  176): update start
D/BatteryService(  176): update start
D/BatteryService(  176): update start
D/BatteryService(  176): update start
D/BatteryService(  176): update start
D/BatteryService(  176): update start
D/BatteryService(  176): update start
D/BatteryService(  176): update start
D/BatteryService(  176): update start
D/BatteryService(  176): update start
D/BatteryService(  176): update start
D/BatteryService(  176): update start
D/BatteryService(  176): update start
D/BatteryService(  176): update start
D/BatteryService(  176): update start
D/BatteryService(  176): update start
D/BatteryService(  176): update start
D/BatteryService(  176): update start
D/BatteryService(  176): update start
D/BatteryService(  176): update start
D/BatteryService(  176): update start
D/BatteryService(  176): update start
D/CircleMissedEventWidget(  176): received MISSED_EVENT intent !! 
I/NotificationService(  176): [NotificationManagerService] Vibration Alert
E/RingtoneManager(16368): getActualDefaultRingtoneUri : 
E/RingtoneManager(16368): Uri.parse(uriString) : 
I/MediaPlayer(16368): It is a Not a DRM RingTone: return NULl
I/MediaPlayer(16368): path is null
E/RingtoneManager(  176): getActualDefaultRingtoneUri : 
E/RingtoneManager(  176): Uri.parse(uriString) : 
D/BatteryService(  176): update start
D/BatteryService(  176): update start
D/BatteryService(  176): update start
D/BatteryService(  176): update start
D/BatteryService(  176): update start
D/BatteryService(  176): update start
D/BatteryService(  176): update start
D/BatteryService(  176): update start
D/BatteryService(  176): update start
D/BatteryService(  176): update start
D/BatteryService(  176): update start
D/BatteryService(  176): update start
D/BatteryService(  176): update start
D/BatteryService(  176): update start
D/BatteryService(  176): update start
I/Gmail   (16609): calculateUnknownSyncRationalesAndPurgeInBackground: queueing
I/Gmail   (16609): calculateUnknownSyncRationalesAndPurgeInBackground: running
I/Gmail   (16609): MainSyncRequestProto: lowestBkwdConvoId: 0, highestHandledServerOp: 3645021, normalSync: true
D/BatteryService(  176): update start
D/BatteryService(  176): update start
D/BatteryService(  176): update start
I/Gmail   (16609): MainSyncRequestProto: lowestBkwdConvoId: 0, highestHandledServerOp: 3645091, normalSync: true
I/Gmail   (16609): MainSyncRequestProto: lowestBkwdConvoId: 0, highestHandledServerOp: 3645138, normalSync: true
I/Gmail   (16609): Sending notification intent: Intent { act=android.intent.action.PROVIDER_CHANGED dat=content://gmail-ls/unread/^i (has extras) }
D/CircleMissedEventWidget(  176): received MISSED_EVENT intent !! 
D/BatteryService(  176): update start
D/BatteryService(  176): update start
D/BatteryService(  176): update start
D/BatteryService(  176): update start
D/BatteryService(  176): update start
D/BatteryService(  176): update start
D/BatteryService(  176): update start
D/BatteryService(  176): update start
D/BatteryService(  176): update start
D/BatteryService(  176): update start
D/BatteryService(  176): update start
D/BatteryService(  176): update start
D/BatteryService(  176): update start
D/BatteryService(  176): update start
D/BatteryService(  176): update start
D/BatteryService(  176): update start
D/BatteryService(  176): update start
D/BatteryService(  176): update start
D/BatteryService(  176): update start
D/BatteryService(  176): update start
D/BatteryService(  176): update start
D/BatteryService(  176): update start
D/BatteryService(  176): update start
D/BatteryService(  176): update start
D/BatteryService(  176): update start
D/BatteryService(  176): update start
D/BatteryService(  176): update start
I/LOG_TAG (  249): [PNN] [getAllEonsNames] OPL_MCCMNC[0]=[null]
I/LOG_TAG (  249): [PNN] [getAllEonsNames] OPL_LAC1[0]=[0]
I/LOG_TAG (  249): [PNN] [getAllEonsNames] OPL_LAC2[0]=[0]
I/LOG_TAG (  249): [PNN] [getAllEonsNames] OPL_INDEX[0]=[0]
I/LOG_TAG (  249): [PNN] [getAllEonsNames] OPL_MCCMNC[1]=[null]
I/LOG_TAG (  249): [PNN] [getAllEonsNames] OPL_LAC1[1]=[0]
I/LOG_TAG (  249): [PNN] [getAllEonsNames] OPL_LAC2[1]=[0]
I/LOG_TAG (  249): [PNN] [getAllEonsNames] OPL_INDEX[1]=[0]
I/LOG_TAG (  249): [PNN] [getAllEonsNames] OPL_MCCMNC[2]=[null]
I/LOG_TAG (  249): [PNN] [getAllEonsNames] OPL_LAC1[2]=[0]
I/LOG_TAG (  249): [PNN] [getAllEonsNames] OPL_LAC2[2]=[0]
I/LOG_TAG (  249): [PNN] [getAllEonsNames] OPL_INDEX[2]=[0]
I/LOG_TAG (  249): [PNN] [getAllEonsNames] OPL_MCCMNC[3]=[null]
I/LOG_TAG (  249): [PNN] [getAllEonsNames] OPL_LAC1[3]=[0]
I/LOG_TAG (  249): [PNN] [getAllEonsNames] OPL_LAC2[3]=[0]
I/LOG_TAG (  249): [PNN] [getAllEonsNames] OPL_INDEX[3]=[0]
I/LOG_TAG (  249): [PNN] [getAllEonsNames] OPL_MCCMNC[4]=[null]
I/LOG_TAG (  249): [PNN] [getAllEonsNames] OPL_LAC1[4]=[0]
I/LOG_TAG (  249): [PNN] [getAllEonsNames] OPL_LAC2[4]=[0]
I/LOG_TAG (  249): [PNN] [getAllEonsNames] OPL_INDEX[4]=[0]
I/DBG_WSS_DM(16785): [wssTelephonyData.java Line:153] getInstance PHONE_TYPE_GSM
D/StdBroadcastReceiver(16470): onReceive begin
D/StdBroadcastReceiver(16470): Action: android.intent.action.TIME_SET
D/StdBroadcastReceiver(16470): onTimeChanged begin
I/LOG_TAG (  249): [PNN] [getAllEonsNames] OPL_MCCMNC[0]=[null]
I/LOG_TAG (  249): [PNN] [getAllEonsNames] OPL_LAC1[0]=[0]
I/LOG_TAG (  249): [PNN] [getAllEonsNames] OPL_LAC2[0]=[0]
I/LOG_TAG (  249): [PNN] [getAllEonsNames] OPL_INDEX[0]=[0]
I/LOG_TAG (  249): [PNN] [getAllEonsNames] OPL_MCCMNC[1]=[null]
I/LOG_TAG (  249): [PNN] [getAllEonsNames] OPL_LAC1[1]=[0]
I/LOG_TAG (  249): [PNN] [getAllEonsNames] OPL_LAC2[1]=[0]
I/LOG_TAG (  249): [PNN] [getAllEonsNames] OPL_INDEX[1]=[0]
I/LOG_TAG (  249): [PNN] [getAllEonsNames] OPL_MCCMNC[2]=[null]
I/LOG_TAG (  249): [PNN] [getAllEonsNames] OPL_LAC1[2]=[0]
I/LOG_TAG (  249): [PNN] [getAllEonsNames] OPL_LAC2[2]=[0]
I/LOG_TAG (  249): [PNN] [getAllEonsNames] OPL_INDEX[2]=[0]
I/LOG_TAG (  249): [PNN] [getAllEonsNames] OPL_MCCMNC[3]=[null]
I/LOG_TAG (  249): [PNN] [getAllEonsNames] OPL_LAC1[3]=[0]
I/LOG_TAG (  249): [PNN] [getAllEonsNames] OPL_LAC2[3]=[0]
I/LOG_TAG (  249): [PNN] [getAllEonsNames] OPL_INDEX[3]=[0]
I/LOG_TAG (  249): [PNN] [getAllEonsNames] OPL_MCCMNC[4]=[null]
I/LOG_TAG (  249): [PNN] [getAllEonsNames] OPL_LAC1[4]=[0]
I/LOG_TAG (  249): [PNN] [getAllEonsNames] OPL_LAC2[4]=[0]
I/LOG_TAG (  249): [PNN] [getAllEonsNames] OPL_INDEX[4]=[0]
I/TelephonyRegistry(  176): notifyDataConnection: state=0 activeState=0 isDataConnectivityPossible=false reason=null interfaceName=null networkType=3
D/StdBroadcastReceiver(16470): ServerTime: Reset
D/StdBroadcastReceiver(16470): onTimeChanged end
D/StdBroadcastReceiver(16470): onReceive end
D/NetworkInfoWidgetProvider(16455): NetworkInfoWidgetProvider:onReceive()
D/NetworkInfoWidgetProvider(16455): NetworkInfoWidgetProvider:updateNetworkInfo()
I/DBG_WSS_DM(16785): [wssTelephonyData.java Line:153] getInstance PHONE_TYPE_GSM
I/DBG_WSS_DM(16785): [wssTelephonyData.java Line:153] getInstance PHONE_TYPE_GSM
I/LOG_TAG (  249): [PNN] [getAllEonsNames] OPL_MCCMNC[0]=[null]
I/LOG_TAG (  249): [PNN] [getAllEonsNames] OPL_LAC1[0]=[0]
I/LOG_TAG (  249): [PNN] [getAllEonsNames] OPL_LAC2[0]=[0]
I/LOG_TAG (  249): [PNN] [getAllEonsNames] OPL_INDEX[0]=[0]
I/LOG_TAG (  249): [PNN] [getAllEonsNames] OPL_MCCMNC[1]=[null]
I/LOG_TAG (  249): [PNN] [getAllEonsNames] OPL_LAC1[1]=[0]
I/LOG_TAG (  249): [PNN] [getAllEonsNames] OPL_LAC2[1]=[0]
I/LOG_TAG (  249): [PNN] [getAllEonsNames] OPL_INDEX[1]=[0]
I/LOG_TAG (  249): [PNN] [getAllEonsNames] OPL_MCCMNC[2]=[null]
I/LOG_TAG (  249): [PNN] [getAllEonsNames] OPL_LAC1[2]=[0]
I/LOG_TAG (  249): [PNN] [getAllEonsNames] OPL_LAC2[2]=[0]
I/LOG_TAG (  249): [PNN] [getAllEonsNames] OPL_INDEX[2]=[0]
I/LOG_TAG (  249): [PNN] [getAllEonsNames] OPL_MCCMNC[3]=[null]
I/LOG_TAG (  249): [PNN] [getAllEonsNames] OPL_LAC1[3]=[0]
I/LOG_TAG (  249): [PNN] [getAllEonsNames] OPL_LAC2[3]=[0]
I/LOG_TAG (  249): [PNN] [getAllEonsNames] OPL_INDEX[3]=[0]
I/LOG_TAG (  249): [PNN] [getAllEonsNames] OPL_MCCMNC[4]=[null]
I/LOG_TAG (  249): [PNN] [getAllEonsNames] OPL_LAC1[4]=[0]
I/LOG_TAG (  249): [PNN] [getAllEonsNames] OPL_LAC2[4]=[0]
I/LOG_TAG (  249): [PNN] [getAllEonsNames] OPL_INDEX[4]=[0]
I/DBG_WSS_DM(16785): [wssTelephonyData.java Line:153] getInstance PHONE_TYPE_GSM
D/BatteryService(  176): update start
D/BatteryService(  176): update start
D/BatteryService(  176): update start
D/BatteryService(  176): update start
D/BatteryService(  176): update start
D/BatteryService(  176): update start
D/BatteryService(  176): update start
D/BatteryService(  176): update start
D/BatteryService(  176): update start
D/BatteryService(  176): update start
D/BatteryService(  176): update start
D/BatteryService(  176): update start
D/BatteryService(  176): update start
D/BatteryService(  176): update start
D/BatteryService(  176): update start
D/BatteryService(  176): update start
D/BatteryService(  176): update start
D/BatteryService(  176): update start
D/SntpClient(  176): request time failed: java.net.SocketTimeoutException: Try again
D/GpsLocationProvider(  176): requestTime failed
D/BatteryService(  176): update start
I/LOG_TAG (  249): [PNN] [getAllEonsNames] OPL_MCCMNC[0]=[null]
I/LOG_TAG (  249): [PNN] [getAllEonsNames] OPL_LAC1[0]=[0]
I/LOG_TAG (  249): [PNN] [getAllEonsNames] OPL_LAC2[0]=[0]
I/LOG_TAG (  249): [PNN] [getAllEonsNames] OPL_INDEX[0]=[0]
I/LOG_TAG (  249): [PNN] [getAllEonsNames] OPL_MCCMNC[1]=[null]
I/LOG_TAG (  249): [PNN] [getAllEonsNames] OPL_LAC1[1]=[0]
I/LOG_TAG (  249): [PNN] [getAllEonsNames] OPL_LAC2[1]=[0]
I/LOG_TAG (  249): [PNN] [getAllEonsNames] OPL_INDEX[1]=[0]
I/LOG_TAG (  249): [PNN] [getAllEonsNames] OPL_MCCMNC[2]=[null]
I/LOG_TAG (  249): [PNN] [getAllEonsNames] OPL_LAC1[2]=[0]
I/LOG_TAG (  249): [PNN] [getAllEonsNames] OPL_LAC2[2]=[0]
I/LOG_TAG (  249): [PNN] [getAllEonsNames] OPL_INDEX[2]=[0]
I/LOG_TAG (  249): [PNN] [getAllEonsNames] OPL_MCCMNC[3]=[null]
I/LOG_TAG (  249): [PNN] [getAllEonsNames] OPL_LAC1[3]=[0]
I/LOG_TAG (  249): [PNN] [getAllEonsNames] OPL_LAC2[3]=[0]
