I/LOG_TAG (  249): [PNN] [getAllEonsNames] OPL_INDEX[3]=[0]
I/LOG_TAG (  249): [PNN] [getAllEonsNames] OPL_MCCMNC[4]=[null]
I/LOG_TAG (  249): [PNN] [getAllEonsNames] OPL_LAC1[4]=[0]
I/LOG_TAG (  249): [PNN] [getAllEonsNames] OPL_LAC2[4]=[0]
I/LOG_TAG (  249): [PNN] [getAllEonsNames] OPL_INDEX[4]=[0]
D/BatteryService(  176): update start
D/BatteryService(  176): update start
I/DBG_WSS_DM(16785): [wssTelephonyData.java Line:153] getInstance PHONE_TYPE_GSM
D/BatteryService(  176): update start
D/BatteryService(  176): update start
D/BatteryService(  176): update start
D/BatteryService(  176): update start
D/BatteryService(  176): update start
D/BatteryService(  176): update start
D/BatteryService(  176): update start
D/BatteryService(  176): update start
D/BatteryService(  176): update start
D/BatteryService(  176): update start
D/BatteryService(  176): update start
D/BatteryService(  176): update start
D/BatteryService(  176): update start
D/BatteryService(  176): update start
D/BatteryService(  176): update start
D/BatteryService(  176): update start
D/BatteryService(  176): update start
D/BatteryService(  176): update start
D/BatteryService(  176): update start
D/BatteryService(  176): update start
D/BatteryService(  176): update start
D/BatteryService(  176): update start
D/BatteryService(  176): update start
D/BatteryService(  176): update start
D/BatteryService(  176): update start
D/BatteryService(  176): update start
D/BatteryService(  176): update start
D/BatteryService(  176): update start
D/BatteryService(  176): update start
D/BatteryService(  176): update start
D/BatteryService(  176): update start
D/BatteryService(  176): update start
D/BatteryService(  176): update start
D/BatteryService(  176): update start
D/BatteryService(  176): update start
D/BatteryService(  176): update start
V/BackupManagerService(  176): Backup requested but nothing pending
D/BatteryService(  176): update start
D/BatteryService(  176): update start
D/BatteryService(  176): update start
D/BatteryService(  176): update start
D/BatteryService(  176): update start
D/BatteryService(  176): update start
D/BatteryService(  176): update start
D/BatteryService(  176): update start
D/BatteryService(  176): update start
D/BatteryService(  176): update start
D/BatteryService(  176): update start
D/BatteryService(  176): update start
D/BatteryService(  176): update start
D/BatteryService(  176): update start
D/BatteryService(  176): update start
D/BatteryService(  176): update start
D/BatteryService(  176): update start
D/BatteryService(  176): update start
D/BatteryService(  176): update start
D/BatteryService(  176): update start
D/BatteryService(  176): update start
D/BatteryService(  176): update start
D/BatteryService(  176): update start
D/BatteryService(  176): update start
D/BatteryService(  176): update start
D/BatteryService(  176): update start
D/BatteryService(  176): update start
D/BatteryService(  176): update start
D/BatteryService(  176): update start
D/BatteryService(  176): update start
D/BatteryService(  176): update start
D/BatteryService(  176): update start
D/BatteryService(  176): update start
D/BatteryService(  176): update start
D/BatteryService(  176): update start
D/BatteryService(  176): update start
D/BatteryService(  176): update start
D/BatteryService(  176): update start
D/BatteryService(  176): update start
D/BatteryService(  176): update start
D/BatteryService(  176): update start
D/BatteryService(  176): update start
D/BatteryService(  176): update start
D/BatteryService(  176): update start
D/BatteryService(  176): update start
D/BatteryService(  176): update start
D/BatteryService(  176): update start
D/BatteryService(  176): update start
D/BatteryService(  176): update start
D/BatteryService(  176): update start
D/BatteryService(  176): update start
D/BatteryService(  176): update start
D/BatteryService(  176): update start
D/BatteryService(  176): update start
D/SntpClient(  176): request time failed: java.net.SocketTimeoutException: Try again
D/GpsLocationProvider(  176): requestTime failed
D/BatteryService(  176): update start
D/BatteryService(  176): update start
D/BatteryService(  176): update start
D/BatteryService(  176): update start
D/BatteryService(  176): update start
D/BatteryService(  176): update start
D/BatteryService(  176): update start
D/BatteryService(  176): update start
D/BatteryService(  176): update start
D/BatteryService(  176): update start
D/BatteryService(  176): update start
D/BatteryService(  176): update start
D/BatteryService(  176): update start
D/BatteryService(  176): update start
D/BatteryService(  176): update start
D/BatteryService(  176): update start
D/BatteryService(  176): update start
D/BatteryService(  176): update start
D/BatteryService(  176): update start
D/BatteryService(  176): update start
D/BatteryService(  176): update start
D/BatteryService(  176): update start
D/BatteryService(  176): update start
D/BatteryService(  176): update start
D/BatteryService(  176): update start
D/BatteryService(  176): update start
D/BatteryService(  176): update start
D/BatteryService(  176): update start
D/BatteryService(  176): update start
D/BatteryService(  176): update start
D/BatteryService(  176): update start
D/BatteryService(  176): update start
D/BatteryService(  176): update start
D/BatteryService(  176): update start
D/BatteryService(  176): update start
D/BatteryService(  176): update start
D/BatteryService(  176): update start
D/BatteryService(  176): update start
D/BatteryService(  176): update start
D/BatteryService(  176): update start
D/BatteryService(  176): update start
D/BatteryService(  176): update start
D/BatteryService(  176): update start
D/BatteryService(  176): update start
D/BatteryService(  176): update start
D/BatteryService(  176): update start
D/BatteryService(  176): update start
D/BatteryService(  176): update start
D/BatteryService(  176): update start
D/BatteryService(  176): update start
D/BatteryService(  176): update start
D/BatteryService(  176): update start
D/BatteryService(  176): update start
D/BatteryService(  176): update start
D/BatteryService(  176): update start
D/BatteryService(  176): update start
D/BatteryService(  176): update start
D/BatteryService(  176): update start
D/BatteryService(  176): update start
D/BatteryService(  176): update start
D/BatteryService(  176): update start
D/BatteryService(  176): update start
D/BatteryService(  176): update start
D/BatteryService(  176): update start
D/BatteryService(  176): update start
D/BatteryService(  176): update start
D/BatteryService(  176): update start
D/BatteryService(  176): update start
D/BatteryService(  176): update start
D/BatteryService(  176): update start
D/BatteryService(  176): update start
D/BatteryService(  176): update start
D/BatteryService(  176): update start
D/BatteryService(  176): update start
D/BatteryService(  176): update start
D/BatteryService(  176): update start
D/BatteryService(  176): update start
D/BatteryService(  176): update start
D/BatteryService(  176): update start
D/BatteryService(  176): update start
D/BatteryService(  176): update start
D/BatteryService(  176): update start
D/BatteryService(  176): update start
D/BatteryService(  176): update start
D/BatteryService(  176): update start
D/BatteryService(  176): update start
D/BatteryService(  176): update start
I/EventLogService( 9830): Aggregate from 1398033858455 (log), 1398033858455 (data)
D/BatteryService(  176): update start
D/BatteryService(  176): update start
D/BatteryService(  176): update start
D/SntpClient(  176): request time failed: java.net.SocketTimeoutException: Try again
D/GpsLocationProvider(  176): requestTime failed
D/BatteryService(  176): update start
D/BatteryService(  176): update start
D/BatteryService(  176): update start
D/BatteryService(  176): update start
D/BatteryService(  176): update start
D/BatteryService(  176): update start
D/BatteryService(  176): update start
D/BatteryService(  176): update start
D/BatteryService(  176): update start
D/BatteryService(  176): update start
D/BatteryService(  176): update start
D/BatteryService(  176): update start
D/BatteryService(  176): update start
D/BatteryService(  176): update start
D/BatteryService(  176): update start
D/BatteryService(  176): update start
D/BatteryService(  176): update start
D/BatteryService(  176): update start
I/SNS     (16829): SnsService : onCreate() Called !!!
I/SNS_HTTPMGR(16829): SnsHttpMgr : initAndStart() : [android.net.Proxy.getHost] : NO PROXY ADDRESS
I/SNS     (16829): initSessionAndAccount() : ICCID Checked : AccountInfo[0] set session INVALID.
I/SNS     (16829): initSessionAndAccount() : ICCID Checked : AccountInfo[1] set session INVALID.
I/SNS     (16829): initSessionAndAccount() : ICCID Checked : AccountInfo[2] set session INVALID.
I/SNS     (16829): initSessionAndAccount() : ICCID Checked : AccountInfo[3] set session INVALID.
I/SNS     (16829): initSessionAndAccount() : ICCID Checked : AccountInfo[4] set session INVALID.
I/SNS     (16829): initSessionAndAccount() : ICCID Checked : AccountInfo[5] set session INVALID.
I/SNS     (16829): initSessionAndAccount() : ICCID Checked : AccountInfo[6] set session INVALID.
I/SNS     (16829): initSessionAndAccount() : ICCID Checked : AccountInfo[7] set session INVALID.
I/SNS     (16829): initSessionAndAccount() : ICCID Checked : AccountInfo[8] set session INVALID.
I/SNS     (16829): initSessionAndAccount() : ICCID Checked : AccountInfo[9] set session INVALID.
I/SNS     (16829): initSessionAndAccount() : ICCID Checked : AccountInfo[10] set session INVALID.
I/SNS     (16829): initSessionAndAccount() : ICCID Checked : AccountInfo[11] set session INVALID.
I/SNS     (16829): initSessionAndAccount() : ICCID Checked : AccountInfo[12] set session INVALID.
I/SNS     (16829): initSessionAndAccount() : ICCID Checked : AccountInfo[13] set session INVALID.
I/SNS     (16829): initSessionAndAccount() : ICCID Checked : AccountInfo[14] set session INVALID.
D/SNS     (16829): ##### validateAllAccounts : SpType = facebook, bHasAccount = false, bSessionValidity = false, systemAccountLength = 0 #####
D/SNS     (16829): ##### validateAllAccounts : SpType = myspace, bHasAccount = false, bSessionValidity = false, systemAccountLength = 0 #####
D/SNS     (16829): ##### validateAllAccounts : SpType = twitter, bHasAccount = false, bSessionValidity = false, systemAccountLength = 0 #####
D/SNS     (16829): ##### validateAllAccounts : SpType = bebo, bHasAccount = false, bSessionValidity = false, systemAccountLength = 0 #####
D/SNS     (16829): ##### validateAllAccounts : SpType = friendster, bHasAccount = false, bSessionValidity = false, systemAccountLength = 0 #####
D/SNS     (16829): ##### validateAllAccounts : SpType = skyrock, bHasAccount = false, bSessionValidity = false, systemAccountLength = 0 #####
D/SNS     (16829): ##### validateAllAccounts : SpType = kaixin, bHasAccount = false, bSessionValidity = false, systemAccountLength = 0 #####
D/SNS     (16829): ##### validateAllAccounts : SpType = renren, bHasAccount = false, bSessionValidity = false, systemAccountLength = 0 #####
D/SNS     (16829): ##### validateAllAccounts : SpType = linkedin, bHasAccount = false, bSessionValidity = false, systemAccountLength = 0 #####
D/SNS     (16829): ##### validateAllAccounts : SpType = vz, bHasAccount = false, bSessionValidity = false, systemAccountLength = 0 #####
D/SNS     (16829): ##### validateAllAccounts : SpType = plurk, bHasAccount = false, bSessionValidity = false, systemAccountLength = 0 #####
D/SNS     (16829): ##### validateAllAccounts : SpType = lastfm, bHasAccount = false, bSessionValidity = false, systemAccountLength = 0 #####
D/SNS     (16829): ##### validateAllAccounts : SpType = orkut, bHasAccount = false, bSessionValidity = false, systemAccountLength = 0 #####
D/SNS     (16829): ##### validateAllAccounts : SpType = mixi, bHasAccount = false, bSessionValidity = false, systemAccountLength = 0 #####
D/SNS     (16829): ##### validateAllAccounts : SpType = me2day, bHasAccount = false, bSessionValidity = false, systemAccountLength = 0 #####
I/SNS     (16829): SnsService : onStartCommand() Called !!!
D/BatteryService(  176): update start
D/BatteryService(  176): update start
D/BatteryService(  176): update start
D/BatteryService(  176): update start
D/BatteryService(  176): update start
D/BatteryService(  176): update start
D/BatteryService(  176): update start
D/BatteryService(  176): update start
D/BatteryService(  176): update start
D/BatteryService(  176): update start
D/BatteryService(  176): update start
D/BatteryService(  176): update start
D/BatteryService(  176): update start
D/BatteryService(  176): update start
D/BatteryService(  176): update start
D/BatteryService(  176): update start
D/BatteryService(  176): update start
D/BatteryService(  176): update start
V/WifiStateTracker(  176): Changing supplicant state: COMPLETED ==> ASSOCIATED
I/WifiStateTracker(  176): Ignore events that don't change the connectivity state, such as WPA rekeying operations.
V/WifiStateTracker(  176): Changing supplicant state: COMPLETED ==> COMPLETED
V/WifiStateTracker(  176): New network state is CONNECTED
D/NetworkStateTracker(  176): setDetailed state, old =CONNECTED and new state=CONNECTED
D/NetworkStateTracker(  176): setDetailed state, old =CONNECTED and new state=CONNECTED
D/BatteryService(  176): update start
D/BatteryService(  176): update start
D/BatteryService(  176): update start
D/BatteryService(  176): update start
D/BatteryService(  176): update start
D/BatteryService(  176): update start
D/BatteryService(  176): update start
D/BatteryService(  176): update start
D/BatteryService(  176): update start
D/BatteryService(  176): update start
D/BatteryService(  176): update start
D/BatteryService(  176): update start
D/BatteryService(  176): update start
D/BatteryService(  176): update start
D/BatteryService(  176): update start
D/BatteryService(  176): update start
D/BatteryService(  176): update start
D/BatteryService(  176): update start
D/BatteryService(  176): update start
D/BatteryService(  176): update start
D/BatteryService(  176): update start
D/BatteryService(  176): update start
D/BatteryService(  176): update start
D/BatteryService(  176): update start
D/BatteryService(  176): update start
D/BatteryService(  176): update start
D/BatteryService(  176): update start
D/BatteryService(  176): update start
D/BatteryService(  176): update start
D/BatteryService(  176): update start
D/BatteryService(  176): update start
D/BatteryService(  176): update start
D/BatteryService(  176): update start
D/BatteryService(  176): update start
D/BatteryService(  176): update start
D/BatteryService(  176): update start
D/BatteryService(  176): update start
D/BatteryService(  176): update start
D/BatteryService(  176): update start
D/BatteryService(  176): update start
D/BatteryService(  176): update start
D/BatteryService(  176): update start
D/BatteryService(  176): update start
D/BatteryService(  176): update start
D/BatteryService(  176): update start
D/BatteryService(  176): update start
D/BatteryService(  176): update start
D/BatteryService(  176): update start
D/BatteryService(  176): update start
D/BatteryService(  176): update start
D/BatteryService(  176): update start
D/BatteryService(  176): update start
D/BatteryService(  176): update start
D/BatteryService(  176): update start
D/BatteryService(  176): update start
D/BatteryService(  176): update start
D/BatteryService(  176): update start
D/SntpClient(  176): request time failed: java.net.SocketTimeoutException: Try again
D/GpsLocationProvider(  176): requestTime failed
D/BatteryService(  176): update start
D/BatteryService(  176): update start
D/BatteryService(  176): update start
D/BatteryService(  176): update start
D/BatteryService(  176): update start
D/BatteryService(  176): update start
D/BatteryService(  176): update start
D/BatteryService(  176): update start
D/BatteryService(  176): update start
D/BatteryService(  176): update start
D/BatteryService(  176): update start
D/BatteryService(  176): update start
D/BatteryService(  176): update start
D/BatteryService(  176): update start
D/BatteryService(  176): update start
D/BatteryService(  176): update start
D/BatteryService(  176): update start
D/BatteryService(  176): update start
D/BatteryService(  176): update start
D/BatteryService(  176): update start
D/BatteryService(  176): update start
D/BatteryService(  176): update start
D/BatteryService(  176): update start
D/BatteryService(  176): update start
V/WifiStateTracker(  176): Changing supplicant state: COMPLETED ==> COMPLETED
D/BatteryService(  176): update start
D/BatteryService(  176): update start
D/BatteryService(  176): update start
D/BatteryService(  176): update start
D/BatteryService(  176): update start
D/BatteryService(  176): update start
D/BatteryService(  176): update start
D/BatteryService(  176): update start
D/BatteryService(  176): update start
D/BatteryService(  176): update start
D/BatteryService(  176): update start
D/BatteryService(  176): update start
D/BatteryService(  176): update start
D/BatteryService(  176): update start
D/BatteryService(  176): update start
D/BatteryService(  176): update start
D/BatteryService(  176): update start
D/BatteryService(  176): update start
D/BatteryService(  176): update start
D/BatteryService(  176): update start
D/BatteryService(  176): update start
D/BatteryService(  176): update start
D/BatteryService(  176): update start
D/BatteryService(  176): update start
D/BatteryService(  176): update start
D/BatteryService(  176): update start
D/BatteryService(  176): update start
D/BatteryService(  176): update start
D/BatteryService(  176): update start
D/BatteryService(  176): update start
I/InputDispatcher(  176): Delivering touch to current input target
I/InputDispatcher(  176): Delivering touch to current input target
D/KeyguardViewMediator(  176): keyguardDone(true)
D/KeyguardViewMediator(  176): handleKeyguardDone
D/KeyguardViewMediator(  176): handleHide
D/KeyguardViewMediator(  176): adjustUserActivityLocked mShowing: false mHidden: false
D/StatusBarManagerService(  176): manageDisableList what=0x0 pkg=android
I/InputDispatcher(  176): Delivering touch to current input target
D/CircleLockScreen(  176): onPause()
D/GlassLockScreenMusicWidget(  176): onPause()
D/GlassLockScreenMusicWidget(  176): stopMarguee()
D/CircleMissedEventWidget(  176): onPause()
D/CircleLockScreen(  176): cleanUp()
D/WallpaperWidget(  176): cleanUp()
D/GlassLockScreenMusicWidget(  176): cleanUp()
D/GlassLockScreenMusicWidget(  176): stopMarguee()
D/CircleMissedEventWidget(  176): cleanUp()
D/CircleLockScreen(  176): cleanUp CircleUnlockView
I/InputDispatcher(  176): Delivering touch to current input target
D/BatteryService(  176): update start
D/BatteryService(  176): update start
D/BatteryService(  176): update start
I/InputDispatcher(  176): Delivering touch to current input target
D/GlassLockScreenMusicWidget(  176): handleStopMarquee()
I/InputDispatcher(  176): Delivering touch to current input target
I/InputDispatcher(  176): Delivering touch to current input target
I/InputDispatcher(  176): Delivering touch to current input target
I/ActivityManager(  176): Starting: from pid -1
W/ActivityManager(  176): startActivity called from non-Activity context; forcing Intent FLAG_ACTIVITY_NEW_TASK for: 
D/InputReader(  176): Input event: value=1
I/InputDispatcher(  176): Delivering key to current input target
D/InputReader(  176): Input event: value=0
I/InputDispatcher(  176): Delivering key to current input target
D/InputReader(  176): Input event: value=1
I/InputDispatcher(  176): Delivering key to current input target
D/InputReader(  176): Input event: value=0
D/ProgramMonitor(16658):  onReceive -no
D/ProgramMonitor(16658): appWidgetIds.length : 0
I/InputDispatcher(  176): Delivering key to current input target
D/InputReader(  176): Input event: value=1
D/InputReader(  176): Input event: value=0
I/InputDispatcher(  176): Delivering key to current input target
D/InputReader(  176): Input event: value=1
D/InputReader(  176): Input event: value=0
I/InputDispatcher(  176): Delivering key to current input target
I/InputDispatcher(  176): Delivering key to current input target
I/InputDispatcher(  176): Delivering key to current input target
D/ProgramMonitor(16658): updateNumberText
D/ProgramMonitor(16658): updateWidget
D/ProgramMonitor(16658): updateWidget - appWidgetIds == null -->> resetting
D/ProgramMonitor(16658): updateWidget - appWidgetIds.length == 0
I/Gmail   (16609): Sending notification intent: Intent { act=android.intent.action.PROVIDER_CHANGED dat=content://gmail-ls/unread/^i (has extras) }
D/KeyguardViewMediator(  176): handleTimeout
I/ProgramMonitor(16658): cpu_usage_wan
D/ProgramMonitor(16658): updateSlideText
D/ProgramMonitor(16658): updateDefaultText
D/ProgramMonitor(16658): updateWidget
D/ProgramMonitor(16658): updateWidget - appWidgetIds == null -->> resetting
D/ProgramMonitor(16658): updateWidget - appWidgetIds.length == 0
D/BatteryService(  176): update start
D/BatteryService(  176): update start
D/BatteryService(  176): update start
I/LOG_TAG (  249): [PNN] [getAllEonsNames] OPL_MCCMNC[0]=[null]
I/LOG_TAG (  249): [PNN] [getAllEonsNames] OPL_LAC1[0]=[0]
I/LOG_TAG (  249): [PNN] [getAllEonsNames] OPL_LAC2[0]=[0]
I/LOG_TAG (  249): [PNN] [getAllEonsNames] OPL_INDEX[0]=[0]
I/LOG_TAG (  249): [PNN] [getAllEonsNames] OPL_MCCMNC[1]=[null]
I/LOG_TAG (  249): [PNN] [getAllEonsNames] OPL_LAC1[1]=[0]
I/LOG_TAG (  249): [PNN] [getAllEonsNames] OPL_LAC2[1]=[0]
I/LOG_TAG (  249): [PNN] [getAllEonsNames] OPL_INDEX[1]=[0]
I/LOG_TAG (  249): [PNN] [getAllEonsNames] OPL_MCCMNC[2]=[null]
I/LOG_TAG (  249): [PNN] [getAllEonsNames] OPL_LAC1[2]=[0]
I/LOG_TAG (  249): [PNN] [getAllEonsNames] OPL_LAC2[2]=[0]
I/LOG_TAG (  249): [PNN] [getAllEonsNames] OPL_INDEX[2]=[0]
I/LOG_TAG (  249): [PNN] [getAllEonsNames] OPL_MCCMNC[3]=[null]
I/LOG_TAG (  249): [PNN] [getAllEonsNames] OPL_LAC1[3]=[0]
I/LOG_TAG (  249): [PNN] [getAllEonsNames] OPL_LAC2[3]=[0]
I/LOG_TAG (  249): [PNN] [getAllEonsNames] OPL_INDEX[3]=[0]
I/LOG_TAG (  249): [PNN] [getAllEonsNames] OPL_MCCMNC[4]=[null]
I/LOG_TAG (  249): [PNN] [getAllEonsNames] OPL_LAC1[4]=[0]
I/LOG_TAG (  249): [PNN] [getAllEonsNames] OPL_LAC2[4]=[0]
I/LOG_TAG (  249): [PNN] [getAllEonsNames] OPL_INDEX[4]=[0]
I/DBG_WSS_DM(16785): [wssTelephonyData.java Line:153] getInstance PHONE_TYPE_GSM
D/BatteryService(  176): update start
D/BatteryService(  176): update start
D/BatteryService(  176): update start
D/BatteryService(  176): update start
D/BatteryService(  176): update start
D/BatteryService(  176): update start
I/LOG_TAG (  249): [PNN] [getAllEonsNames] OPL_MCCMNC[0]=[null]
I/LOG_TAG (  249): [PNN] [getAllEonsNames] OPL_LAC1[0]=[0]
I/LOG_TAG (  249): [PNN] [getAllEonsNames] OPL_LAC2[0]=[0]
I/LOG_TAG (  249): [PNN] [getAllEonsNames] OPL_INDEX[0]=[0]
I/LOG_TAG (  249): [PNN] [getAllEonsNames] OPL_MCCMNC[1]=[null]
I/LOG_TAG (  249): [PNN] [getAllEonsNames] OPL_LAC1[1]=[0]
I/LOG_TAG (  249): [PNN] [getAllEonsNames] OPL_LAC2[1]=[0]
I/LOG_TAG (  249): [PNN] [getAllEonsNames] OPL_INDEX[1]=[0]
I/LOG_TAG (  249): [PNN] [getAllEonsNames] OPL_MCCMNC[2]=[null]
I/LOG_TAG (  249): [PNN] [getAllEonsNames] OPL_LAC1[2]=[0]
I/LOG_TAG (  249): [PNN] [getAllEonsNames] OPL_LAC2[2]=[0]
I/LOG_TAG (  249): [PNN] [getAllEonsNames] OPL_INDEX[2]=[0]
I/LOG_TAG (  249): [PNN] [getAllEonsNames] OPL_MCCMNC[3]=[null]
I/LOG_TAG (  249): [PNN] [getAllEonsNames] OPL_LAC1[3]=[0]
I/LOG_TAG (  249): [PNN] [getAllEonsNames] OPL_LAC2[3]=[0]
I/LOG_TAG (  249): [PNN] [getAllEonsNames] OPL_INDEX[3]=[0]
I/LOG_TAG (  249): [PNN] [getAllEonsNames] OPL_MCCMNC[4]=[null]
I/LOG_TAG (  249): [PNN] [getAllEonsNames] OPL_LAC1[4]=[0]
I/LOG_TAG (  249): [PNN] [getAllEonsNames] OPL_LAC2[4]=[0]
I/LOG_TAG (  249): [PNN] [getAllEonsNames] OPL_INDEX[4]=[0]
I/DBG_WSS_DM(16785): [wssTelephonyData.java Line:153] getInstance PHONE_TYPE_GSM
D/BatteryService(  176): update start
D/BatteryService(  176): update start
D/BatteryService(  176): update start
D/BatteryService(  176): update start
D/BatteryService(  176): update start
D/BatteryService(  176): update start
D/BatteryService(  176): update start
D/BatteryService(  176): update start
D/BatteryService(  176): update start
D/BatteryService(  176): update start
D/BatteryService(  176): update start
D/BatteryService(  176): update start
D/GpsLocationProvider(  176): GPS status listener died
D/BatteryService(  176): update start
D/BatteryService(  176): update start
D/BatteryService(  176): update start
D/SensorManager(16853): ====>>>>>Num Sensor: 1
D/SensorManager(16853): ====>>>>>Num Sensor: 2
D/SensorManager(16853): ====>>>>>Num Sensor: 3
D/SensorManager(16853): ====>>>>>Num Sensor: 4
D/SensorManager(16853): ====>>>>>Num Sensor: 5
D/SensorManager(16853): ====>>>>>Num Sensor: 6
D/SensorManager(16853): ====>>>>>Num Sensor: 0
W/ActivityManager(  176): Permission denied: checkComponentPermission() reqUid=10020
E/wpa_supplicant(12891): Ongoing Scan action...
D/BatteryService(  176): update start
D/BatteryService(  176): update start
D/BatteryService(  176): update start
D/BatteryService(  176): update start
D/BatteryService(  176): update start
D/BatteryService(  176): update start
D/BatteryService(  176): update start
D/BatteryService(  176): update start
D/BatteryService(  176): update start
D/BatteryService(  176): update start
D/BatteryService(  176): update start
D/BatteryService(  176): update start
D/SntpClient(  176): request time failed: java.net.SocketTimeoutException: Try again
D/GpsLocationProvider(  176): requestTime failed
D/BatteryService(  176): update start
D/BatteryService(  176): update start
D/BatteryService(  176): update start
D/GTalkService/wake( 9830): held wakelock(tag=PacketReader.processListeners) for 703 ms.
D/Smack   ( 9830): [PacketReader] processListeners: Num of loop processed = 7
D/BatteryService(  176): update start
D/BatteryService(  176): update start
D/BatteryService(  176): update start
D/BatteryService(  176): update start
D/BatteryService(  176): update start
D/BatteryService(  176): update start
D/BatteryService(  176): update start
D/BatteryService(  176): update start
D/BatteryService(  176): update start
D/BatteryService(  176): update start
D/BatteryService(  176): update start
D/BatteryService(  176): update start
D/BatteryService(  176): update start
D/BatteryService(  176): update start
D/BatteryService(  176): update start
D/BatteryService(  176): update start
D/BatteryService(  176): update start
D/BatteryService(  176): update start
D/BatteryService(  176): update start
D/BatteryService(  176): update start
D/BatteryService(  176): update start
D/EnergySaver(16869): energy saver is disabled
I/EnergySaver(16869): Energy Saver Off - Do Nothing!
D/BatteryService(  176): update start
D/BatteryService(  176): update start
D/BatteryService(  176): update start
D/BatteryService(  176): update start
D/BatteryService(  176): update start
D/BatteryService(  176): update start
D/BatteryService(  176): update start
D/BatteryService(  176): update start
D/BatteryService(  176): update start
D/BatteryService(  176): update start
D/BatteryService(  176): update start
D/BatteryService(  176): update start
D/BatteryService(  176): update start
D/BatteryService(  176): update start
D/BatteryService(  176): update start
D/BatteryService(  176): update start
D/BatteryService(  176): update start
D/BatteryService(  176): update start
D/BatteryService(  176): update start
D/BatteryService(  176): update start
D/BatteryService(  176): update start
D/BatteryService(  176): update start
D/BatteryService(  176): update start
D/BatteryService(  176): update start
D/BatteryService(  176): update start
D/BatteryService(  176): update start
D/BatteryService(  176): update start
D/BatteryService(  176): update start
D/BatteryService(  176): update start
D/BatteryService(  176): update start
D/BatteryService(  176): update start
D/BatteryService(  176): update start
D/BatteryService(  176): update start
D/BatteryService(  176): update start
D/BatteryService(  176): update start
D/BatteryService(  176): update start
D/BatteryService(  176): update start
D/BatteryService(  176): update start
D/BatteryService(  176): update start
D/BatteryService(  176): update start
D/BatteryService(  176): update start
D/BatteryService(  176): update start
D/BatteryService(  176): update start
D/BatteryService(  176): update start
D/BatteryService(  176): update start
D/BatteryService(  176): update start
D/BatteryService(  176): update start
D/BatteryService(  176): update start
D/BatteryService(  176): update start
D/BatteryService(  176): update start
D/BatteryService(  176): update start
D/BatteryService(  176): update start
D/BatteryService(  176): update start
D/BatteryService(  176): update start
D/BatteryService(  176): update start
D/BatteryService(  176): update start
D/BatteryService(  176): update start
D/BatteryService(  176): update start
D/BatteryService(  176): update start
D/BatteryService(  176): update start
D/BatteryService(  176): update start
D/BatteryService(  176): update start
D/BatteryService(  176): update start
D/BatteryService(  176): update start
D/BatteryService(  176): update start
D/BatteryService(  176): update start
D/BatteryService(  176): update start
D/BatteryService(  176): update start
D/BatteryService(  176): update start
D/SntpClient(  176): request time failed: java.net.SocketTimeoutException: Try again
D/GpsLocationProvider(  176): requestTime failed
D/BatteryService(  176): update start
D/BatteryService(  176): update start
D/BatteryService(  176): update start
D/BatteryService(  176): update start
D/BatteryService(  176): update start
D/BatteryService(  176): update start
D/BatteryService(  176): update start
D/BatteryService(  176): update start
D/BatteryService(  176): update start
D/BatteryService(  176): update start
D/BatteryService(  176): update start
D/BatteryService(  176): update start
D/BatteryService(  176): update start
D/BatteryService(  176): update start
D/BatteryService(  176): update start
D/BatteryService(  176): update start
D/BatteryService(  176): update start
D/BatteryService(  176): update start
D/BatteryService(  176): update start
D/BatteryService(  176): update start
D/BatteryService(  176): update start
D/BatteryService(  176): update start
D/BatteryService(  176): update start
D/BatteryService(  176): update start
D/BatteryService(  176): update start
D/BatteryService(  176): update start
D/BatteryService(  176): update start
D/BatteryService(  176): update start
D/BatteryService(  176): update start
D/BatteryService(  176): update start
D/BatteryService(  176): update start
D/BatteryService(  176): update start
D/BatteryService(  176): update start
D/BatteryService(  176): update start
D/BatteryService(  176): update start
D/BatteryService(  176): update start
D/BatteryService(  176): update start
D/BatteryService(  176): update start
D/BatteryService(  176): update start
D/BatteryService(  176): update start
D/BatteryService(  176): update start
D/BatteryService(  176): update start
D/BatteryService(  176): update start
D/BatteryService(  176): update start
D/BatteryService(  176): update start
D/BatteryService(  176): update start
D/BatteryService(  176): update start
D/BatteryService(  176): update start
D/BatteryService(  176): update start
D/BatteryService(  176): update start
D/BatteryService(  176): update start
D/BatteryService(  176): update start
D/BatteryService(  176): update start
D/BatteryService(  176): update start
D/BatteryService(  176): update start
D/BatteryService(  176): update start
D/BatteryService(  176): update start
D/BatteryService(  176): update start
D/BatteryService(  176): update start
D/BatteryService(  176): update start
D/BatteryService(  176): update start
D/BatteryService(  176): update start
D/BatteryService(  176): update start
D/BatteryService(  176): update start
D/BatteryService(  176): update start
D/BatteryService(  176): update start
D/BatteryService(  176): update start
D/BatteryService(  176): update start
D/BatteryService(  176): update start
D/BatteryService(  176): update start
D/BatteryService(  176): update start
D/BatteryService(  176): update start
D/BatteryService(  176): update start
D/BatteryService(  176): update start
D/BatteryService(  176): update start
D/BatteryService(  176): update start
D/BatteryService(  176): update start
D/BatteryService(  176): update start
D/BatteryService(  176): update start
D/BatteryService(  176): update start
D/BatteryService(  176): update start
D/BatteryService(  176): update start
D/BatteryService(  176): update start
D/BatteryService(  176): update start
D/BatteryService(  176): update start
D/BatteryService(  176): update start
D/BatteryService(  176): update start
D/BatteryService(  176): update start
D/BatteryService(  176): update start
D/BatteryService(  176): update start
D/BatteryService(  176): update start
D/BatteryService(  176): update start
D/BatteryService(  176): update start
D/SntpClient(  176): request time failed: java.net.SocketTimeoutException: Try again
D/GpsLocationProvider(  176): requestTime failed
D/BatteryService(  176): update start
D/BatteryService(  176): update start
D/BatteryService(  176): update start
D/BatteryService(  176): update start
D/BatteryService(  176): update start
D/BatteryService(  176): update start
D/BatteryService(  176): update start
D/BatteryService(  176): update start
D/BatteryService(  176): update start
D/BatteryService(  176): update start
D/BatteryService(  176): update start
D/BatteryService(  176): update start
D/BatteryService(  176): update start
D/BatteryService(  176): update start
D/BatteryService(  176): update start
D/BatteryService(  176): update start
D/BatteryService(  176): update start
D/BatteryService(  176): update start
D/BatteryService(  176): update start
D/BatteryService(  176): update start
D/BatteryService(  176): update start
D/BatteryService(  176): update start
D/BatteryService(  176): update start
D/BatteryService(  176): update start
D/BatteryService(  176): update start
D/BatteryService(  176): update start
D/BatteryService(  176): update start
D/BatteryService(  176): update start
D/BatteryService(  176): update start
D/BatteryService(  176): update start
D/BatteryService(  176): update start
D/BatteryService(  176): update start
D/BatteryService(  176): update start
D/BatteryService(  176): update start
D/BatteryService(  176): update start
D/BatteryService(  176): update start
D/BatteryService(  176): update start
D/BatteryService(  176): update start
D/BatteryService(  176): update start
D/BatteryService(  176): update start
D/BatteryService(  176): update start
D/BatteryService(  176): update start
D/BatteryService(  176): update start
D/BatteryService(  176): update start
D/BatteryService(  176): update start
D/BatteryService(  176): update start
D/BatteryService(  176): update start
D/BatteryService(  176): update start
D/BatteryService(  176): update start
D/BatteryService(  176): update start
D/BatteryService(  176): update start
D/BatteryService(  176): update start
D/BatteryService(  176): update start
D/BatteryService(  176): update start
D/BatteryService(  176): update start
D/BatteryService(  176): update start
D/BatteryService(  176): update start
D/BatteryService(  176): update start
D/BatteryService(  176): update start
D/BatteryService(  176): update start
D/BatteryService(  176): update start
D/BatteryService(  176): update start
D/BatteryService(  176): update start
D/BatteryService(  176): update start
D/BatteryService(  176): update start
D/BatteryService(  176): update start
D/BatteryService(  176): update start
D/BatteryService(  176): update start
D/BatteryService(  176): update start
D/BatteryService(  176): update start
D/BatteryService(  176): update start
D/BatteryService(  176): update start
I/GoogleHttpClient(16763): Falling back to old http client 0 java.lang.NoSuchMethodException: egs(Context,String,boolean)
D/BatteryService(  176): update start
D/BatteryService(  176): update start
D/BatteryService(  176): update start
D/BatteryService(  176): update start
D/BatteryService(  176): update start
D/BatteryService(  176): update start
D/BatteryService(  176): update start
D/BatteryService(  176): update start
D/BatteryService(  176): update start
D/BatteryService(  176): update start
D/BatteryService(  176): update start
D/BatteryService(  176): update start
D/BatteryService(  176): update start
D/BatteryService(  176): update start
D/BatteryService(  176): update start
D/BatteryService(  176): update start
D/BatteryService(  176): update start
D/BatteryService(  176): update start
D/BatteryService(  176): update start
D/BatteryService(  176): update start
D/BatteryService(  176): update start
D/SntpClient(  176): request time failed: java.net.SocketTimeoutException: Try again
D/GpsLocationProvider(  176): requestTime failed
D/BatteryService(  176): update start
D/BatteryService(  176): update start
D/BatteryService(  176): update start
D/BatteryService(  176): update start
D/BatteryService(  176): update start
D/BatteryService(  176): update start
D/BatteryService(  176): update start
D/BatteryService(  176): update start
D/BatteryService(  176): update start
D/BatteryService(  176): update start
D/BatteryService(  176): update start
D/BatteryService(  176): update start
D/BatteryService(  176): update start
D/BatteryService(  176): update start
D/BatteryService(  176): update start
D/BatteryService(  176): update start
D/BatteryService(  176): update start
D/BatteryService(  176): update start
D/BatteryService(  176): update start
D/BatteryService(  176): update start
D/BatteryService(  176): update start
D/BatteryService(  176): update start
D/BatteryService(  176): update start
D/BatteryService(  176): update start
D/BatteryService(  176): update start
D/BatteryService(  176): update start
D/BatteryService(  176): update start
D/BatteryService(  176): update start
D/BatteryService(  176): update start
D/BatteryService(  176): update start
D/BatteryService(  176): update start
D/BatteryService(  176): update start
D/BatteryService(  176): update start
D/BatteryService(  176): update start
D/BatteryService(  176): update start
D/BatteryService(  176): update start
D/BatteryService(  176): update start
D/BatteryService(  176): update start
D/BatteryService(  176): update start
D/BatteryService(  176): update start
D/BatteryService(  176): update start
D/BatteryService(  176): update start
D/BatteryService(  176): update start
D/BatteryService(  176): update start
D/BatteryService(  176): update start
D/BatteryService(  176): update start
D/BatteryService(  176): update start
D/BatteryService(  176): update start
D/BatteryService(  176): update start
D/BatteryService(  176): update start
D/BatteryService(  176): update start
D/BatteryService(  176): update start
D/BatteryService(  176): update start
D/BatteryService(  176): update start
D/BatteryService(  176): update start
D/BatteryService(  176): update start
D/BatteryService(  176): update start
D/BatteryService(  176): update start
D/BatteryService(  176): update start
D/BatteryService(  176): update start
D/BatteryService(  176): update start
D/BatteryService(  176): update start
D/BatteryService(  176): update start
D/BatteryService(  176): update start
D/BatteryService(  176): update start
D/BatteryService(  176): update start
D/BatteryService(  176): update start
D/BatteryService(  176): update start
D/BatteryService(  176): update start
D/BatteryService(  176): update start
D/BatteryService(  176): update start
D/BatteryService(  176): update start
I/EventLogService( 9830): Aggregate from 1398035658825 (log), 1398035658825 (data)
D/BatteryService(  176): update start
D/BatteryService(  176): update start
D/BatteryService(  176): update start
D/BatteryService(  176): update start
D/BatteryService(  176): update start
D/BatteryService(  176): update start
D/BatteryService(  176): update start
D/BatteryService(  176): update start
D/BatteryService(  176): update start
D/BatteryService(  176): update start
D/BatteryService(  176): update start
D/BatteryService(  176): update start
D/BatteryService(  176): update start
D/BatteryService(  176): update start
D/BatteryService(  176): update start
D/BatteryService(  176): update start
D/BatteryService(  176): update start
D/BatteryService(  176): update start
D/BatteryService(  176): update start
D/BatteryService(  176): update start
D/BatteryService(  176): update start
D/SntpClient(  176): request time failed: java.net.SocketTimeoutException: Try again
D/GpsLocationProvider(  176): requestTime failed
D/BatteryService(  176): update start
D/BatteryService(  176): update start
D/BatteryService(  176): update start
D/BatteryService(  176): update start
D/BatteryService(  176): update start
D/BatteryService(  176): update start
D/BatteryService(  176): update start
D/BatteryService(  176): update start
D/BatteryService(  176): update start
D/GpsLocationProvider(  176): GPS status listener died
I/MultiDex(16886): load(/data/app/com.google.android.gms-1.apk, forceReload=false)
I/MultiDex(16886): Need extracted file /data/data/com.google.android.gms/files/secondary-dexes/com.google.android.gms-1.apk.classes2.zip
I/MultiDex(16886): No extraction needed for /data/data/com.google.android.gms/files/secondary-dexes/com.google.android.gms-1.apk.classes2.zip of size 1626380
W/dalvikvm(16886): VFY: unable to resolve virtual method 2582: Landroid/os/Bundle;.getString (Ljava/lang/String;Ljava/lang/String;)Ljava/lang/String;
W/dalvikvm(16886): VFY: unable to resolve static field 953 (THREAD_POOL_EXECUTOR) in Landroid/os/AsyncTask;
E/dalvikvm(16886): Could not find class 'android.app.AppOpsManager', referenced from method box.a
W/dalvikvm(16886): VFY: unable to resolve check-cast 341 (Landroid/app/AppOpsManager;) in Lbox;
W/dalvikvm(16886): Unable to resolve superclass of Lhzj; (1738)
W/dalvikvm(16886): Link of class 'Lhzj;' failed
W/dalvikvm(16886): VFY: unable to find class referenced in signature (Lhzj;)
D/GeofencerStateMachine(16886): Creating GeofencerStateMachine
W/dalvikvm(16886): Unable to resolve superclass of Lhzj; (1738)
W/dalvikvm(16886): Link of class 'Lhzj;' failed
W/dalvikvm(16886): VFY: unable to find class referenced in signature (Lhzj;)
W/dalvikvm(16886): Unable to resolve superclass of Lhzj; (1738)
W/dalvikvm(16886): Link of class 'Lhzj;' failed
W/dalvikvm(16886): VFY: unable to find class referenced in signature (Lhzj;)
W/dalvikvm(16886): Unable to resolve superclass of Lhzj; (1738)
W/dalvikvm(16886): Link of class 'Lhzj;' failed
W/dalvikvm(16886): VFY: unable to find class referenced in signature (Lhzj;)
W/dalvikvm(16886): Unable to resolve superclass of Lhzj; (1738)
W/dalvikvm(16886): Link of class 'Lhzj;' failed
W/dalvikvm(16886): VFY: unable to resolve static method 22005: Lhzj;.a ()Lhzj;
W/dalvikvm(16886): Unable to resolve superclass of Lhzj; (1738)
W/dalvikvm(16886): Link of class 'Lhzj;' failed
W/dalvikvm(16886): Unable to resolve superclass of Lhzj; (1738)
W/dalvikvm(16886): Link of class 'Lhzj;' failed
W/dalvikvm(16886): Unable to resolve superclass of Lhzj; (1738)
W/dalvikvm(16886): Link of class 'Lhzj;' failed
W/dalvikvm(16886): Unable to resolve superclass of Lhzj; (1738)
W/dalvikvm(16886): Link of class 'Lhzj;' failed
W/dalvikvm(16886): Unable to resolve superclass of Lhzj; (1738)
W/dalvikvm(16886): Link of class 'Lhzj;' failed
W/dalvikvm(16886): VFY: unable to resolve virtual method 22006: Lhzj;.b ()Lhyo;
W/dalvikvm(16886): VFY: unable to resolve virtual method 918: Landroid/location/Location;.getElapsedRealtimeNanos ()J
W/dalvikvm(16886): VFY: unable to resolve static method 1209: Landroid/os/SystemClock;.elapsedRealtimeNanos ()J
W/dalvikvm(16886): VFY: unable to resolve virtual method 918: Landroid/location/Location;.getElapsedRealtimeNanos ()J
W/dalvikvm(16886): VFY: unable to resolve virtual method 2306: Landroid/location/Location;.setElapsedRealtimeNanos (J)V
I/MultiDex(16893): load(/data/app/com.google.android.gms-1.apk, forceReload=false)
D/SensorManager(16886): ====>>>>>Num Sensor: 1
D/SensorManager(16886): ====>>>>>Num Sensor: 2
D/SensorManager(16886): ====>>>>>Num Sensor: 3
D/SensorManager(16886): ====>>>>>Num Sensor: 4
D/SensorManager(16886): ====>>>>>Num Sensor: 5
D/SensorManager(16886): ====>>>>>Num Sensor: 6
D/SensorManager(16886): ====>>>>>Num Sensor: 0
W/dalvikvm(16886): Unable to resolve superclass of Lhlg; (241)
W/dalvikvm(16886): Link of class 'Lhlg;' failed
W/dalvikvm(16886): VFY: unable to resolve virtual method 877: Landroid/hardware/SensorManager;.cancelTriggerSensor (Landroid/hardware/TriggerEventListener;Landroid/hardware/Sensor;)Z
W/dalvikvm(16886): Unable to resolve superclass of Lhlg; (241)
W/dalvikvm(16886): Link of class 'Lhlg;' failed
E/dalvikvm(16886): Could not find class 'hlg', referenced from method hlf.a
W/dalvikvm(16886): VFY: unable to resolve new-instance 3935 (Lhlg;) in Lhlf;
W/dalvikvm(16886): VFY: unable to resolve virtual method 394: Landroid/app/AlarmManager;.setExact (IJLandroid/app/PendingIntent;)V
I/MultiDex(16893): Need extracted file /data/data/com.google.android.gms/files/secondary-dexes/com.google.android.gms-1.apk.classes2.zip
I/MultiDex(16893): No extraction needed for /data/data/com.google.android.gms/files/secondary-dexes/com.google.android.gms-1.apk.classes2.zip of size 1626380
E/dalvikvm(16893): Could not find class 'android.database.sqlite.SQLiteCantOpenDatabaseException', referenced from method com.google.android.gms.plus.provider.PlusProvider.a
W/dalvikvm(16893): VFY: unable to resolve instanceof 440 (Landroid/database/sqlite/SQLiteCantOpenDatabaseException;) in Lcom/google/android/gms/plus/provider/PlusProvider;
D/BatteryService(  176): update start
D/BatteryService(  176): update start
D/BatteryService(  176): update start
W/dalvikvm(16893): VFY: unable to resolve virtual method 2582: Landroid/os/Bundle;.getString (Ljava/lang/String;Ljava/lang/String;)Ljava/lang/String;
W/dalvikvm(16893): VFY: unable to resolve static field 953 (THREAD_POOL_EXECUTOR) in Landroid/os/AsyncTask;
E/dalvikvm(16893): Could not find class 'android.app.AppOpsManager', referenced from method box.a
W/dalvikvm(16893): VFY: unable to resolve check-cast 341 (Landroid/app/AppOpsManager;) in Lbox;
W/dalvikvm(16893): VFY: unable to resolve virtual method 1697: Landroid/app/admin/DevicePolicyManager;.isDeviceOwnerApp (Ljava/lang/String;)Z
D/GCM     ( 9830): GcmService start Intent { act=com.google.android.gms.INITIALIZE pkg=com.google.android.gms cmp=com.google.android.gms/.gcm.GcmService } com.google.android.gms.INITIALIZE
D/GCM     ( 9830): GcmService start Intent { act=com.google.android.gms.INITIALIZE pkg=com.google.android.gms cmp=com.google.android.gms/.gcm.GcmService } com.google.android.gms.INITIALIZE
E/dalvikvm(16886): Could not find class 'android.telephony.CellInfo', referenced from method ifb.onCellInfoChanged
W/dalvikvm(16886): VFY: unable to resolve check-cast 345 (Landroid/telephony/CellInfo;) in Lifb;
V/GeofencerHelper(16886): Initializing geofence's system cache.
V/PlaceSubscriptionManager(16886): Initializing PlaceSubscriptionManager's system cache.
D/GeofenceStateCache(16886): Recovered 0 geofences.
I/GCoreUlr(16886): Starting service, intent=Intent { act=com.google.android.location.reporting.ACTION_UPDATE_WORLD cmp=com.google.android.gms/com.google.android.location.reporting.service.DispatchingService (has extras) }, extras=Bundle[{receiverAction=com.google.android.location.internal.server.ACTION_RESTARTED}]
I/GCoreUlr(16886): DispatchingService.onCreate()
E/dalvikvm(16886): Could not find class 'android.os.UserHandle', referenced from method ill.c
W/dalvikvm(16886): VFY: unable to resolve const-class 305 (Landroid/os/UserHandle;) in Lill;
I/GCoreUlr(16886): WorldUpdater received intent Intent { act=com.google.android.location.reporting.ACTION_UPDATE_WORLD cmp=com.google.android.gms/com.google.android.location.reporting.service.DispatchingService (has extras) } with receiverAction com.google.android.location.internal.server.ACTION_RESTARTED
E/dalvikvm(16886): Could not find class 'android.os.UserManager', referenced from method bov.b
W/dalvikvm(16886): VFY: unable to resolve check-cast 558 (Landroid/os/UserManager;) in Lbov;
W/dalvikvm(16886): VFY: unable to resolve virtual method 1428: Landroid/accounts/AccountManager;.getAccountsByTypeForPackage (Ljava/lang/String;Ljava/lang/String;)[Landroid/accounts/Account;
E/dalvikvm(16886): Could not find class 'android.os.UserManager', referenced from method bov.c
W/dalvikvm(16886): VFY: unable to resolve check-cast 558 (Landroid/os/UserManager;) in Lbov;
E/dalvikvm(16886): Could not find class 'android.os.UserManager', referenced from method bov.d
