--------- beginning of /dev/log/main
I/InputDispatcher(  176): Delivering touch to current input target
I/InputDispatcher(  176): Delivering touch to current input target
I/DBG_WSS_DM(15889): [wssdmTask.java Line:164] smlTaskHandler SMLMSG_PHONEBOOK_INITIALIZED
I/DBG_WSS_DM(15889): [wssdmTask.java Line:182] smlTaskHandler SMLMSG_DM_SYNCML_INIT
I/DBG_WSS_DM(15889): [DMService.java Line:1506] ProtoIsWIFIConnected WiFi Connected
I/InputDispatcher(  176): Delivering touch to current input target
I/InputDispatcher(  176): Delivering touch to current input target
I/InputDispatcher(  176): Delivering touch to current input target
I/InputDispatcher(  176): Delivering touch to current input target
I/DBG_WSS_DM(15889): [wssLawmoDb.java Line:646] wsLawmoDbGetSimChangeAlert SIM Change Alert = false
I/DBG_WSS_DM(15889): [wssdminitadapter.java Line:407] _smldmInitAdpEXTInit Previous state is false
I/DBG_WSS_DM(15889): [wssLawmoDb.java Line:613] wsLawmoDbGetLawmoRegistration Registration: false
I/DBG_WSS_DM(15889): [wssLawmoAdapter.java Line:44] isMobileTrackerEnabled AMT Status = false
I/DBG_WSS_DM(15889): [wssdminitadapter.java Line:415] _smldmInitAdpEXTInit Device registration wasn't registered or MobileTracker is off
I/DBG_WSS_DM(15889): [wssdminitadapter.java Line:438] _smldmInitAdpEXTInit nStatus [0]
I/DBG_WSS_DM(15889): [wssdmUITask.java Line:480] smldmUIEvent SML_DM_EVENT_UI_IDLE_STATE :true
I/DBG_WSS_DM(15889): [wssdmTask.java Line:206] smlTaskHandler SMLMSG_DM_SYNCML_INIT : Initialized
I/DBG_WSS_DM(15889): [DMService.java Line:1506] ProtoIsWIFIConnected WiFi Connected
I/DBG_WSS_DM(15889): [wssdminitadapter.java Line:243] _smldmInitAdpCheckNetworkReady NETWORK SERVICE is READY!!![0]
I/DBG_WSS_DM(15889): [wssdmpushAdapter.java Line:303] __smldmPushAdpExcuteResumeNoti nSessionSaveState:0, nNotiUiEvent:0, nNotiRetryCount0
I/DBG_WSS_DM(15889): [wssdmpushAdapter.java Line:339] __smldmPushAdpExcuteResumeNoti Current NOTI NOT SAVED State. EXIT. EXIT.
I/InputDispatcher(  176): Delivering touch to current input target
I/InputDispatcher(  176): Delivering touch to current input target
I/InputDispatcher(  176): Delivering touch to current input target
I/InputDispatcher(  176): Delivering touch to current input target
I/InputDispatcher(  176): Delivering touch to current input target
I/InputDispatcher(  176): Delivering touch to current input target
I/InputDispatcher(  176): Delivering touch to current input target
I/InputDispatcher(  176): Delivering touch to current input target
I/InputDispatcher(  176): Delivering touch to current input target
I/InputDispatcher(  176): Delivering touch to current input target
I/InputDispatcher(  176): Delivering touch to current input target
I/InputDispatcher(  176): Delivering touch to current input target
I/InputDispatcher(  176): Delivering touch to current input target
I/InputDispatcher(  176): Delivering touch to current input target
I/InputDispatcher(  176): Delivering touch to current input target
I/InputDispatcher(  176): Delivering touch to current input target
I/InputDispatcher(  176): Delivering touch to current input target
I/InputDispatcher(  176): Delivering touch to current input target
I/InputDispatcher(  176): Delivering touch to current input target
I/InputDispatcher(  176): Delivering touch to current input target
I/InputDispatcher(  176): Delivering touch to current input target
I/InputDispatcher(  176): Delivering touch to current input target
I/InputDispatcher(  176): Delivering touch to current input target
I/InputDispatcher(  176): Delivering touch to current input target
I/InputDispatcher(  176): Delivering touch to current input target
I/InputDispatcher(  176): Delivering touch to current input target
I/InputDispatcher(  176): Delivering touch to current input target
I/InputDispatcher(  176): Delivering touch to current input target
I/InputDispatcher(  176): Delivering touch to current input target
I/InputDispatcher(  176): Delivering touch to current input target
I/InputDispatcher(  176): Delivering touch to current input target
I/InputDispatcher(  176): Delivering touch to current input target
I/InputDispatcher(  176): Delivering touch to current input target
I/InputDispatcher(  176): Delivering touch to current input target
I/InputDispatcher(  176): Delivering touch to current input target
I/InputDispatcher(  176): Delivering touch to current input target
I/InputDispatcher(  176): Delivering touch to current input target
I/InputDispatcher(  176): Delivering touch to current input target
I/InputDispatcher(  176): Delivering touch to current input target
W/dalvikvm(15678): VFY: unable to resolve static method 50: Landroid/animation/ObjectAnimator;.ofInt (Ljava/lang/Object;Ljava/lang/String;[I)Landroid/animation/ObjectAnimator;
W/dalvikvm(15678): VFY: unable to resolve virtual method 3840: Landroid/view/View;.setPivotX (F)V
W/dalvikvm(15678): VFY: unable to resolve virtual method 3723: Landroid/view/View;.animate ()Landroid/view/ViewPropertyAnimator;
W/dalvikvm(15678): VFY: unable to resolve virtual method 14860: Lcom/whatsapp/MediaView$MediaViewPager;.setSystemUiVisibility (I)V
W/dalvikvm(15678): VFY: unable to resolve virtual method 14860: Lcom/whatsapp/MediaView$MediaViewPager;.setSystemUiVisibility (I)V
E/EmailProvider(15899): In the Constructor of DatabaseHelper DATABASE_VERSION -- 100
I/InputDispatcher(  176): Delivering touch to current input target
D/EAS SyncManager(15899): !!! EAS SyncManager, onCreate
E/Email   (15899): setActivePoliciesAtSystemProperties()
D/PoliciesMultiplexer(15899): getAllPolicies
D/PoliciesMultiplexer(15899): computeAggregatePolicy: grouping policies by name. policies.length: 0
D/PoliciesMultiplexer(15899): computeAggregatePolicy: applying strongest policies. strongestPolicies.size: 0
E/Email   (15899): setActivePoliciesAtSystemProperties() : no policy exists case : dpm.setAllowCamera : true
D/EAS SyncManager(15899): !!! EAS SyncManager, onStartCommand
D/EAS SyncManager(15899): !!! EAS SyncManager, stopping self
D/Eas Debug(15899): Logging: 
D/EAS SyncManager(15899): !!! EAS SyncManager, onDestroy
I/InputDispatcher(  176): Delivering touch to current input target
I/InputDispatcher(  176): Delivering touch to current input target
I/InputDispatcher(  176): Delivering touch to current input target
I/InputDispatcher(  176): Delivering touch to current input target
D/InputReader(  176): Input event: value=1
I/InputDispatcher(  176): Delivering key to current input target
D/InputReader(  176): Input event: value=0
I/InputDispatcher(  176): Delivering key to current input target
D/InputReader(  176): Input event: value=1
D/InputReader(  176): Input event: value=0
D/ProgramMonitor(15834):  onReceive -no
D/ProgramMonitor(15834): appWidgetIds.length : 0
W/IInputConnectionWrapper(15678): showStatusIcon on inactive InputConnection
D/ProgramMonitor(15834): updateNumberText
D/ProgramMonitor(15834): updateWidget
D/ProgramMonitor(15834): updateWidget - appWidgetIds == null -->> resetting
D/ProgramMonitor(15834): updateWidget - appWidgetIds.length == 0
D/InputReader(  176): Input event: value=1
D/InputReader(  176): Input event: value=0
E/power   (  176): *** set_screen_state 0
D/KeyguardViewMediator(  176): onScreenTurnedOff(2)
D/KeyguardViewMediator(  176): doKeyguard: showing the lock screen
D/KeyguardViewMediator(  176): showLocked
D/KeyguardViewMediator(  176): handleShow
I/TextToSpeech.java(  176): initTts() successfully bound to service
D/CircleLockScreenTTS(  176): TTS locale:
D/FastDormancy(  249): [FD] INTENT ACTION android.intent.action.SCREEN_OFF
D/FastDormancy(  249): [FD] mIsScreenOn: false
W/IInputConnectionWrapper(13548): getExtractedText on inactive InputConnection
W/IInputConnectionWrapper(13548): getExtractedText on inactive InputConnection
I/EnergySaver(15732): Energy Saver Off - Do Nothing!
D/GlassLockScreenMusicWidget(  176): Controller Initiation Running!!
D/GlassLockScreenMusicWidget(  176): at init() send broadcast
D/GlassLockScreenMusicWidget(  176): resetMinTimer()
D/GlassLockScreenMusicWidget(  176): removeMinTimer()
D/GlassLockScreenMusicWidget(  176): addMinTimer()
W/ResourceType(  176): Failure getting entry for 0x010803aa (t=7 e=938) in package 0 (error -75)
W/ImageView(  176): Unable to find resource: 17302442
W/ImageView(  176): android.content.res.Resources$NotFoundException: Resource ID #0x10803aa
W/ImageView(  176): 	at android.content.res.Resources.getValue(Resources.java:892)
W/ImageView(  176): 	at android.content.res.Resources.getDrawable(Resources.java:580)
W/ImageView(  176): 	at android.widget.ImageView.resolveUri(ImageView.java:501)
W/ImageView(  176): 	at android.widget.ImageView.setImageResource(ImageView.java:280)
W/ImageView(  176): 	at com.android.internal.policy.impl.CircleLockScreen.<init>(CircleLockScreen.java:155)
W/ImageView(  176): 	at com.android.internal.policy.impl.LockPatternKeyguardView.createLockScreen(LockPatternKeyguardView.java:874)
W/ImageView(  176): 	at com.android.internal.policy.impl.LockPatternKeyguardView.<init>(LockPatternKeyguardView.java:425)
W/ImageView(  176): 	at com.android.internal.policy.impl.LockPatternKeyguardViewProperties.createKeyguardView(LockPatternKeyguardViewProperties.java:48)
W/ImageView(  176): 	at com.android.internal.policy.impl.KeyguardViewManager.show(KeyguardViewManager.java:134)
W/ImageView(  176): 	at com.android.internal.policy.impl.KeyguardViewMediator.handleShow(KeyguardViewMediator.java:1363)
W/ImageView(  176): 	at com.android.internal.policy.impl.KeyguardViewMediator.access$1800(KeyguardViewMediator.java:100)
W/ImageView(  176): 	at com.android.internal.policy.impl.KeyguardViewMediator$5.handleMessage(KeyguardViewMediator.java:1207)
W/ImageView(  176): 	at android.os.Handler.dispatchMessage(Handler.java:99)
W/ImageView(  176): 	at android.os.Looper.loop(Looper.java:130)
W/ImageView(  176): 	at com.android.server.WindowManagerService$PolicyThread.run(WindowManagerService.java:615)
D/CircleLockScreen(  176): Clock position from setting = 2
W/ResourceType(  176): Failure getting entry for 0x010803a9 (t=7 e=937) in package 0 (error -75)
W/ImageView(  176): Unable to find resource: 17302441
W/ImageView(  176): android.content.res.Resources$NotFoundException: Resource ID #0x10803a9
W/ImageView(  176): 	at android.content.res.Resources.getValue(Resources.java:892)
W/ImageView(  176): 	at android.content.res.Resources.getDrawable(Resources.java:580)
W/ImageView(  176): 	at android.widget.ImageView.resolveUri(ImageView.java:501)
W/ImageView(  176): 	at android.widget.ImageView.setImageResource(ImageView.java:280)
W/ImageView(  176): 	at com.android.internal.policy.impl.CircleLockScreen.setComponentLayout(CircleLockScreen.java:274)
W/ImageView(  176): 	at com.android.internal.policy.impl.CircleLockScreen.<init>(CircleLockScreen.java:179)
W/ImageView(  176): 	at com.android.internal.policy.impl.LockPatternKeyguardView.createLockScreen(LockPatternKeyguardView.java:874)
W/ImageView(  176): 	at com.android.internal.policy.impl.LockPatternKeyguardView.<init>(LockPatternKeyguardView.java:425)
W/ImageView(  176): 	at com.android.internal.policy.impl.LockPatternKeyguardViewProperties.createKeyguardView(LockPatternKeyguardViewProperties.java:48)
W/ImageView(  176): 	at com.android.internal.policy.impl.KeyguardViewManager.show(KeyguardViewManager.java:134)
W/ImageView(  176): 	at com.android.internal.policy.impl.KeyguardViewMediator.handleShow(KeyguardViewMediator.java:1363)
W/ImageView(  176): 	at com.android.internal.policy.impl.KeyguardViewMediator.access$1800(KeyguardViewMediator.java:100)
W/ImageView(  176): 	at com.android.internal.policy.impl.KeyguardViewMediator$5.handleMessage(KeyguardViewMediator.java:1207)
W/ImageView(  176): 	at android.os.Handler.dispatchMessage(Handler.java:99)
W/ImageView(  176): 	at android.os.Looper.loop(Looper.java:130)
W/ImageView(  176): 	at com.android.server.WindowManagerService$PolicyThread.run(WindowManagerService.java:615)
D/ClockWidget(  176): isServiceEnable = false cityId = null
D/ClockWidget(  176): Weather Demon is not running, Set visibility to GONE
D/CircleLockScreen(  176): onResume()
D/GlassLockScreenMusicWidget(  176): onResume() isTopLayout=true, isMaxLayout=true
D/GlassLockScreenMusicWidget(  176): mHeightDifference = 0
D/GlassLockScreenMusicWidget(  176): onResume()show
D/GlassLockScreenMusicWidget(  176): setMaxLayout()
D/GlassLockScreenMusicWidget(  176): startTranslateAnimation()
D/GlassLockScreenMusicWidget(  176): resetMinTimer()
D/GlassLockScreenMusicWidget(  176): removeMinTimer()
D/GlassLockScreenMusicWidget(  176): addMinTimer()
D/ClockWidget(  176): isServiceEnable = false cityId = null
D/ClockWidget(  176): Weather Demon is not running, Set visibility to GONE
D/CircleMissedEventWidget(  176): onResume()
D/KeyguardViewMediator(  176): adjustUserActivityLocked mShowing: true mHidden: false
W/IInputConnectionWrapper(13548): getExtractedText on inactive InputConnection
W/IInputConnectionWrapper(13548): getExtractedText on inactive InputConnection
D/KeyguardViewMediator(  176): Get ACTION_BATTERY_CHANGED
D/KeyguardViewMediator(  176): informBatteryStatus ~ battPlugged / battStatus / battHealth : true / 5 / 2
E/power   (  176): *** set_screen_state 1
D/KeyguardViewMediator(  176): onScreenTurnedOn, seq = 61
D/KeyguardViewMediator(  176): notifyScreenOnLocked
D/KeyguardViewMediator(  176): handleNotifyScreenOn
D/CircleLockScreen(  176): onResume()
D/GlassLockScreenMusicWidget(  176): onResume() isTopLayout=true, isMaxLayout=true
D/GlassLockScreenMusicWidget(  176): mHeightDifference = 0
D/GlassLockScreenMusicWidget(  176): onResume()show
D/KeyguardViewMediator(  176): Call showBatteryStatus in informBatteryStatus 2
D/KeyguardViewMediator(  176): showBatteryStatus
D/GlassLockScreenMusicWidget(  176): setMaxLayout()
D/GlassLockScreenMusicWidget(  176): startTranslateAnimation()
D/GlassLockScreenMusicWidget(  176): resetMinTimer()
D/GlassLockScreenMusicWidget(  176): removeMinTimer()
D/GlassLockScreenMusicWidget(  176): addMinTimer()
D/ClockWidget(  176): isServiceEnable = false cityId = null
D/ClockWidget(  176): Weather Demon is not running, Set visibility to GONE
D/CircleMissedEventWidget(  176): onResume()
D/KeyguardViewMediator(  176): handleBatteryStatus
D/LockPatternKeyguardView(  176): onBatteryStatusInform()
D/CircleMissedEventWidget(  176): received MISSED_EVENT intent !! 
D/ProgramMonitor(15834):  onReceive -no
D/ProgramMonitor(15834): appWidgetIds.length : 0
I/LOG_TAG (  249): [PNN] [getAllEonsNames] OPL_MCCMNC[0]=[null]
I/LOG_TAG (  249): [PNN] [getAllEonsNames] OPL_LAC1[0]=[0]
I/LOG_TAG (  249): [PNN] [getAllEonsNames] OPL_LAC2[0]=[0]
I/LOG_TAG (  249): [PNN] [getAllEonsNames] OPL_INDEX[0]=[0]
I/LOG_TAG (  249): [PNN] [getAllEonsNames] OPL_MCCMNC[1]=[null]
I/LOG_TAG (  249): [PNN] [getAllEonsNames] OPL_LAC1[1]=[0]
I/LOG_TAG (  249): [PNN] [getAllEonsNames] OPL_LAC2[1]=[0]
I/LOG_TAG (  249): [PNN] [getAllEonsNames] OPL_INDEX[1]=[0]
I/LOG_TAG (  249): [PNN] [getAllEonsNames] OPL_MCCMNC[2]=[null]
I/LOG_TAG (  249): [PNN] [getAllEonsNames] OPL_LAC1[2]=[0]
I/LOG_TAG (  249): [PNN] [getAllEonsNames] OPL_LAC2[2]=[0]
I/LOG_TAG (  249): [PNN] [getAllEonsNames] OPL_INDEX[2]=[0]
I/LOG_TAG (  249): [PNN] [getAllEonsNames] OPL_MCCMNC[3]=[null]
I/LOG_TAG (  249): [PNN] [getAllEonsNames] OPL_LAC1[3]=[0]
I/LOG_TAG (  249): [PNN] [getAllEonsNames] OPL_LAC2[3]=[0]
I/LOG_TAG (  249): [PNN] [getAllEonsNames] OPL_INDEX[3]=[0]
I/LOG_TAG (  249): [PNN] [getAllEonsNames] OPL_MCCMNC[4]=[null]
I/LOG_TAG (  249): [PNN] [getAllEonsNames] OPL_LAC1[4]=[0]
I/LOG_TAG (  249): [PNN] [getAllEonsNames] OPL_LAC2[4]=[0]
I/LOG_TAG (  249): [PNN] [getAllEonsNames] OPL_INDEX[4]=[0]
D/FastDormancy(  249): [FD] INTENT ACTION android.intent.action.SCREEN_ON
D/FastDormancy(  249): [FD] mIsScreenOn: true
I/EnergySaver(15732): Energy Saver Off - Do Nothing!
E/GlassLockScreenMusicWidget(  176): onReceive() : intent=Intent { act=android.intent.action.SCREEN_ON flg=0x40000000 }
D/ProgramMonitor(15834): updateNumberText
D/ProgramMonitor(15834): updateWidget
D/ProgramMonitor(15834): updateWidget - appWidgetIds == null -->> resetting
D/ProgramMonitor(15834): updateWidget - appWidgetIds.length == 0
I/ProgramMonitor(15834): cpu_usage_wan
D/ProgramMonitor(15834): updateSlideText
D/ProgramMonitor(15834): updateDefaultText
D/ProgramMonitor(15834): updateWidget
D/ProgramMonitor(15834): updateWidget - appWidgetIds == null -->> resetting
D/ProgramMonitor(15834): updateWidget - appWidgetIds.length == 0
I/ProgramMonitor(15834): cpu_usage_wan
D/ProgramMonitor(15834): updateSlideText
D/ProgramMonitor(15834): updateDefaultText
D/ProgramMonitor(15834): updateWidget
D/ProgramMonitor(15834): updateWidget - appWidgetIds == null -->> resetting
D/ProgramMonitor(15834): updateWidget - appWidgetIds.length == 0
D/GlassLockScreenMusicWidget(  176): setMinLayout()
D/GlassLockScreenMusicWidget(  176): startTranslateAnimation()
D/KeyguardViewMediator(  176): handleTimeout
D/SntpClient(  176): request time failed: java.net.SocketTimeoutException: Try again
D/GpsLocationProvider(  176): requestTime failed
I/EventLogService( 9830): Aggregate from 1398014052812 (log), 1398014052812 (data)
I/LOG_TAG (  249): [PNN] [getAllEonsNames] OPL_MCCMNC[0]=[null]
I/LOG_TAG (  249): [PNN] [getAllEonsNames] OPL_LAC1[0]=[0]
I/LOG_TAG (  249): [PNN] [getAllEonsNames] OPL_LAC2[0]=[0]
I/LOG_TAG (  249): [PNN] [getAllEonsNames] OPL_INDEX[0]=[0]
I/LOG_TAG (  249): [PNN] [getAllEonsNames] OPL_MCCMNC[1]=[null]
I/LOG_TAG (  249): [PNN] [getAllEonsNames] OPL_LAC1[1]=[0]
I/LOG_TAG (  249): [PNN] [getAllEonsNames] OPL_LAC2[1]=[0]
I/LOG_TAG (  249): [PNN] [getAllEonsNames] OPL_INDEX[1]=[0]
I/LOG_TAG (  249): [PNN] [getAllEonsNames] OPL_MCCMNC[2]=[null]
I/LOG_TAG (  249): [PNN] [getAllEonsNames] OPL_LAC1[2]=[0]
I/LOG_TAG (  249): [PNN] [getAllEonsNames] OPL_LAC2[2]=[0]
I/LOG_TAG (  249): [PNN] [getAllEonsNames] OPL_INDEX[2]=[0]
I/LOG_TAG (  249): [PNN] [getAllEonsNames] OPL_MCCMNC[3]=[null]
I/LOG_TAG (  249): [PNN] [getAllEonsNames] OPL_LAC1[3]=[0]
I/LOG_TAG (  249): [PNN] [getAllEonsNames] OPL_LAC2[3]=[0]
I/LOG_TAG (  249): [PNN] [getAllEonsNames] OPL_INDEX[3]=[0]
I/LOG_TAG (  249): [PNN] [getAllEonsNames] OPL_MCCMNC[4]=[null]
I/LOG_TAG (  249): [PNN] [getAllEonsNames] OPL_LAC1[4]=[0]
I/LOG_TAG (  249): [PNN] [getAllEonsNames] OPL_LAC2[4]=[0]
I/LOG_TAG (  249): [PNN] [getAllEonsNames] OPL_INDEX[4]=[0]
I/DBG_WSS_DM(15889): [wssTelephonyData.java Line:153] getInstance PHONE_TYPE_GSM
D/SntpClient(  176): request time failed: java.net.SocketTimeoutException: Try again
D/GpsLocationProvider(  176): requestTime failed
I/LOG_TAG (  249): [PNN] [getAllEonsNames] OPL_MCCMNC[0]=[null]
I/LOG_TAG (  249): [PNN] [getAllEonsNames] OPL_LAC1[0]=[0]
I/LOG_TAG (  249): [PNN] [getAllEonsNames] OPL_LAC2[0]=[0]
I/LOG_TAG (  249): [PNN] [getAllEonsNames] OPL_INDEX[0]=[0]
I/LOG_TAG (  249): [PNN] [getAllEonsNames] OPL_MCCMNC[1]=[null]
I/LOG_TAG (  249): [PNN] [getAllEonsNames] OPL_LAC1[1]=[0]
I/LOG_TAG (  249): [PNN] [getAllEonsNames] OPL_LAC2[1]=[0]
I/LOG_TAG (  249): [PNN] [getAllEonsNames] OPL_INDEX[1]=[0]
I/LOG_TAG (  249): [PNN] [getAllEonsNames] OPL_MCCMNC[2]=[null]
I/LOG_TAG (  249): [PNN] [getAllEonsNames] OPL_LAC1[2]=[0]
I/LOG_TAG (  249): [PNN] [getAllEonsNames] OPL_LAC2[2]=[0]
I/LOG_TAG (  249): [PNN] [getAllEonsNames] OPL_INDEX[2]=[0]
I/LOG_TAG (  249): [PNN] [getAllEonsNames] OPL_MCCMNC[3]=[null]
I/LOG_TAG (  249): [PNN] [getAllEonsNames] OPL_LAC1[3]=[0]
I/LOG_TAG (  249): [PNN] [getAllEonsNames] OPL_LAC2[3]=[0]
I/LOG_TAG (  249): [PNN] [getAllEonsNames] OPL_INDEX[3]=[0]
I/LOG_TAG (  249): [PNN] [getAllEonsNames] OPL_MCCMNC[4]=[null]
I/LOG_TAG (  249): [PNN] [getAllEonsNames] OPL_LAC1[4]=[0]
I/LOG_TAG (  249): [PNN] [getAllEonsNames] OPL_LAC2[4]=[0]
I/LOG_TAG (  249): [PNN] [getAllEonsNames] OPL_INDEX[4]=[0]
I/DBG_WSS_DM(15889): [wssTelephonyData.java Line:153] getInstance PHONE_TYPE_GSM
D/SntpClient(  176): request time failed: java.net.SocketTimeoutException: Try again
D/GpsLocationProvider(  176): requestTime failed
V/WifiStateTracker(  176): Changing supplicant state: COMPLETED ==> COMPLETED
D/SntpClient(  176): request time failed: java.net.SocketTimeoutException: Try again
D/GpsLocationProvider(  176): requestTime failed
D/SntpClient(  176): request time failed: java.net.SocketTimeoutException: Try again
D/GpsLocationProvider(  176): requestTime failed
D/SntpClient(  176): request time failed: java.net.SocketTimeoutException: Try again
D/GpsLocationProvider(  176): requestTime failed
D/EnergySaver(15915): energy saver is disabled
I/EnergySaver(15915): Energy Saver Off - Do Nothing!
D/SntpClient(  176): request time failed: java.net.SocketTimeoutException: Try again
D/GpsLocationProvider(  176): requestTime failed
I/EventLogService( 9830): Aggregate from 1398015853240 (log), 1398015853240 (data)
D/SntpClient(  176): request time failed: java.net.SocketTimeoutException: Try again
D/GpsLocationProvider(  176): requestTime failed
V/WifiStateTracker(  176): Changing supplicant state: COMPLETED ==> COMPLETED
D/SntpClient(  176): request time failed: java.net.SocketTimeoutException: Try again
D/GpsLocationProvider(  176): requestTime failed
D/SntpClient(  176): request time failed: java.net.SocketTimeoutException: Try again
D/GpsLocationProvider(  176): requestTime failed
I/InputDispatcher(  176): Delivering touch to current input target
I/InputDispatcher(  176): Delivering touch to current input target
I/System.out(  176): maximum unlock attempt: 0
I/System.out(  176): password recoverable: false
D/KeyguardViewMediator(  176): setKeyguardEnabled(true)
I/BluetoothService(  176): Intent IT Policy2
D/Tethering(  176): [ActiveSync] onReceive() ACTION_DEVICE_POLICY_MANAGER_STATE_CHANGED intent
D/Tethering(  176): [ActiveSync] internet sharing is NOT blocked
D/Tethering(  176): [ActiveSync] onReceive() Internet sharing is NOT banned any more.
I/InputDispatcher(  176): Delivering touch to current input target
I/InputDispatcher(  176): Delivering touch to current input target
D/KeyguardViewMediator(  176): keyguardDone(true)
D/KeyguardViewMediator(  176): setKeyguardEnabled(true)
I/BluetoothService(  176): Intent IT Policy2
D/Tethering(  176): [ActiveSync] onReceive() ACTION_DEVICE_POLICY_MANAGER_STATE_CHANGED intent
D/Tethering(  176): [ActiveSync] internet sharing is NOT blocked
D/Tethering(  176): [ActiveSync] onReceive() Internet sharing is NOT banned any more.
D/KeyguardViewMediator(  176): handleKeyguardDone
D/KeyguardViewMediator(  176): handleHide
D/KeyguardViewMediator(  176): adjustUserActivityLocked mShowing: false mHidden: false
I/InputDispatcher(  176): Delivering touch to current input target
D/CircleLockScreen(  176): onPause()
D/GlassLockScreenMusicWidget(  176): onPause()
D/GlassLockScreenMusicWidget(  176): stopMarguee()
D/CircleMissedEventWidget(  176): onPause()
D/CircleLockScreen(  176): cleanUp()
D/WallpaperWidget(  176): cleanUp()
D/GlassLockScreenMusicWidget(  176): cleanUp()
D/GlassLockScreenMusicWidget(  176): stopMarguee()
D/CircleMissedEventWidget(  176): cleanUp()
D/CircleLockScreen(  176): cleanUp CircleUnlockView
I/InputDispatcher(  176): Delivering touch to current input target
D/GlassLockScreenMusicWidget(  176): handleStopMarquee()
I/InputDispatcher(  176): Delivering touch to current input target
I/InputDispatcher(  176): Delivering touch to current input target
I/InputDispatcher(  176): Delivering touch to current input target
I/InputDispatcher(  176): Delivering touch to current input target
D/KeyguardViewMediator(  176): handleTimeout
I/InputDispatcher(  176): Delivering touch to current input target
I/InputDispatcher(  176): Delivering touch to current input target
I/InputDispatcher(  176): Delivering touch to current input target
I/InputDispatcher(  176): Delivering touch to current input target
W/dalvikvm(15926): VFY: unable to resolve virtual method 9048: Lcom/glassdoor/app/AbstractAppPauseActivity;.isChangingConfigurations ()Z
W/dalvikvm(15926): VFY: unable to resolve direct method 67: Landroid/app/AlertDialog$Builder;.<init> (Landroid/content/Context;I)V
W/dalvikvm(15926): VFY: unable to resolve virtual method 89: Landroid/app/Application;.registerActivityLifecycleCallbacks (Landroid/app/Application$ActivityLifecycleCallbacks;)V
I/Crashlytics(15926): Initializing Crashlytics 1.1.5.4
W/dalvikvm(15926): VFY: unable to resolve direct method 67: Landroid/app/AlertDialog$Builder;.<init> (Landroid/content/Context;I)V
D/android-app-pause(15926): mBoundCount incremented to 1
D/Glassdoor(15926): Not registered. Opening Registration/Login screen
W/ResourceType(15926): Skipping entry 0x7f0200e1 in package table 0 because it is not complex!
W/ResourceType(15926): Skipping entry 0x7f0200e1 in package table 0 because it is not complex!
W/ResourceType(15926): Skipping entry 0x7f0200e1 in package table 0 because it is not complex!
W/ResourceType(15926): Skipping entry 0x7f0200e1 in package table 0 because it is not complex!
W/ResourceType(15926): Skipping entry 0x7f0200e1 in package table 0 because it is not complex!
D/androidNlpServiceThread( 9830): adding listener com.google.android.location.internal.client.NetworkLocationClient$1@406cf960 with period 86400
D/androidNetworkLocationListeners( 9830): Still have listener com.google.android.location.internal.client.NetworkLocationClient$1@406cf960
D/androidNlpServiceThread( 9830): adding listener com.google.android.location.internal.client.NetworkLocationClient$1@406cf960 with period 86400
D/androidNetworkLocationListeners( 9830): Still have listener com.google.android.location.internal.client.NetworkLocationClient$1@406cf960
E/wpa_supplicant(12891): Ongoing Scan action...
D/android-app-pause(15926): mBoundCount incremented to 2
I/GAV2    (15926): Thread[main,5,main]: setting appName to com.glassdoor.app
W/GAV2    (15926): Thread[main,5,main]: Need to call initialize() and be in fallback mode to start dispatch.
D/Glassdoor(15926): APIPing Callback
D/Glassdoor(15926): ping api - onResultsFetch - ({"status":"OK","success":true,"jsessionid":"54CBBF1746B5C92123A01B7213DF7ED0"})
D/Glassdoor(15926): Ping API - onComplete
D/Glassdoor(15926): [GDApplication] - Performing silent login...
D/Glassdoor(15926): Ping API Success
D/android-app-pause(15926): Changing Config: 0
D/android-app-pause(15926): mBoundCount decremented to 1
D/Glassdoor(15926): APIConfig Callback
D/Glassdoor(15926): config api - onResultsFetch - ()
D/Glassdoor(15926): Config API - onComplete
D/Glassdoor(15926): [GD Application] showAppirater = false
D/Glassdoor(15926): [GD Application] showBPTW = true
D/Glassdoor(15926): Config API Success
D/WifiLocator( 9830): Good cache hits. Computing WiFi location locally hasLocation=5 noLocation=0 cacheMiss=1
D/WifiLocator( 9830): Computing location using MaxLre.
D/WifiLocator( 9830): Finished computing WiFi location: WifiLocationResult [position=Position [redacted], confidence=80, outliers=[]]
D/CellLocator( 9830): Primary cell miss in cache. Need server request.
D/NetworkLocator( 9830): New location significantly newer than previous. Reporting it.
D/androidNlpServiceThread( 9830): reporting Location[mProvider=network,mTime=1398018604468,mLatitude=-8.0395983,mLongitude=-34.954023,mHasAltitude=false,mAltitude=0.0,mHasSpeed=false,mSpeed=0.0,mHasBearing=false,mBearing=0.0,mHasAccuracy=true,mAccuracy=23.0,mExtras=Bundle[{networkLocationSource=cached, networkLocationType=wifi}]]
I/System.out( 9830): [INFO:102845629]: LogSource: Running flush
I/System.out( 9830): [INFO:102845634]: LogSource: Sending payload [bytes=632]
D/ClientReporter( 9830): reported location
I/System.out( 9830): [INFO:102845675]: LogSource: Running flush
I/System.out( 9830): [INFO:102845677]: LogSource: Sending payload [bytes=254]
I/System.out( 9830): [INFO:102846466]: LogSource: Response [http=200,length=235]
I/System.out( 9830): [INFO:102846468]: LogSource: Read id 8, status code 200
D/Glassdoor(15926): GDSearchActivity - Address null, Pernambuco
D/Glassdoor(15926): doing UPDATE_ADDRESS
I/System.out( 9830): [INFO:102846539]: LogSource: Response [http=200,length=297]
I/System.out( 9830): [INFO:102846541]: LogSource: Read id 7, status code 200
D/WifiLocator( 9830): Too many no-location APs. Will not compute a location nor go to the server. hasLocation=0 noLocation=0 cacheMiss=0
D/CellLocator( 9830): Found cell location: Position [redacted]
D/androidNlpServiceThread( 9830): reporting Location[mProvider=network,mTime=1398018605431,mLatitude=-8.0391798,mLongitude=-34.9527646,mHasAltitude=false,mAltitude=0.0,mHasSpeed=false,mSpeed=0.0,mHasBearing=false,mBearing=0.0,mHasAccuracy=true,mAccuracy=1221.0,mExtras=Bundle[{networkLocationSource=cached, networkLocationType=cell}]]
D/Glassdoor(15926): Updating address to null, Pernambuco
D/ClientReporter( 9830): reported location
D/Glassdoor(15926): APISpotlight Callback
D/Glassdoor(15926): Spotlight API - onResultsFetch
D/Glassdoor(15926): SharedPrefUtil::getSavedJobs took: 0 ms
D/Glassdoor(15926): Found 10 Spotlight companies
W/GAV2    (15926): Thread[GAThread,5,main]: Service unavailable (code=1), will retry.
I/GAV2    (15926): Thread[GAThread,5,main]: No campaign data found.
D/Glassdoor(15926): Already got the location
W/GAV2    (15926): Thread[Service Reconnect,5,main]: Service unavailable (code=1), using local store.
I/InputDispatcher(  176): Delivering touch to current input target
I/InputDispatcher(  176): Delivering touch to current input target
I/InputDispatcher(  176): Delivering touch to current input target
I/InputDispatcher(  176): Delivering touch to current input target
V/onEvaluateInputViewShown()(  244):  in inputmethodservice value = 1
V/onEvaluateInputViewShown()(  244):  in inputmethodservice value = 1
I/InputDispatcher(  176): Delivering touch to current input target
I/InputDispatcher(  176): Delivering touch to current input target
V/onEvaluateInputViewShown()(  244):  in inputmethodservice value = 1
V/onEvaluateInputViewShown()(  244):  in inputmethodservice value = 1
I/InputDispatcher(  176): Delivering touch to current input target
I/InputDispatcher(  176): Delivering touch to current input target
V/onEvaluateInputViewShown()(  244):  in inputmethodservice value = 1
V/onEvaluateInputViewShown()(  244):  in inputmethodservice value = 1
V/onEvaluateInputViewShown()(  244):  in inputmethodservice value = 1
V/onEvaluateInputViewShown()(  244):  in inputmethodservice value = 1
I/InputDispatcher(  176): Delivering touch to current input target
I/InputDispatcher(  176): Delivering touch to current input target
I/InputDispatcher(  176): Delivering touch to current input target
I/InputDispatcher(  176): Delivering touch to current input target
I/InputDispatcher(  176): Delivering touch to current input target
I/InputDispatcher(  176): Delivering touch to current input target
I/InputDispatcher(  176): Delivering touch to current input target
I/InputDispatcher(  176): Delivering touch to current input target
I/InputDispatcher(  176): Delivering touch to current input target
I/InputDispatcher(  176): Delivering touch to current input target
I/InputDispatcher(  176): Delivering touch to current input target
I/InputDispatcher(  176): Delivering touch to current input target
I/InputDispatcher(  176): Delivering touch to current input target
I/InputDispatcher(  176): Delivering touch to current input target
D/Glassdoor(15926): Searching...
D/androidNlpServiceThread( 9830): adding listener com.google.android.location.internal.client.NetworkLocationClient$1@406cf960 with period 86400
D/androidNetworkLocationListeners( 9830): Still have listener com.google.android.location.internal.client.NetworkLocationClient$1@406cf960
E/dalvikvm( 9830): No free temp registers
E/dalvikvm( 9830): Jit: aborting trace compilation, reverting to interpreter
D/WifiLocator( 9830): Good cache hits. Computing WiFi location locally hasLocation=6 noLocation=0 cacheMiss=0
D/WifiLocator( 9830): Computing location using MaxLre.
D/WifiLocator( 9830): Finished computing WiFi location: WifiLocationResult [position=Position [redacted], confidence=80, outliers=[]]
D/CellLocator( 9830): Found cell location: Position [redacted]
D/androidNlpServiceThread( 9830): reporting Location[mProvider=network,mTime=1398018633416,mLatitude=-8.0395787,mLongitude=-34.9540208,mHasAltitude=false,mAltitude=0.0,mHasSpeed=false,mSpeed=0.0,mHasBearing=false,mBearing=0.0,mHasAccuracy=true,mAccuracy=24.0,mExtras=Bundle[{networkLocationSource=cached, networkLocationType=wifi}]]
D/ClientReporter( 9830): reported location
W/ResourceType(15926): Skipping entry 0x7f020100 in package table 0 because it is not complex!
W/ResourceType(15926): Skipping entry 0x7f020100 in package table 0 because it is not complex!
W/ResourceType(15926): Skipping entry 0x7f020100 in package table 0 because it is not complex!
W/ResourceType(15926): Skipping entry 0x7f020100 in package table 0 because it is not complex!
W/ResourceType(15926): Skipping entry 0x7f020100 in package table 0 because it is not complex!
D/android-app-pause(15926): mBoundCount incremented to 2
D/android-app-pause(15926): Changing Config: 0
D/android-app-pause(15926): mBoundCount decremented to 1
D/Glassdoor(15926): APISearchCompany Callback
D/Glassdoor(15926): onResultsFetch - ()
D/Glassdoor(15926): Company Search Results onFirstSuccess
D/Glassdoor(15926): Company Search Results onComplete
D/Glassdoor(15926): Loaded 3 companies
D/Glassdoor(15926): Search Companies Results loaded
D/NetworkResourceLoader(15926): Requesting: http://media.glassdoor.com/sqll/434048/lego-systems-squarelogo.png
D/NetworkResourceLoader(15926): Requesting: http://media.glassdoor.com/sqll/3944/lego-squarelogo.png
I/InputDispatcher(  176): Delivering touch to current input target
I/InputDispatcher(  176): Delivering touch to current input target
W/dalvikvm(15926): VFY: unable to resolve virtual method 9345: Lcom/glassdoor/app/GDBaseSlidingActivity;.isChangingConfigurations ()Z
W/dalvikvm(15926): VFY: unable to resolve direct method 67: Landroid/app/AlertDialog$Builder;.<init> (Landroid/content/Context;I)V
V/SlidingMenu(15926): left margin60
D/Glassdoor(15926): called doReviewAPI flip=true
D/Glassdoor(15926): Setting flipper to 1
D/android-app-pause(15926): mBoundCount incremented to 2
V/CustomViewAbove(15926): scrolling right to 0
V/CustomViewAbove(15926): scrolling right to 0
V/CustomViewAbove(15926): scrolling right to 0
D/android-app-pause(15926): Changing Config: 0
D/android-app-pause(15926): mBoundCount decremented to 1
D/Glassdoor(15926): APIEmpReviewSearch Callback
D/Glassdoor(15926): onResultsFetch - ()
D/Glassdoor(15926): Review Search Results onFirstSuccess
D/Glassdoor(15926): Trying to fill CEO...
D/Glassdoor(15926): Review Search Results onComplete
D/Glassdoor(15926): Review size 10
D/Glassdoor(15926): Search Emp Reviews Results loaded
V/CustomViewAbove(15926): scrolling right to 0
I/InputDispatcher(  176): Delivering touch to current input target
I/InputDispatcher(  176): Delivering touch to current input target
I/InputDispatcher(  176): Delivering touch to current input target
I/InputDispatcher(  176): Delivering touch to current input target
I/InputDispatcher(  176): Delivering touch to current input target
I/InputDispatcher(  176): Delivering touch to current input target
I/InputDispatcher(  176): Delivering touch to current input target
I/InputDispatcher(  176): Delivering touch to current input target
D/Glassdoor(15926): This Review: {"headline":"Great Company to Work For","newReviewFlag":false,"seniorLeadershipRating":4,"recommendToFriend":true,"location":"Chandler, AZ","lengthOfEmployment":"for more than a year","totalHelpfulCount":0,"overallNumeric":4,"compensationAndBenefitsRating":5,"helpfulCount":0,"currentJob":false,"businessOutlook":"Staying the Same","pros":"Get to work with LEGO, interact with kids. Promote from within","careerOpportunitiesRating":4,"id":3948602,"notHelpfulCount":0,"jobInformation":"I worked at LEGO full-time for more than a year","reviewDateTime":"2014-03-27 02:21:43.677","cultureAndValuesRating":5,"workLifeBalanceRating":3,"overall":"Satisfied","advice":"Offer some explanation to staff about major changes,","jobTitle":"Employee","cons":"Managers seem to fly in and out","employmentStatus":"full-time"}
D/Glassdoor(15926): Search Results loaded
D/android-app-pause(15926): mBoundCount incremented to 2
D/android-app-pause(15926): Changing Config: 0
D/android-app-pause(15926): mBoundCount decremented to 1
I/InputDispatcher(  176): Delivering touch to current input target
I/InputDispatcher(  176): Delivering touch to current input target
D/InputReader(  176): Input event: value=1
I/InputDispatcher(  176): Delivering key to current input target
D/InputReader(  176): Input event: value=0
I/InputDispatcher(  176): Delivering key to current input target
D/android-app-pause(15926): mBoundCount incremented to 2
D/android-app-pause(15926): Changing Config: 0
D/android-app-pause(15926): mBoundCount decremented to 1
I/InputDispatcher(  176): Delivering touch to current input target
I/InputDispatcher(  176): Delivering touch to current input target
I/InputDispatcher(  176): Delivering touch to current input target
I/InputDispatcher(  176): Delivering touch to current input target
D/Glassdoor(15926): This Review: {"headline":"Brick Specialist","newReviewFlag":false,"seniorLeadershipRating":4,"location":"","lengthOfEmployment":"","totalHelpfulCount":0,"overallNumeric":4,"compensationAndBenefitsRating":2,"helpfulCount":0,"currentJob":false,"pros":"Meet many different types of people from all over the world.  Great management and employees.  Very understanding about your school schedule.","careerOpportunitiesRating":2,"id":3767135,"notHelpfulCount":0,"jobInformation":"I worked at LEGO","reviewDateTime":"2014-02-25 19:24:03.127","cultureAndValuesRating":3,"workLifeBalanceRating":4,"overall":"Satisfied","advice":"","jobTitle":"Employee","cons":"On your feet all day and sometimes the people are rude.  Not too much room for growth or pay raises.","employmentStatus":""}
D/Glassdoor(15926): Search Results loaded
D/android-app-pause(15926): mBoundCount incremented to 2
D/android-app-pause(15926): Changing Config: 0
D/android-app-pause(15926): mBoundCount decremented to 1
D/InputReader(  176): Input event: value=1
I/InputDispatcher(  176): Delivering key to current input target
D/InputReader(  176): Input event: value=0
I/InputDispatcher(  176): Delivering key to current input target
D/android-app-pause(15926): mBoundCount incremented to 2
D/android-app-pause(15926): Changing Config: 0
D/android-app-pause(15926): mBoundCount decremented to 1
I/InputDispatcher(  176): Delivering touch to current input target
I/InputDispatcher(  176): Delivering touch to current input target
I/InputDispatcher(  176): Delivering touch to current input target
I/InputDispatcher(  176): Delivering touch to current input target
I/InputDispatcher(  176): Delivering touch to current input target
I/InputDispatcher(  176): Delivering touch to current input target
I/InputDispatcher(  176): Delivering touch to current input target
I/InputDispatcher(  176): Delivering touch to current input target
I/InputDispatcher(  176): Delivering touch to current input target
I/InputDispatcher(  176): Delivering touch to current input target
I/InputDispatcher(  176): Delivering touch to current input target
I/InputDispatcher(  176): Delivering touch to current input target
I/InputDispatcher(  176): Delivering touch to current input target
I/InputDispatcher(  176): Delivering touch to current input target
D/Glassdoor(15926): This Review: {"headline":"Fun but demanding for a low salary job.","newReviewFlag":false,"seniorLeadershipRating":0,"location":"","lengthOfEmployment":"","totalHelpfulCount":0,"overallNumeric":2,"ceoRating":"","compensationAndBenefitsRating":0,"helpfulCount":0,"currentJob":false,"pros":"Seeing all the happy, excited faces for the product. The product is of good quality and will last for years. Plus it is very creative.","careerOpportunitiesRating":0,"id":3433043,"notHelpfulCount":0,"jobInformation":"I worked at LEGO","reviewDateTime":"2013-12-17 19:30:18.263","cultureAndValuesRating":0,"workLifeBalanceRating":0,"overall":"Dissatisfied","advice":"Understand it's a business, but the entire retail staff needs better pay for expectations.","jobTitle":"Employee","cons":"Where do I start... Demanding. Long hours for management. Having to deal with irate customers over a product that is just a toy. High Expectations of a staff that made about $9 an hour.  No benefits for non-management staff.","employmentStatus":"","ceoApproval":""}
D/Glassdoor(15926): Search Results loaded
D/android-app-pause(15926): mBoundCount incremented to 2
D/android-app-pause(15926): Changing Config: 0
D/android-app-pause(15926): mBoundCount decremented to 1
I/InputDispatcher(  176): Delivering touch to current input target
I/InputDispatcher(  176): Delivering touch to current input target
I/LOG_TAG (  249): [PNN] [getAllEonsNames] OPL_MCCMNC[0]=[null]
I/LOG_TAG (  249): [PNN] [getAllEonsNames] OPL_LAC1[0]=[0]
I/LOG_TAG (  249): [PNN] [getAllEonsNames] OPL_LAC2[0]=[0]
I/LOG_TAG (  249): [PNN] [getAllEonsNames] OPL_INDEX[0]=[0]
I/LOG_TAG (  249): [PNN] [getAllEonsNames] OPL_MCCMNC[1]=[null]
I/LOG_TAG (  249): [PNN] [getAllEonsNames] OPL_LAC1[1]=[0]
I/LOG_TAG (  249): [PNN] [getAllEonsNames] OPL_LAC2[1]=[0]
I/LOG_TAG (  249): [PNN] [getAllEonsNames] OPL_INDEX[1]=[0]
I/LOG_TAG (  249): [PNN] [getAllEonsNames] OPL_MCCMNC[2]=[null]
I/LOG_TAG (  249): [PNN] [getAllEonsNames] OPL_LAC1[2]=[0]
I/LOG_TAG (  249): [PNN] [getAllEonsNames] OPL_LAC2[2]=[0]
I/LOG_TAG (  249): [PNN] [getAllEonsNames] OPL_INDEX[2]=[0]
I/LOG_TAG (  249): [PNN] [getAllEonsNames] OPL_MCCMNC[3]=[null]
I/LOG_TAG (  249): [PNN] [getAllEonsNames] OPL_LAC1[3]=[0]
I/LOG_TAG (  249): [PNN] [getAllEonsNames] OPL_LAC2[3]=[0]
I/LOG_TAG (  249): [PNN] [getAllEonsNames] OPL_INDEX[3]=[0]
I/LOG_TAG (  249): [PNN] [getAllEonsNames] OPL_MCCMNC[4]=[null]
I/LOG_TAG (  249): [PNN] [getAllEonsNames] OPL_LAC1[4]=[0]
I/LOG_TAG (  249): [PNN] [getAllEonsNames] OPL_LAC2[4]=[0]
I/LOG_TAG (  249): [PNN] [getAllEonsNames] OPL_INDEX[4]=[0]
I/DBG_WSS_DM(15889): [wssTelephonyData.java Line:153] getInstance PHONE_TYPE_GSM
I/LOG_TAG (  249): [PNN] [getAllEonsNames] OPL_MCCMNC[0]=[null]
I/LOG_TAG (  249): [PNN] [getAllEonsNames] OPL_LAC1[0]=[0]
I/LOG_TAG (  249): [PNN] [getAllEonsNames] OPL_LAC2[0]=[0]
I/LOG_TAG (  249): [PNN] [getAllEonsNames] OPL_INDEX[0]=[0]
I/LOG_TAG (  249): [PNN] [getAllEonsNames] OPL_MCCMNC[1]=[null]
I/LOG_TAG (  249): [PNN] [getAllEonsNames] OPL_LAC1[1]=[0]
I/LOG_TAG (  249): [PNN] [getAllEonsNames] OPL_LAC2[1]=[0]
I/LOG_TAG (  249): [PNN] [getAllEonsNames] OPL_INDEX[1]=[0]
I/LOG_TAG (  249): [PNN] [getAllEonsNames] OPL_MCCMNC[2]=[null]
I/LOG_TAG (  249): [PNN] [getAllEonsNames] OPL_LAC1[2]=[0]
I/LOG_TAG (  249): [PNN] [getAllEonsNames] OPL_LAC2[2]=[0]
I/LOG_TAG (  249): [PNN] [getAllEonsNames] OPL_INDEX[2]=[0]
I/LOG_TAG (  249): [PNN] [getAllEonsNames] OPL_MCCMNC[3]=[null]
I/LOG_TAG (  249): [PNN] [getAllEonsNames] OPL_LAC1[3]=[0]
I/LOG_TAG (  249): [PNN] [getAllEonsNames] OPL_LAC2[3]=[0]
I/LOG_TAG (  249): [PNN] [getAllEonsNames] OPL_INDEX[3]=[0]
I/LOG_TAG (  249): [PNN] [getAllEonsNames] OPL_MCCMNC[4]=[null]
I/LOG_TAG (  249): [PNN] [getAllEonsNames] OPL_LAC1[4]=[0]
I/LOG_TAG (  249): [PNN] [getAllEonsNames] OPL_LAC2[4]=[0]
I/LOG_TAG (  249): [PNN] [getAllEonsNames] OPL_INDEX[4]=[0]
I/DBG_WSS_DM(15889): [wssTelephonyData.java Line:153] getInstance PHONE_TYPE_GSM
I/InputDispatcher(  176): Delivering touch to current input target
I/InputDispatcher(  176): Delivering touch to current input target
D/InputReader(  176): Input event: value=1
I/InputDispatcher(  176): Delivering key to current input target
D/InputReader(  176): Input event: value=0
I/InputDispatcher(  176): Delivering key to current input target
D/android-app-pause(15926): mBoundCount incremented to 2
D/android-app-pause(15926): Changing Config: 0
D/android-app-pause(15926): mBoundCount decremented to 1
I/InputDispatcher(  176): Delivering touch to current input target
I/InputDispatcher(  176): Delivering touch to current input target
I/InputDispatcher(  176): Delivering touch to current input target
I/InputDispatcher(  176): Delivering touch to current input target
I/InputDispatcher(  176): Delivering touch to current input target
I/InputDispatcher(  176): Delivering touch to current input target
I/InputDispatcher(  176): Delivering touch to current input target
I/InputDispatcher(  176): Delivering touch to current input target
D/Glassdoor(15926): This Review: {"headline":"It's all in who you know...","newReviewFlag":false,"seniorLeadershipRating":1,"recommendToFriend":true,"location":"Los Angeles, CA","lengthOfEmployment":"for more than 3 years","totalHelpfulCount":0,"overallNumeric":2,"compensationAndBenefitsRating":3,"helpfulCount":0,"currentJob":false,"businessOutlook":"Staying the Same","pros":"-Great products and easy to sell.\r\n-Growing company\r\n-Loyal customers \r\n-LEGO has a great set of core values","careerOpportunitiesRating":2,"id":3165807,"notHelpfulCount":0,"jobInformation":"I worked at LEGO full-time for more than 3 years","reviewDateTime":"2013-10-10 14:58:04.943","cultureAndValuesRating":2,"workLifeBalanceRating":2,"overall":"Dissatisfied","advice":"LEGO Corporate in Denmark really needs to take a look at the current US retail leadership as most of them are too comfortable and really don't treat their employees very well.","jobTitle":"Employee","cons":"-LEGO US management is a very closed circle, they are like a good ol' boys club.\r\n-Female leadership is non existent.\r\n-Payroll % is among this worst in the retail industry.\r\n-Metric goals for most stores are unrealistic.\r\n-LEGO HR does not follow policies consistently.","employmentStatus":"full-time"}
D/Glassdoor(15926): Search Results loaded
D/android-app-pause(15926): mBoundCount incremented to 2
D/android-app-pause(15926): Changing Config: 0
D/android-app-pause(15926): mBoundCount decremented to 1
I/LOG_TAG (  249): [PNN] [getAllEonsNames] OPL_MCCMNC[0]=[null]
I/LOG_TAG (  249): [PNN] [getAllEonsNames] OPL_LAC1[0]=[0]
I/LOG_TAG (  249): [PNN] [getAllEonsNames] OPL_LAC2[0]=[0]
I/LOG_TAG (  249): [PNN] [getAllEonsNames] OPL_INDEX[0]=[0]
I/LOG_TAG (  249): [PNN] [getAllEonsNames] OPL_MCCMNC[1]=[null]
I/LOG_TAG (  249): [PNN] [getAllEonsNames] OPL_LAC1[1]=[0]
I/LOG_TAG (  249): [PNN] [getAllEonsNames] OPL_LAC2[1]=[0]
I/LOG_TAG (  249): [PNN] [getAllEonsNames] OPL_INDEX[1]=[0]
I/LOG_TAG (  249): [PNN] [getAllEonsNames] OPL_MCCMNC[2]=[null]
I/LOG_TAG (  249): [PNN] [getAllEonsNames] OPL_LAC1[2]=[0]
I/LOG_TAG (  249): [PNN] [getAllEonsNames] OPL_LAC2[2]=[0]
I/LOG_TAG (  249): [PNN] [getAllEonsNames] OPL_INDEX[2]=[0]
I/LOG_TAG (  249): [PNN] [getAllEonsNames] OPL_MCCMNC[3]=[null]
I/LOG_TAG (  249): [PNN] [getAllEonsNames] OPL_LAC1[3]=[0]
I/LOG_TAG (  249): [PNN] [getAllEonsNames] OPL_LAC2[3]=[0]
I/LOG_TAG (  249): [PNN] [getAllEonsNames] OPL_INDEX[3]=[0]
I/LOG_TAG (  249): [PNN] [getAllEonsNames] OPL_MCCMNC[4]=[null]
I/LOG_TAG (  249): [PNN] [getAllEonsNames] OPL_LAC1[4]=[0]
I/LOG_TAG (  249): [PNN] [getAllEonsNames] OPL_LAC2[4]=[0]
I/LOG_TAG (  249): [PNN] [getAllEonsNames] OPL_INDEX[4]=[0]
I/DBG_WSS_DM(15889): [wssTelephonyData.java Line:153] getInstance PHONE_TYPE_GSM
I/InputDispatcher(  176): Delivering touch to current input target
I/InputDispatcher(  176): Delivering touch to current input target
D/InputReader(  176): Input event: value=1
I/InputDispatcher(  176): Delivering key to current input target
D/InputReader(  176): Input event: value=0
I/InputDispatcher(  176): Delivering key to current input target
D/android-app-pause(15926): mBoundCount incremented to 2
D/android-app-pause(15926): Changing Config: 0
D/android-app-pause(15926): mBoundCount decremented to 1
I/InputDispatcher(  176): Delivering touch to current input target
I/InputDispatcher(  176): Delivering touch to current input target
D/Glassdoor(15926): calling interviews first time
D/Glassdoor(15926): flipping interviews
D/Glassdoor(15926): Setting flipper to 2
V/CustomViewAbove(15926): scrolling right to 0
D/SntpClient(  176): request time failed: java.net.SocketTimeoutException: Try again
D/GpsLocationProvider(  176): requestTime failed
D/Glassdoor(15926): APIEmployerInterviewSearch Callback
D/Glassdoor(15926): onResultsFetch - ()
D/Glassdoor(15926): Interview Search Results onFirstSuccess
D/Glassdoor(15926): Interview Search Results onComplete
D/Glassdoor(15926): Search Emp Interviews Results loaded
V/CustomViewAbove(15926): scrolling right to 0
V/CustomViewAbove(15926): scrolling right to 0
I/InputDispatcher(  176): Delivering touch to current input target
I/InputDispatcher(  176): Delivering touch to current input target
I/InputDispatcher(  176): Delivering touch to current input target
I/InputDispatcher(  176): Delivering touch to current input target
I/InputDispatcher(  176): Delivering touch to current input target
I/InputDispatcher(  176): Delivering touch to current input target
I/InputDispatcher(  176): Delivering touch to current input target
I/InputDispatcher(  176): Delivering touch to current input target
I/InputDispatcher(  176): Delivering touch to current input target
I/InputDispatcher(  176): Delivering touch to current input target
I/InputDispatcher(  176): Delivering touch to current input target
