D/BatteryService(  176): update start
D/BatteryService(  176): update start
D/BatteryService(  176): update start
D/BatteryService(  176): update start
D/BatteryService(  176): update start
D/BatteryService(  176): update start
D/BatteryService(  176): update start
D/BatteryService(  176): update start
D/BatteryService(  176): update start
D/BatteryService(  176): update start
D/BatteryService(  176): update start
D/BatteryService(  176): update start
D/BatteryService(  176): update start
D/BatteryService(  176): update start
D/BatteryService(  176): update start
I/Gmail   (15664): MainSyncRequestProto: lowestBkwdConvoId: 0, highestHandledServerOp: 3644919, normalSync: true
I/Gmail   (15664): MainSyncRequestProto: lowestBkwdConvoId: 0, highestHandledServerOp: 3644962, normalSync: true
I/Gmail   (15664): MainSyncRequestProto: lowestBkwdConvoId: 0, highestHandledServerOp: 3644984, normalSync: true
I/Gmail   (15664): Sending notification intent: Intent { act=android.intent.action.PROVIDER_CHANGED dat=content://gmail-ls/unread/^iim (has extras) }
I/Gmail   (15664): Aborting broadcast of intent Intent { act=android.intent.action.PROVIDER_CHANGED dat=content://gmail-ls/unread/^iim (has extras) }, mDisplayedLabel is ^i
I/Gmail   (15664): MainSyncRequestProto: lowestBkwdConvoId: 0, highestHandledServerOp: 3644984, normalSync: true
I/Gmail   (15664): MainSyncRequestProto: lowestBkwdConvoId: 0, highestHandledServerOp: 3644984, normalSync: true
D/BatteryService(  176): update start
D/BatteryService(  176): update start
D/BatteryService(  176): update start
D/BatteryService(  176): update start
D/BatteryService(  176): update start
D/BatteryService(  176): update start
I/InputDispatcher(  176): Delivering touch to current input target
I/InputDispatcher(  176): Delivering touch to current input target
I/ActivityManager(  176): Starting: from pid 15664
I/InputDispatcher(  176): Delivering touch to current input target
I/InputDispatcher(  176): Delivering touch to current input target
D/BatteryService(  176): update start
D/BatteryService(  176): update start
D/BatteryService(  176): update start
I/InputDispatcher(  176): Delivering touch to current input target
I/InputDispatcher(  176): Delivering touch to current input target
I/InputDispatcher(  176): Delivering touch to current input target
I/InputDispatcher(  176): Delivering touch to current input target
I/LOG_TAG (  249): [PNN] [getAllEonsNames] OPL_MCCMNC[0]=[null]
I/LOG_TAG (  249): [PNN] [getAllEonsNames] OPL_LAC1[0]=[0]
I/LOG_TAG (  249): [PNN] [getAllEonsNames] OPL_LAC2[0]=[0]
I/LOG_TAG (  249): [PNN] [getAllEonsNames] OPL_INDEX[0]=[0]
I/LOG_TAG (  249): [PNN] [getAllEonsNames] OPL_MCCMNC[1]=[null]
I/LOG_TAG (  249): [PNN] [getAllEonsNames] OPL_LAC1[1]=[0]
I/LOG_TAG (  249): [PNN] [getAllEonsNames] OPL_LAC2[1]=[0]
I/LOG_TAG (  249): [PNN] [getAllEonsNames] OPL_INDEX[1]=[0]
I/LOG_TAG (  249): [PNN] [getAllEonsNames] OPL_MCCMNC[2]=[null]
I/LOG_TAG (  249): [PNN] [getAllEonsNames] OPL_LAC1[2]=[0]
I/LOG_TAG (  249): [PNN] [getAllEonsNames] OPL_LAC2[2]=[0]
I/LOG_TAG (  249): [PNN] [getAllEonsNames] OPL_INDEX[2]=[0]
I/LOG_TAG (  249): [PNN] [getAllEonsNames] OPL_MCCMNC[3]=[null]
I/LOG_TAG (  249): [PNN] [getAllEonsNames] OPL_LAC1[3]=[0]
I/LOG_TAG (  249): [PNN] [getAllEonsNames] OPL_LAC2[3]=[0]
I/LOG_TAG (  249): [PNN] [getAllEonsNames] OPL_INDEX[3]=[0]
I/LOG_TAG (  249): [PNN] [getAllEonsNames] OPL_MCCMNC[4]=[null]
I/LOG_TAG (  249): [PNN] [getAllEonsNames] OPL_LAC1[4]=[0]
I/LOG_TAG (  249): [PNN] [getAllEonsNames] OPL_LAC2[4]=[0]
I/LOG_TAG (  249): [PNN] [getAllEonsNames] OPL_INDEX[4]=[0]
I/DBG_WSS_DM(16086): [wssTelephonyData.java Line:153] getInstance PHONE_TYPE_GSM
I/InputDispatcher(  176): Delivering touch to current input target
I/InputDispatcher(  176): Delivering touch to current input target
I/InputDispatcher(  176): Delivering touch to current input target
I/InputDispatcher(  176): Delivering touch to current input target
I/InputDispatcher(  176): Delivering touch to current input target
I/InputDispatcher(  176): Delivering touch to current input target
I/InputDispatcher(  176): Delivering touch to current input target
I/InputDispatcher(  176): Delivering touch to current input target
D/InputReader(  176): Input event: value=1
I/InputDispatcher(  176): Delivering key to current input target
D/InputReader(  176): Input event: value=0
I/InputDispatcher(  176): Delivering key to current input target
D/BatteryService(  176): update start
D/BatteryService(  176): update start
D/BatteryService(  176): update start
I/Gmail   (15664): Sending notification intent: Intent { act=android.intent.action.PROVIDER_CHANGED dat=content://gmail-ls/unread/^iim (has extras) }
D/InputReader(  176): Input event: value=1
I/InputDispatcher(  176): Delivering key to current input target
D/InputReader(  176): Input event: value=0
I/InputDispatcher(  176): Delivering key to current input target
I/InputDispatcher(  176): Delivering key to current input target
D/InputReader(  176): Input event: value=1
I/InputDispatcher(  176): Delivering key to current input target
D/InputReader(  176): Input event: value=0
I/InputDispatcher(  176): Delivering key to current input target
D/InputReader(  176): Input event: value=1
I/InputDispatcher(  176): Delivering key to current input target
D/InputReader(  176): Input event: value=0
I/InputDispatcher(  176): Delivering key to current input target
D/InputReader(  176): Input event: value=1
D/InputReader(  176): Input event: value=0
D/InputReader(  176): Input event: value=1
W/dalvikvm(16260): VFY: unable to resolve virtual method 9345: Lcom/glassdoor/app/GDBaseSlidingActivity;.isChangingConfigurations ()Z
W/dalvikvm(16260): VFY: unable to resolve direct method 67: Landroid/app/AlertDialog$Builder;.<init> (Landroid/content/Context;I)V
D/InputReader(  176): Input event: value=0
V/SlidingMenu(16260): left margin60
D/Glassdoor(16260): called doReviewAPI flip=true
W/dalvikvm(16260): VFY: unable to resolve direct method 67: Landroid/app/AlertDialog$Builder;.<init> (Landroid/content/Context;I)V
D/Glassdoor(16260): Setting flipper to 1
E/ActivityThread(16260): Failed to find provider info for com.facebook.katana.provider.AttributionIdProvider
D/android-app-pause(16260): mBoundCount incremented to 1
I/GAV2    (16260): Thread[main,5,main]: setting appName to com.glassdoor.app
W/GAV2    (16260): Thread[main,5,main]: Need to call initialize() and be in fallback mode to start dispatch.
I/InputDispatcher(  176): Delivering key to current input target
V/CustomViewAbove(16260): scrolling right to 0
V/CustomViewAbove(16260): scrolling right to 0
I/InputDispatcher(  176): Delivering key to current input target
V/CustomViewAbove(16260): scrolling right to 0
W/dalvikvm(16260): VFY: unable to resolve virtual method 9048: Lcom/glassdoor/app/AbstractAppPauseActivity;.isChangingConfigurations ()Z
W/dalvikvm(16260): VFY: unable to resolve direct method 67: Landroid/app/AlertDialog$Builder;.<init> (Landroid/content/Context;I)V
W/ResourceType(16260): Skipping entry 0x7f020100 in package table 0 because it is not complex!
W/ResourceType(16260): Skipping entry 0x7f020100 in package table 0 because it is not complex!
W/ResourceType(16260): Skipping entry 0x7f020100 in package table 0 because it is not complex!
W/ResourceType(16260): Skipping entry 0x7f020100 in package table 0 because it is not complex!
W/ResourceType(16260): Skipping entry 0x7f020100 in package table 0 because it is not complex!
D/android-app-pause(16260): mBoundCount incremented to 2
I/InputDispatcher(  176): Delivering key to current input target
I/InputDispatcher(  176): Delivering key to current input target
D/androidNlpServiceThread( 9830): adding listener com.google.android.location.internal.client.NetworkLocationClient$1@406cf960 with period 86400
D/androidNetworkLocationListeners( 9830): Still have listener com.google.android.location.internal.client.NetworkLocationClient$1@406cf960
D/androidNlpServiceThread( 9830): adding listener com.google.android.location.internal.client.NetworkLocationClient$1@406cf960 with period 86400
D/androidNetworkLocationListeners( 9830): Still have listener com.google.android.location.internal.client.NetworkLocationClient$1@406cf960
E/wpa_supplicant(12891): Ongoing Scan action...
D/android-app-pause(16260): mBoundCount incremented to 3
D/android-app-pause(16260): Changing Config: 0
D/android-app-pause(16260): mBoundCount decremented to 2
D/android-app-pause(16260): Changing Config: 0
D/android-app-pause(16260): mBoundCount decremented to 1
D/Glassdoor(16260): APISearchCompany Callback
D/Glassdoor(16260): onResultsFetch - ()
D/Glassdoor(16260): Company Search Results onFirstSuccess
D/Glassdoor(16260): Company Search Results onComplete
D/Glassdoor(16260): Loaded 3 companies
D/Glassdoor(16260): Search Companies Results loaded
D/Glassdoor(16260): APIEmpReviewSearch Callback
D/Glassdoor(16260): onResultsFetch - ()
D/Glassdoor(16260): APIPing Callback
D/Glassdoor(16260): ping api - onResultsFetch - ({"status":"OK","success":true,"jsessionid":"54CBBF1746B5C92123A01B7213DF7ED0"})
D/Glassdoor(16260): Review Search Results onFirstSuccess
D/Glassdoor(16260): Trying to fill CEO...
D/Glassdoor(16260): Review Search Results onComplete
D/Glassdoor(16260): Review size 10
D/Glassdoor(16260): Search Emp Reviews Results loaded
D/Glassdoor(16260): Ping API - onComplete
D/Glassdoor(16260): [GDApplication] - Performing silent login...
D/Glassdoor(16260): Ping API Success
D/Glassdoor(16260): APIConfig Callback
D/Glassdoor(16260): config api - onResultsFetch - ()
D/Glassdoor(16260): Config API - onComplete
D/Glassdoor(16260): [GD Application] showAppirater = false
D/Glassdoor(16260): [GD Application] showBPTW = true
D/Glassdoor(16260): Config API Success
D/WifiLocator( 9830): Good cache hits. Computing WiFi location locally hasLocation=5 noLocation=0 cacheMiss=0
D/WifiLocator( 9830): Computing location using MaxLre.
D/WifiLocator( 9830): Finished computing WiFi location: WifiLocationResult [position=Position [redacted], confidence=80, outliers=[]]
D/CellLocator( 9830): Found cell location: Position [redacted]
D/androidNlpServiceThread( 9830): reporting Location[mProvider=network,mTime=1398020985500,mLatitude=-8.0395908,mLongitude=-34.954039,mHasAltitude=false,mAltitude=0.0,mHasSpeed=false,mSpeed=0.0,mHasBearing=false,mBearing=0.0,mHasAccuracy=true,mAccuracy=22.0,mExtras=Bundle[{networkLocationSource=cached, networkLocationType=wifi}]]
D/ClientReporter( 9830): reported location
W/dalvikvm(16027): VFY: unable to resolve virtual method 2302: Landroid/location/Location;.isFromMockProvider ()Z
I/System.out( 9830): [INFO:105226732]: LogSource: Running flush
I/System.out( 9830): [INFO:105226735]: LogSource: Sending payload [bytes=254]
W/GAV2    (16260): Thread[GAThread,5,main]: Service unavailable (code=1), will retry.
I/GAV2    (16260): Thread[GAThread,5,main]: No campaign data found.
I/System.out( 9830): [INFO:105227340]: LogSource: Response [http=200,length=236]
I/System.out( 9830): [INFO:105227342]: LogSource: Read id 9, status code 200
D/Glassdoor(16260): GDSearchActivity - Address null, Pernambuco
D/Glassdoor(16260): doing UPDATE_ADDRESS
D/Glassdoor(16260): Updating address to null, Pernambuco
D/BatteryService(  176): update start
D/BatteryService(  176): update start
D/BatteryService(  176): update start
D/Glassdoor(16260): APISpotlight Callback
D/Glassdoor(16260): Spotlight API - onResultsFetch
D/Glassdoor(16260): SharedPrefUtil::getSavedJobs took: 0 ms
D/Glassdoor(16260): Found 10 Spotlight companies
D/Glassdoor(16260): Already got the location
W/GAV2    (16260): Thread[Service Reconnect,5,main]: Service unavailable (code=1), using local store.
D/BatteryService(  176): update start
D/BatteryService(  176): update start
D/BatteryService(  176): update start
D/BatteryService(  176): update start
D/BatteryService(  176): update start
D/BatteryService(  176): update start
I/Gmail   (15664): MainSyncRequestProto: lowestBkwdConvoId: 0, highestHandledServerOp: 3644984, normalSync: true
I/Gmail   (15664): MainSyncRequestProto: lowestBkwdConvoId: 0, highestHandledServerOp: 3644987, normalSync: true
I/Gmail   (15664): MainSyncRequestProto: lowestBkwdConvoId: 0, highestHandledServerOp: 1619138, normalSync: true
I/Gmail   (15664): MainSyncRequestProto: lowestBkwdConvoId: 0, highestHandledServerOp: 1619156, normalSync: true
I/Gmail   (15664): MainSyncRequestProto: lowestBkwdConvoId: 0, highestHandledServerOp: 3644987, normalSync: true
I/Gmail   (15664): MainSyncRequestProto: lowestBkwdConvoId: 0, highestHandledServerOp: 3645021, normalSync: true
D/BatteryService(  176): update start
D/BatteryService(  176): update start
D/BatteryService(  176): update start
D/BatteryService(  176): update start
D/BatteryService(  176): update start
D/BatteryService(  176): update start
D/BatteryService(  176): update start
D/BatteryService(  176): update start
D/BatteryService(  176): update start
D/BatteryService(  176): update start
D/BatteryService(  176): update start
D/BatteryService(  176): update start
D/BatteryService(  176): update start
D/BatteryService(  176): update start
I/LOG_TAG (  249): [PNN] [getAllEonsNames] OPL_MCCMNC[0]=[null]
I/LOG_TAG (  249): [PNN] [getAllEonsNames] OPL_LAC1[0]=[0]
I/LOG_TAG (  249): [PNN] [getAllEonsNames] OPL_LAC2[0]=[0]
I/LOG_TAG (  249): [PNN] [getAllEonsNames] OPL_INDEX[0]=[0]
I/LOG_TAG (  249): [PNN] [getAllEonsNames] OPL_MCCMNC[1]=[null]
I/LOG_TAG (  249): [PNN] [getAllEonsNames] OPL_LAC1[1]=[0]
I/LOG_TAG (  249): [PNN] [getAllEonsNames] OPL_LAC2[1]=[0]
I/LOG_TAG (  249): [PNN] [getAllEonsNames] OPL_INDEX[1]=[0]
I/LOG_TAG (  249): [PNN] [getAllEonsNames] OPL_MCCMNC[2]=[null]
I/LOG_TAG (  249): [PNN] [getAllEonsNames] OPL_LAC1[2]=[0]
I/LOG_TAG (  249): [PNN] [getAllEonsNames] OPL_LAC2[2]=[0]
I/LOG_TAG (  249): [PNN] [getAllEonsNames] OPL_INDEX[2]=[0]
I/LOG_TAG (  249): [PNN] [getAllEonsNames] OPL_MCCMNC[3]=[null]
I/LOG_TAG (  249): [PNN] [getAllEonsNames] OPL_LAC1[3]=[0]
I/LOG_TAG (  249): [PNN] [getAllEonsNames] OPL_LAC2[3]=[0]
I/LOG_TAG (  249): [PNN] [getAllEonsNames] OPL_INDEX[3]=[0]
I/LOG_TAG (  249): [PNN] [getAllEonsNames] OPL_MCCMNC[4]=[null]
I/LOG_TAG (  249): [PNN] [getAllEonsNames] OPL_LAC1[4]=[0]
I/LOG_TAG (  249): [PNN] [getAllEonsNames] OPL_LAC2[4]=[0]
I/LOG_TAG (  249): [PNN] [getAllEonsNames] OPL_INDEX[4]=[0]
D/BatteryService(  176): update start
I/DBG_WSS_DM(16086): [wssTelephonyData.java Line:153] getInstance PHONE_TYPE_GSM
D/BatteryService(  176): update start
D/BatteryService(  176): update start
D/BatteryService(  176): update start
D/BatteryService(  176): update start
D/BatteryService(  176): update start
D/BatteryService(  176): update start
D/BatteryService(  176): update start
D/BatteryService(  176): update start
D/BatteryService(  176): update start
D/BatteryService(  176): update start
D/BatteryService(  176): update start
D/BatteryService(  176): update start
D/BatteryService(  176): update start
D/BatteryService(  176): update start
D/BatteryService(  176): update start
D/BatteryService(  176): update start
D/BatteryService(  176): update start
D/BatteryService(  176): update start
D/BatteryService(  176): update start
D/BatteryService(  176): update start
D/BatteryService(  176): update start
D/BatteryService(  176): update start
D/BatteryService(  176): update start
D/BatteryService(  176): update start
D/BatteryService(  176): update start
D/BatteryService(  176): update start
D/BatteryService(  176): update start
D/BatteryService(  176): update start
D/BatteryService(  176): update start
D/BatteryService(  176): update start
D/BatteryService(  176): update start
D/BatteryService(  176): update start
D/BatteryService(  176): update start
D/BatteryService(  176): update start
D/BatteryService(  176): update start
D/BatteryService(  176): update start
D/BatteryService(  176): update start
D/BatteryService(  176): update start
D/BatteryService(  176): update start
D/SntpClient(  176): request time failed: java.net.SocketTimeoutException: Try again
D/GpsLocationProvider(  176): requestTime failed
D/BatteryService(  176): update start
D/BatteryService(  176): update start
D/BatteryService(  176): update start
D/BatteryService(  176): update start
D/BatteryService(  176): update start
D/BatteryService(  176): update start
D/BatteryService(  176): update start
D/BatteryService(  176): update start
D/BatteryService(  176): update start
D/BatteryService(  176): update start
D/BatteryService(  176): update start
D/BatteryService(  176): update start
D/BatteryService(  176): update start
D/BatteryService(  176): update start
D/BatteryService(  176): update start
D/BatteryService(  176): update start
D/BatteryService(  176): update start
D/BatteryService(  176): update start
I/EventLogService( 9830): Aggregate from 1398019454044 (log), 1398019454044 (data)
D/BatteryService(  176): update start
D/BatteryService(  176): update start
D/BatteryService(  176): update start
D/BatteryService(  176): update start
D/BatteryService(  176): update start
D/BatteryService(  176): update start
D/BatteryService(  176): update start
D/BatteryService(  176): update start
D/BatteryService(  176): update start
D/BatteryService(  176): update start
D/BatteryService(  176): update start
D/BatteryService(  176): update start
D/BatteryService(  176): update start
D/BatteryService(  176): update start
D/BatteryService(  176): update start
D/BatteryService(  176): update start
D/BatteryService(  176): update start
D/BatteryService(  176): update start
D/BatteryService(  176): update start
D/BatteryService(  176): update start
D/BatteryService(  176): update start
D/BatteryService(  176): update start
D/BatteryService(  176): update start
D/BatteryService(  176): update start
D/BatteryService(  176): update start
D/BatteryService(  176): update start
D/BatteryService(  176): update start
D/BatteryService(  176): update start
D/BatteryService(  176): update start
D/BatteryService(  176): update start
D/BatteryService(  176): update start
D/BatteryService(  176): update start
D/BatteryService(  176): update start
D/BatteryService(  176): update start
D/BatteryService(  176): update start
D/BatteryService(  176): update start
D/BatteryService(  176): update start
D/BatteryService(  176): update start
D/BatteryService(  176): update start
D/BatteryService(  176): update start
D/BatteryService(  176): update start
D/BatteryService(  176): update start
D/BatteryService(  176): update start
D/BatteryService(  176): update start
D/BatteryService(  176): update start
D/BatteryService(  176): update start
D/BatteryService(  176): update start
D/BatteryService(  176): update start
D/BatteryService(  176): update start
D/BatteryService(  176): update start
D/BatteryService(  176): update start
D/BatteryService(  176): update start
D/BatteryService(  176): update start
D/BatteryService(  176): update start
D/BatteryService(  176): update start
D/BatteryService(  176): update start
D/BatteryService(  176): update start
D/BatteryService(  176): update start
D/BatteryService(  176): update start
D/BatteryService(  176): update start
D/BatteryService(  176): update start
D/BatteryService(  176): update start
D/BatteryService(  176): update start
D/BatteryService(  176): update start
D/BatteryService(  176): update start
D/BatteryService(  176): update start
D/BatteryService(  176): update start
D/BatteryService(  176): update start
D/BatteryService(  176): update start
D/BatteryService(  176): update start
D/BatteryService(  176): update start
D/BatteryService(  176): update start
D/BatteryService(  176): update start
D/BatteryService(  176): update start
D/BatteryService(  176): update start
D/SntpClient(  176): request time failed: java.net.SocketTimeoutException: Try again
D/GpsLocationProvider(  176): requestTime failed
D/BatteryService(  176): update start
D/BatteryService(  176): update start
D/BatteryService(  176): update start
D/BatteryService(  176): update start
D/BatteryService(  176): update start
D/BatteryService(  176): update start
D/BatteryService(  176): update start
D/BatteryService(  176): update start
D/BatteryService(  176): update start
D/BatteryService(  176): update start
D/BatteryService(  176): update start
D/BatteryService(  176): update start
D/BatteryService(  176): update start
D/BatteryService(  176): update start
D/BatteryService(  176): update start
D/BatteryService(  176): update start
D/BatteryService(  176): update start
D/BatteryService(  176): update start
I/GoogleHttpClient(16027): Falling back to old http client 0 java.lang.NoSuchMethodException: egs(Context,String,boolean)
D/BatteryService(  176): update start
D/BatteryService(  176): update start
D/BatteryService(  176): update start
D/BatteryService(  176): update start
D/BatteryService(  176): update start
D/BatteryService(  176): update start
D/BatteryService(  176): update start
D/BatteryService(  176): update start
D/BatteryService(  176): update start
D/BatteryService(  176): update start
D/BatteryService(  176): update start
D/BatteryService(  176): update start
D/BatteryService(  176): update start
D/BatteryService(  176): update start
D/BatteryService(  176): update start
D/BatteryService(  176): update start
D/BatteryService(  176): update start
D/BatteryService(  176): update start
D/BatteryService(  176): update start
D/BatteryService(  176): update start
D/BatteryService(  176): update start
D/BatteryService(  176): update start
D/BatteryService(  176): update start
D/BatteryService(  176): update start
V/WifiStateTracker(  176): Changing supplicant state: COMPLETED ==> COMPLETED
D/BatteryService(  176): update start
D/BatteryService(  176): update start
D/BatteryService(  176): update start
D/BatteryService(  176): update start
D/BatteryService(  176): update start
D/BatteryService(  176): update start
D/BatteryService(  176): update start
D/BatteryService(  176): update start
D/BatteryService(  176): update start
D/BatteryService(  176): update start
D/BatteryService(  176): update start
D/BatteryService(  176): update start
D/BatteryService(  176): update start
D/BatteryService(  176): update start
D/BatteryService(  176): update start
D/BatteryService(  176): update start
D/BatteryService(  176): update start
D/BatteryService(  176): update start
D/BatteryService(  176): update start
D/BatteryService(  176): update start
D/BatteryService(  176): update start
D/BatteryService(  176): update start
D/BatteryService(  176): update start
D/BatteryService(  176): update start
D/BatteryService(  176): update start
D/BatteryService(  176): update start
D/BatteryService(  176): update start
D/BatteryService(  176): update start
D/BatteryService(  176): update start
D/BatteryService(  176): update start
D/BatteryService(  176): update start
D/BatteryService(  176): update start
D/BatteryService(  176): update start
D/BatteryService(  176): update start
D/BatteryService(  176): update start
D/BatteryService(  176): update start
D/BatteryService(  176): update start
D/BatteryService(  176): update start
D/BatteryService(  176): update start
D/BatteryService(  176): update start
D/BatteryService(  176): update start
D/BatteryService(  176): update start
D/BatteryService(  176): update start
D/BatteryService(  176): update start
D/BatteryService(  176): update start
D/BatteryService(  176): update start
D/BatteryService(  176): update start
D/BatteryService(  176): update start
D/BatteryService(  176): update start
D/BatteryService(  176): update start
D/BatteryService(  176): update start
D/SntpClient(  176): request time failed: java.net.SocketTimeoutException: Try again
D/GpsLocationProvider(  176): requestTime failed
D/BatteryService(  176): update start
D/BatteryService(  176): update start
D/BatteryService(  176): update start
D/BatteryService(  176): update start
D/BatteryService(  176): update start
D/BatteryService(  176): update start
D/BatteryService(  176): update start
D/BatteryService(  176): update start
D/BatteryService(  176): update start
D/BatteryService(  176): update start
D/BatteryService(  176): update start
D/BatteryService(  176): update start
D/BatteryService(  176): update start
D/BatteryService(  176): update start
D/BatteryService(  176): update start
D/BatteryService(  176): update start
D/BatteryService(  176): update start
D/BatteryService(  176): update start
D/BatteryService(  176): update start
D/BatteryService(  176): update start
D/BatteryService(  176): update start
D/BatteryService(  176): update start
D/BatteryService(  176): update start
D/BatteryService(  176): update start
D/BatteryService(  176): update start
D/BatteryService(  176): update start
D/BatteryService(  176): update start
D/BatteryService(  176): update start
D/BatteryService(  176): update start
D/BatteryService(  176): update start
I/LOG_TAG (  249): [PNN] [getAllEonsNames] OPL_MCCMNC[0]=[null]
I/LOG_TAG (  249): [PNN] [getAllEonsNames] OPL_LAC1[0]=[0]
I/LOG_TAG (  249): [PNN] [getAllEonsNames] OPL_LAC2[0]=[0]
I/LOG_TAG (  249): [PNN] [getAllEonsNames] OPL_INDEX[0]=[0]
I/LOG_TAG (  249): [PNN] [getAllEonsNames] OPL_MCCMNC[1]=[null]
I/LOG_TAG (  249): [PNN] [getAllEonsNames] OPL_LAC1[1]=[0]
I/LOG_TAG (  249): [PNN] [getAllEonsNames] OPL_LAC2[1]=[0]
I/LOG_TAG (  249): [PNN] [getAllEonsNames] OPL_INDEX[1]=[0]
I/LOG_TAG (  249): [PNN] [getAllEonsNames] OPL_MCCMNC[2]=[null]
I/LOG_TAG (  249): [PNN] [getAllEonsNames] OPL_LAC1[2]=[0]
I/LOG_TAG (  249): [PNN] [getAllEonsNames] OPL_LAC2[2]=[0]
I/LOG_TAG (  249): [PNN] [getAllEonsNames] OPL_INDEX[2]=[0]
I/LOG_TAG (  249): [PNN] [getAllEonsNames] OPL_MCCMNC[3]=[null]
I/LOG_TAG (  249): [PNN] [getAllEonsNames] OPL_LAC1[3]=[0]
I/LOG_TAG (  249): [PNN] [getAllEonsNames] OPL_LAC2[3]=[0]
I/LOG_TAG (  249): [PNN] [getAllEonsNames] OPL_INDEX[3]=[0]
I/LOG_TAG (  249): [PNN] [getAllEonsNames] OPL_MCCMNC[4]=[null]
I/LOG_TAG (  249): [PNN] [getAllEonsNames] OPL_LAC1[4]=[0]
I/LOG_TAG (  249): [PNN] [getAllEonsNames] OPL_LAC2[4]=[0]
I/LOG_TAG (  249): [PNN] [getAllEonsNames] OPL_INDEX[4]=[0]
I/DBG_WSS_DM(16086): [wssTelephonyData.java Line:153] getInstance PHONE_TYPE_GSM
D/BatteryService(  176): update start
D/BatteryService(  176): update start
D/BatteryService(  176): update start
D/BatteryService(  176): update start
D/BatteryService(  176): update start
D/BatteryService(  176): update start
D/BatteryService(  176): update start
D/BatteryService(  176): update start
D/BatteryService(  176): update start
D/BatteryService(  176): update start
D/BatteryService(  176): update start
D/BatteryService(  176): update start
D/BatteryService(  176): update start
D/BatteryService(  176): update start
D/BatteryService(  176): update start
D/BatteryService(  176): update start
D/BatteryService(  176): update start
D/BatteryService(  176): update start
D/BatteryService(  176): update start
D/BatteryService(  176): update start
D/BatteryService(  176): update start
D/BatteryService(  176): update start
D/BatteryService(  176): update start
D/BatteryService(  176): update start
D/BatteryService(  176): update start
D/BatteryService(  176): update start
D/BatteryService(  176): update start
D/BatteryService(  176): update start
D/BatteryService(  176): update start
D/BatteryService(  176): update start
D/BatteryService(  176): update start
D/BatteryService(  176): update start
D/BatteryService(  176): update start
D/BatteryService(  176): update start
D/BatteryService(  176): update start
D/BatteryService(  176): update start
D/BatteryService(  176): update start
D/BatteryService(  176): update start
D/BatteryService(  176): update start
D/BatteryService(  176): update start
D/BatteryService(  176): update start
D/BatteryService(  176): update start
D/BatteryService(  176): update start
D/BatteryService(  176): update start
D/BatteryService(  176): update start
D/BatteryService(  176): update start
D/BatteryService(  176): update start
D/BatteryService(  176): update start
D/BatteryService(  176): update start
D/BatteryService(  176): update start
D/BatteryService(  176): update start
D/BatteryService(  176): update start
D/BatteryService(  176): update start
D/BatteryService(  176): update start
D/BatteryService(  176): update start
D/BatteryService(  176): update start
D/BatteryService(  176): update start
D/BatteryService(  176): update start
D/BatteryService(  176): update start
D/BatteryService(  176): update start
D/BatteryService(  176): update start
D/BatteryService(  176): update start
D/BatteryService(  176): update start
D/SntpClient(  176): request time failed: java.net.SocketTimeoutException: Try again
D/GpsLocationProvider(  176): requestTime failed
D/BatteryService(  176): update start
D/BatteryService(  176): update start
D/BatteryService(  176): update start
D/BatteryService(  176): update start
D/BatteryService(  176): update start
D/BatteryService(  176): update start
D/BatteryService(  176): update start
D/BatteryService(  176): update start
D/BatteryService(  176): update start
D/BatteryService(  176): update start
D/BatteryService(  176): update start
D/BatteryService(  176): update start
D/BatteryService(  176): update start
D/BatteryService(  176): update start
D/BatteryService(  176): update start
D/BatteryService(  176): update start
D/BatteryService(  176): update start
D/BatteryService(  176): update start
D/BatteryService(  176): update start
D/BatteryService(  176): update start
D/BatteryService(  176): update start
D/BatteryService(  176): update start
D/BatteryService(  176): update start
D/BatteryService(  176): update start
D/BatteryService(  176): update start
D/BatteryService(  176): update start
D/BatteryService(  176): update start
D/BatteryService(  176): update start
D/BatteryService(  176): update start
D/BatteryService(  176): update start
D/BatteryService(  176): update start
D/BatteryService(  176): update start
D/BatteryService(  176): update start
D/BatteryService(  176): update start
D/BatteryService(  176): update start
D/BatteryService(  176): update start
D/BatteryService(  176): update start
D/BatteryService(  176): update start
D/BatteryService(  176): update start
D/BatteryService(  176): update start
D/BatteryService(  176): update start
D/BatteryService(  176): update start
D/BatteryService(  176): update start
D/BatteryService(  176): update start
D/BatteryService(  176): update start
D/BatteryService(  176): update start
D/BatteryService(  176): update start
D/BatteryService(  176): update start
D/BatteryService(  176): update start
D/BatteryService(  176): update start
D/BatteryService(  176): update start
D/BatteryService(  176): update start
D/BatteryService(  176): update start
D/BatteryService(  176): update start
D/BatteryService(  176): update start
D/BatteryService(  176): update start
D/BatteryService(  176): update start
D/BatteryService(  176): update start
D/BatteryService(  176): update start
D/BatteryService(  176): update start
D/BatteryService(  176): update start
D/BatteryService(  176): update start
D/BatteryService(  176): update start
D/BatteryService(  176): update start
D/BatteryService(  176): update start
D/BatteryService(  176): update start
D/BatteryService(  176): update start
D/BatteryService(  176): update start
D/BatteryService(  176): update start
D/BatteryService(  176): update start
D/BatteryService(  176): update start
D/BatteryService(  176): update start
D/BatteryService(  176): update start
D/BatteryService(  176): update start
D/BatteryService(  176): update start
D/BatteryService(  176): update start
D/BatteryService(  176): update start
D/BatteryService(  176): update start
D/BatteryService(  176): update start
D/BatteryService(  176): update start
D/BatteryService(  176): update start
D/BatteryService(  176): update start
D/BatteryService(  176): update start
D/BatteryService(  176): update start
D/BatteryService(  176): update start
D/BatteryService(  176): update start
D/BatteryService(  176): update start
D/BatteryService(  176): update start
D/BatteryService(  176): update start
D/BatteryService(  176): update start
D/BatteryService(  176): update start
D/BatteryService(  176): update start
D/BatteryService(  176): update start
D/SntpClient(  176): request time failed: java.net.SocketTimeoutException: Try again
D/GpsLocationProvider(  176): requestTime failed
D/BatteryService(  176): update start
D/BatteryService(  176): update start
D/BatteryService(  176): update start
D/BatteryService(  176): update start
D/BatteryService(  176): update start
D/BatteryService(  176): update start
I/InputDispatcher(  176): Delivering touch to current input target
I/InputDispatcher(  176): Delivering touch to current input target
V/onEvaluateInputViewShown()(  244):  in inputmethodservice value = 1
V/onEvaluateInputViewShown()(  244):  in inputmethodservice value = 1
I/InputDispatcher(  176): Delivering touch to current input target
I/InputDispatcher(  176): Delivering touch to current input target
V/onEvaluateInputViewShown()(  244):  in inputmethodservice value = 1
V/onEvaluateInputViewShown()(  244):  in inputmethodservice value = 1
I/InputDispatcher(  176): Delivering touch to current input target
I/InputDispatcher(  176): Delivering touch to current input target
V/onEvaluateInputViewShown()(  244):  in inputmethodservice value = 1
V/onEvaluateInputViewShown()(  244):  in inputmethodservice value = 1
I/InputDispatcher(  176): Delivering touch to current input target
I/InputDispatcher(  176): Delivering touch to current input target
V/onEvaluateInputViewShown()(  244):  in inputmethodservice value = 1
V/onEvaluateInputViewShown()(  244):  in inputmethodservice value = 1
V/onEvaluateInputViewShown()(  244):  in inputmethodservice value = 1
V/onEvaluateInputViewShown()(  244):  in inputmethodservice value = 1
I/InputDispatcher(  176): Delivering touch to current input target
I/InputDispatcher(  176): Delivering touch to current input target
V/onEvaluateInputViewShown()(  244):  in inputmethodservice value = 1
V/onEvaluateInputViewShown()(  244):  in inputmethodservice value = 1
I/InputDispatcher(  176): Delivering touch to current input target
I/InputDispatcher(  176): Delivering touch to current input target
I/InputDispatcher(  176): Delivering touch to current input target
I/InputDispatcher(  176): Delivering touch to current input target
I/InputDispatcher(  176): Delivering touch to current input target
I/InputDispatcher(  176): Delivering touch to current input target
I/InputDispatcher(  176): Delivering touch to current input target
I/InputDispatcher(  176): Delivering touch to current input target
I/InputDispatcher(  176): Delivering touch to current input target
I/InputDispatcher(  176): Delivering touch to current input target
I/InputDispatcher(  176): Delivering touch to current input target
I/InputDispatcher(  176): Delivering touch to current input target
I/InputDispatcher(  176): Delivering touch to current input target
I/InputDispatcher(  176): Delivering touch to current input target
D/BatteryService(  176): update start
D/BatteryService(  176): update start
D/BatteryService(  176): update start
I/InputDispatcher(  176): Delivering touch to current input target
I/InputDispatcher(  176): Delivering touch to current input target
D/Glassdoor(16260): Searching...
I/ActivityManager(  176): Starting: from pid 16260
D/androidNlpServiceThread( 9830): adding listener com.google.android.location.internal.client.NetworkLocationClient$1@406cf960 with period 86400
D/androidNetworkLocationListeners( 9830): Still have listener com.google.android.location.internal.client.NetworkLocationClient$1@406cf960
D/GpsLocationProvider(  176): GPS status listener died
W/ResourceType(16260): Skipping entry 0x7f020100 in package table 0 because it is not complex!
W/ResourceType(16260): Skipping entry 0x7f020100 in package table 0 because it is not complex!
W/ResourceType(16260): Skipping entry 0x7f020100 in package table 0 because it is not complex!
W/ResourceType(16260): Skipping entry 0x7f020100 in package table 0 because it is not complex!
W/ResourceType(16260): Skipping entry 0x7f020100 in package table 0 because it is not complex!
V/SlidingMenu(16260): left margin60
D/android-app-pause(16260): mBoundCount incremented to 2
V/CustomViewAbove(16260): scrolling right to 0
V/CustomViewAbove(16260): scrolling right to 0
V/CustomViewAbove(16260): scrolling right to 0
D/android-app-pause(16260): Changing Config: 0
D/android-app-pause(16260): mBoundCount decremented to 1
I/InputDispatcher(  176): Delivering touch to current input target
I/InputDispatcher(  176): Delivering touch to current input target
V/CustomViewAbove(16260): scrolling right to 0
D/android-app-pause(16260): mBoundCount incremented to 2
D/Glassdoor(16260): APISearchJob Callback
D/Glassdoor(16260): onResultsFetch - ()
D/Glassdoor(16260): Using last known address
D/Glassdoor(16260): Last known address: null, Pernambuco
D/Glassdoor(16260): Last searched address: Amsterdam
D/Glassdoor(16260): Updating address to null, Pernambuco
D/Glassdoor(16260): Job API/Adapter - Search Results onFirstSuccess
D/Glassdoor(16260): Job API/Adapter - Search Results onComplete
D/Glassdoor(16260): Search Jobs Results loaded
V/CustomViewAbove(16260): scrolling right to 0
D/android-app-pause(16260): Changing Config: 0
D/android-app-pause(16260): mBoundCount decremented to 1
I/InputDispatcher(  176): Delivering touch to current input target
I/InputDispatcher(  176): Delivering touch to current input target
V/onEvaluateInputViewShown()(  244):  in inputmethodservice value = 1
V/onEvaluateInputViewShown()(  244):  in inputmethodservice value = 1
D/Glassdoor(16260): APISpotlight Callback
D/Glassdoor(16260): Spotlight API - onResultsFetch
D/Glassdoor(16260): SharedPrefUtil::getSavedJobs took: 0 ms
D/Glassdoor(16260): Found 10 Spotlight companies
I/InputDispatcher(  176): Delivering touch to current input target
I/InputDispatcher(  176): Delivering touch to current input target
V/onEvaluateInputViewShown()(  244):  in inputmethodservice value = 1
V/onEvaluateInputViewShown()(  244):  in inputmethodservice value = 1
D/WifiLocator( 9830): Good cache hits. Computing WiFi location locally hasLocation=4 noLocation=0 cacheMiss=0
D/WifiLocator( 9830): Computing location using MaxLre.
D/WifiLocator( 9830): Finished computing WiFi location: WifiLocationResult [position=Position [redacted], confidence=80, outliers=[]]
D/CellLocator( 9830): Primary cell miss in cache. Need server request.
D/NetworkLocator( 9830): New location significantly newer than previous. Reporting it.
D/androidNlpServiceThread( 9830): reporting Location[mProvider=network,mTime=1398022465751,mLatitude=-8.0395907,mLongitude=-34.9539955,mHasAltitude=false,mAltitude=0.0,mHasSpeed=false,mSpeed=0.0,mHasBearing=false,mBearing=0.0,mHasAccuracy=true,mAccuracy=30.0,mExtras=Bundle[{networkLocationSource=cached, networkLocationType=wifi}]]
I/System.out( 9830): [INFO:106706900]: LogSource: Running flush
I/System.out( 9830): [INFO:106706905]: LogSource: Sending payload [bytes=498]
D/ClientReporter( 9830): reported location
I/MultiDex(16301): load(/data/app/com.google.android.gms-1.apk, forceReload=false)
I/InputDispatcher(  176): Delivering touch to current input target
I/InputDispatcher(  176): Delivering touch to current input target
W/KeyCharacterMap(16260): No keyboard for id
W/KeyCharacterMap(16260): Using default keymap
I/MultiDex(16301): Need extracted file /data/data/com.google.android.gms/files/secondary-dexes/com.google.android.gms-1.apk.classes2.zip
I/MultiDex(16301): No extraction needed for /data/data/com.google.android.gms/files/secondary-dexes/com.google.android.gms-1.apk.classes2.zip of size 1626380
D/InputReader(  176): Input event: value=1
I/InputDispatcher(  176): Delivering key to current input target
D/InputReader(  176): Input event: value=0
I/InputDispatcher(  176): Delivering key to current input target
I/System.out( 9830): [INFO:106707990]: LogSource: Response [http=200,length=240]
I/System.out( 9830): [INFO:106708014]: LogSource: Read id 10, status code 200
D/WifiLocator( 9830): Too many no-location APs. Will not compute a location nor go to the server. hasLocation=0 noLocation=0 cacheMiss=0
D/CellLocator( 9830): Found cell location: Position [redacted]
D/androidNlpServiceThread( 9830): reporting Location[mProvider=network,mTime=1398022466910,mLatitude=-8.0357428,mLongitude=-34.9527656,mHasAltitude=false,mAltitude=0.0,mHasSpeed=false,mSpeed=0.0,mHasBearing=false,mBearing=0.0,mHasAccuracy=true,mAccuracy=1487.0,mExtras=Bundle[{networkLocationSource=cached, networkLocationType=cell}]]
D/ClientReporter( 9830): reported location
I/GCoreUlr(16301): DispatchingService.onCreate()
I/MultiDex(16309): load(/data/app/com.google.android.gms-1.apk, forceReload=false)
I/MultiDex(16309): Need extracted file /data/data/com.google.android.gms/files/secondary-dexes/com.google.android.gms-1.apk.classes2.zip
I/MultiDex(16309): No extraction needed for /data/data/com.google.android.gms/files/secondary-dexes/com.google.android.gms-1.apk.classes2.zip of size 1626380
I/InputDispatcher(  176): Delivering touch to current input target
W/dalvikvm(16301): VFY: unable to resolve virtual method 918: Landroid/location/Location;.getElapsedRealtimeNanos ()J
I/InputDispatcher(  176): Delivering touch to current input target
D/Glassdoor(16260): Searching...
W/dalvikvm(16301): VFY: unable to resolve static method 1209: Landroid/os/SystemClock;.elapsedRealtimeNanos ()J
W/dalvikvm(16301): VFY: unable to resolve virtual method 918: Landroid/location/Location;.getElapsedRealtimeNanos ()J
I/ActivityManager(  176): Starting: from pid 16260
E/dalvikvm(16309): Could not find class 'android.database.sqlite.SQLiteCantOpenDatabaseException', referenced from method com.google.android.gms.plus.provider.PlusProvider.a
W/dalvikvm(16309): VFY: unable to resolve instanceof 440 (Landroid/database/sqlite/SQLiteCantOpenDatabaseException;) in Lcom/google/android/gms/plus/provider/PlusProvider;
W/dalvikvm(16301): VFY: unable to resolve virtual method 2306: Landroid/location/Location;.setElapsedRealtimeNanos (J)V
D/SensorManager(16301): ====>>>>>Num Sensor: 1
D/SensorManager(16301): ====>>>>>Num Sensor: 2
D/SensorManager(16301): ====>>>>>Num Sensor: 3
D/SensorManager(16301): ====>>>>>Num Sensor: 4
D/SensorManager(16301): ====>>>>>Num Sensor: 5
D/SensorManager(16301): ====>>>>>Num Sensor: 6
D/SensorManager(16301): ====>>>>>Num Sensor: 0
W/dalvikvm(16309): VFY: unable to resolve virtual method 2582: Landroid/os/Bundle;.getString (Ljava/lang/String;Ljava/lang/String;)Ljava/lang/String;
W/dalvikvm(16309): VFY: unable to resolve static field 953 (THREAD_POOL_EXECUTOR) in Landroid/os/AsyncTask;
E/dalvikvm(16309): Could not find class 'android.app.AppOpsManager', referenced from method box.a
W/dalvikvm(16309): VFY: unable to resolve check-cast 341 (Landroid/app/AppOpsManager;) in Lbox;
W/dalvikvm(16301): Unable to resolve superclass of Lhlg; (241)
W/dalvikvm(16301): Link of class 'Lhlg;' failed
W/dalvikvm(16301): VFY: unable to resolve virtual method 877: Landroid/hardware/SensorManager;.cancelTriggerSensor (Landroid/hardware/TriggerEventListener;Landroid/hardware/Sensor;)Z
W/dalvikvm(16301): Unable to resolve superclass of Lhlg; (241)
W/dalvikvm(16301): Link of class 'Lhlg;' failed
E/dalvikvm(16301): Could not find class 'hlg', referenced from method hlf.a
W/dalvikvm(16301): VFY: unable to resolve new-instance 3935 (Lhlg;) in Lhlf;
W/dalvikvm(16301): VFY: unable to resolve virtual method 394: Landroid/app/AlarmManager;.setExact (IJLandroid/app/PendingIntent;)V
W/ResourceType(16260): Skipping entry 0x7f020100 in package table 0 because it is not complex!
W/ResourceType(16260): Skipping entry 0x7f020100 in package table 0 because it is not complex!
W/ResourceType(16260): Skipping entry 0x7f020100 in package table 0 because it is not complex!
W/ResourceType(16260): Skipping entry 0x7f020100 in package table 0 because it is not complex!
W/ResourceType(16260): Skipping entry 0x7f020100 in package table 0 because it is not complex!
V/SlidingMenu(16260): left margin60
D/android-app-pause(16260): mBoundCount incremented to 2
V/CustomViewAbove(16260): scrolling right to 0
V/CustomViewAbove(16260): scrolling right to 0
D/GCM     ( 9830): GcmService start Intent { act=com.google.android.gms.INITIALIZE pkg=com.google.android.gms cmp=com.google.android.gms/.gcm.GcmService } com.google.android.gms.INITIALIZE
W/dalvikvm(16309): VFY: unable to resolve virtual method 1697: Landroid/app/admin/DevicePolicyManager;.isDeviceOwnerApp (Ljava/lang/String;)Z
D/GCM     ( 9830): GcmService start Intent { act=com.google.android.gms.INITIALIZE pkg=com.google.android.gms cmp=com.google.android.gms/.gcm.GcmService } com.google.android.gms.INITIALIZE
W/ResponseProcessCookies(16260): Invalid cookie header: "Set-Cookie: rs="sc.keyword%3DSenseg%26locT%3D%26locId%3D0%26locKeyword%3D:sc.keyword%3DSenseng%26locT%3D%26locId%3D0%26locKeyword%3D"; Version=1; Max-Age=2592000; Expires=Tue, 20-May-2014 19:34:30 GMT; Path=/". Unable to parse expires attribute: Tue
V/CustomViewAbove(16260): scrolling right to 0
D/Glassdoor(16260): APISearchJob Callback
D/Glassdoor(16260): onResultsFetch - ()
D/android-app-pause(16260): Changing Config: 0
D/android-app-pause(16260): mBoundCount decremented to 1
D/Glassdoor(16260): Job API/Adapter - Search Results onFirstSuccess
D/Glassdoor(16260): Job API/Adapter - Search Results onComplete
D/Glassdoor(16260): Search Jobs Results loaded
W/dalvikvm(16301): VFY: unable to resolve virtual method 2582: Landroid/os/Bundle;.getString (Ljava/lang/String;Ljava/lang/String;)Ljava/lang/String;
W/dalvikvm(16301): VFY: unable to resolve static field 953 (THREAD_POOL_EXECUTOR) in Landroid/os/AsyncTask;
E/dalvikvm(16301): Could not find class 'android.app.AppOpsManager', referenced from method box.a
W/dalvikvm(16301): VFY: unable to resolve check-cast 341 (Landroid/app/AppOpsManager;) in Lbox;
W/dalvikvm(16301): Unable to resolve superclass of Lhzj; (1738)
W/dalvikvm(16301): Link of class 'Lhzj;' failed
W/dalvikvm(16301): VFY: unable to find class referenced in signature (Lhzj;)
D/GeofencerStateMachine(16301): Creating GeofencerStateMachine
W/dalvikvm(16301): Unable to resolve superclass of Lhzj; (1738)
W/dalvikvm(16301): Link of class 'Lhzj;' failed
W/dalvikvm(16301): VFY: unable to find class referenced in signature (Lhzj;)
W/dalvikvm(16301): Unable to resolve superclass of Lhzj; (1738)
W/dalvikvm(16301): Link of class 'Lhzj;' failed
W/dalvikvm(16301): VFY: unable to find class referenced in signature (Lhzj;)
W/dalvikvm(16301): Unable to resolve superclass of Lhzj; (1738)
W/dalvikvm(16301): Link of class 'Lhzj;' failed
W/dalvikvm(16301): VFY: unable to find class referenced in signature (Lhzj;)
W/dalvikvm(16301): Unable to resolve superclass of Lhzj; (1738)
W/dalvikvm(16301): Link of class 'Lhzj;' failed
W/dalvikvm(16301): VFY: unable to resolve static method 22005: Lhzj;.a ()Lhzj;
W/dalvikvm(16301): Unable to resolve superclass of Lhzj; (1738)
W/dalvikvm(16301): Link of class 'Lhzj;' failed
W/dalvikvm(16301): Unable to resolve superclass of Lhzj; (1738)
W/dalvikvm(16301): Link of class 'Lhzj;' failed
W/dalvikvm(16301): Unable to resolve superclass of Lhzj; (1738)
W/dalvikvm(16301): Link of class 'Lhzj;' failed
W/dalvikvm(16301): Unable to resolve superclass of Lhzj; (1738)
W/dalvikvm(16301): Link of class 'Lhzj;' failed
W/dalvikvm(16301): Unable to resolve superclass of Lhzj; (1738)
W/dalvikvm(16301): Link of class 'Lhzj;' failed
W/dalvikvm(16301): VFY: unable to resolve virtual method 22006: Lhzj;.b ()Lhyo;
V/CustomViewAbove(16260): scrolling right to 0
D/BatteryService(  176): update start
D/BatteryService(  176): update start
D/BatteryService(  176): update start
E/dalvikvm(16301): Could not find class 'android.telephony.CellInfo', referenced from method ifb.onCellInfoChanged
W/dalvikvm(16301): VFY: unable to resolve check-cast 345 (Landroid/telephony/CellInfo;) in Lifb;
D/InputReader(  176): Input event: value=1
I/InputDispatcher(  176): Delivering key to current input target
D/InputReader(  176): Input event: value=0
I/InputDispatcher(  176): Delivering key to current input target
D/android-app-pause(16260): mBoundCount incremented to 2
D/android-app-pause(16260): Changing Config: 0
D/android-app-pause(16260): mBoundCount decremented to 1
D/InputReader(  176): Input event: value=1
I/InputDispatcher(  176): Delivering key to current input target
D/InputReader(  176): Input event: value=0
I/InputDispatcher(  176): Delivering key to current input target
V/GeofencerHelper(16301): Initializing geofence's system cache.
V/PlaceSubscriptionManager(16301): Initializing PlaceSubscriptionManager's system cache.
I/GCoreUlr(16301): Received powerMode change from NLP: com.google.android.location.activity.LOW_POWER_MODE_DISABLED
I/GCoreUlr(16301): Starting service, intent=Intent { act=com.google.android.location.reporting.ACTION_UPDATE_ACTIVE_STATE cmp=com.google.android.gms/com.google.android.location.reporting.service.DispatchingService }, extras=null
